85.140.55.66 - - [24/Apr/2026:15:46:09 +0500] "GET /api/v1/profile HTTP/1.1" 200 3961 "-" "SQBMobileApp/2.2.1 (iOS 17.0; iPhone15,3)"
85.140.55.66 - - [24/Apr/2026:15:46:12 +0500] "GET /api/v1/balance HTTP/1.1" 200 3284 "-" "SQBMobileApp/2.2.1 (iOS 17.0; iPhone15,3)"
199.249.230.89 - - [24/Apr/2026:15:48:00 +0500] "POST /api/v1/login HTTP/1.1" 401 392 "-" "Mozilla/5.0 (X11; Linux x86_64) Gecko/20100101 Firefox/121.0"
10.103.172.79 - - [24/Apr/2026:15:50:41 +0500] "GET /login HTTP/1.1" 200 2051 "-" "Mozilla/5.0 (Linux; Android 14) AppleWebKit/537.36 Chrome/120.0"
10.103.172.79 - - [24/Apr/2026:15:50:41 +0500] "GET /favicon.ico HTTP/1.1" 200 1947 "-" "Mozilla/5.0 (Linux; Android 14) AppleWebKit/537.36 Chrome/120.0"
10.103.172.79 - - [24/Apr/2026:15:50:41 +0500] "GET /api/v1/csrf HTTP/1.1" 200 234 "-" "Mozilla/5.0 (Linux; Android 14) AppleWebKit/537.36 Chrome/120.0"
10.103.172.79 - - [24/Apr/2026:15:50:47 +0500] "POST /api/v1/login HTTP/1.1" 200 1847 "-" "Mozilla/5.0 (Linux; Android 14) AppleWebKit/537.36 Chrome/120.0"
10.103.172.79 - - [24/Apr/2026:15:50:51 +0500] "GET /api/v1/transactions HTTP/1.1" 200 4944 "-" "Mozilla/5.0 (Linux; Android 14) AppleWebKit/537.36 Chrome/120.0"
10.103.172.79 - - [24/Apr/2026:15:50:55 +0500] "GET /api/v1/profile HTTP/1.1" 200 4488 "-" "Mozilla/5.0 (Linux; Android 14) AppleWebKit/537.36 Chrome/120.0"
10.103.172.79 - - [24/Apr/2026:15:51:04 +0500] "GET /api/v1/balance HTTP/1.1" 200 849 "-" "Mozilla/5.0 (Linux; Android 14) AppleWebKit/537.36 Chrome/120.0"
10.103.172.79 - - [24/Apr/2026:15:51:15 +0500] "GET /api/v1/balance HTTP/1.1" 200 2332 "-" "Mozilla/5.0 (Linux; Android 14) AppleWebKit/537.36 Chrome/120.0"
10.103.172.79 - - [24/Apr/2026:15:51:22 +0500] "GET /api/v1/balance HTTP/1.1" 200 4809 "-" "Mozilla/5.0 (Linux; Android 14) AppleWebKit/537.36 Chrome/120.0"
10.103.172.79 - - [24/Apr/2026:15:51:25 +0500] "GET /api/v1/balance HTTP/1.1" 200 1186 "-" "Mozilla/5.0 (Linux; Android 14) AppleWebKit/537.36 Chrome/120.0"
10.103.172.79 - - [24/Apr/2026:15:51:27 +0500] "GET /api/v1/transactions HTTP/1.1" 200 4073 "-" "Mozilla/5.0 (Linux; Android 14) AppleWebKit/537.36 Chrome/120.0"
10.103.172.79 - - [24/Apr/2026:15:51:31 +0500] "GET /api/v1/profile HTTP/1.1" 200 933 "-" "Mozilla/5.0 (Linux; Android 14) AppleWebKit/537.36 Chrome/120.0"
10.103.172.79 - - [24/Apr/2026:15:51:40 +0500] "POST /api/v1/transfers HTTP/1.1" 200 972 "-" "Mozilla/5.0 (Linux; Android 14) AppleWebKit/537.36 Chrome/120.0"
10.37.124.227 - - [24/Apr/2026:15:52:16 +0500] "GET /login HTTP/1.1" 200 3732 "-" "Mozilla/5.0 (Windows NT 10.0; Win64; x64) AppleWebKit/537.36"
10.37.124.227 - - [24/Apr/2026:15:52:16 +0500] "GET /static/app.js HTTP/1.1" 200 7233 "-" "Mozilla/5.0 (Windows NT 10.0; Win64; x64) AppleWebKit/537.36"
10.37.124.227 - - [24/Apr/2026:15:52:16 +0500] "GET /api/v1/csrf HTTP/1.1" 200 181 "-" "Mozilla/5.0 (Windows NT 10.0; Win64; x64) AppleWebKit/537.36"
10.37.124.227 - - [24/Apr/2026:15:52:19 +0500] "POST /api/v1/login HTTP/1.1" 200 3303 "-" "Mozilla/5.0 (Windows NT 10.0; Win64; x64) AppleWebKit/537.36"
10.37.124.227 - - [24/Apr/2026:15:52:22 +0500] "GET /api/v1/balance HTTP/1.1" 200 1978 "-" "Mozilla/5.0 (Windows NT 10.0; Win64; x64) AppleWebKit/537.36"
10.37.124.227 - - [24/Apr/2026:15:52:26 +0500] "GET /api/v1/cards HTTP/1.1" 200 2201 "-" "Mozilla/5.0 (Windows NT 10.0; Win64; x64) AppleWebKit/537.36"
10.37.124.227 - - [24/Apr/2026:15:52:32 +0500] "GET /api/v1/cards HTTP/1.1" 200 4975 "-" "Mozilla/5.0 (Windows NT 10.0; Win64; x64) AppleWebKit/537.36"
10.37.124.227 - - [24/Apr/2026:15:52:39 +0500] "GET /api/v1/transactions HTTP/1.1" 200 3042 "-" "Mozilla/5.0 (Windows NT 10.0; Win64; x64) AppleWebKit/537.36"
10.37.124.227 - - [24/Apr/2026:15:52:47 +0500] "GET /api/v1/transactions HTTP/1.1" 200 2518 "-" "Mozilla/5.0 (Windows NT 10.0; Win64; x64) AppleWebKit/537.36"
10.37.124.227 - - [24/Apr/2026:15:52:56 +0500] "GET /api/v1/profile HTTP/1.1" 200 3516 "-" "Mozilla/5.0 (Windows NT 10.0; Win64; x64) AppleWebKit/537.36"
10.217.48.100 - - [24/Apr/2026:15:55:54 +0500] "GET /login HTTP/1.1" 200 3973 "-" "Mozilla/5.0 (iPhone; CPU iPhone OS 17_2 like Mac OS X)"
10.217.48.100 - - [24/Apr/2026:15:55:54 +0500] "GET /static/app.js HTTP/1.1" 200 4748 "-" "Mozilla/5.0 (iPhone; CPU iPhone OS 17_2 like Mac OS X)"
10.217.48.100 - - [24/Apr/2026:15:55:55 +0500] "GET /static/app.css HTTP/1.1" 200 4662 "-" "Mozilla/5.0 (iPhone; CPU iPhone OS 17_2 like Mac OS X)"
10.217.48.100 - - [24/Apr/2026:15:55:55 +0500] "GET /favicon.ico HTTP/1.1" 200 3958 "-" "Mozilla/5.0 (iPhone; CPU iPhone OS 17_2 like Mac OS X)"
10.217.48.100 - - [24/Apr/2026:15:55:55 +0500] "GET /api/v1/csrf HTTP/1.1" 200 173 "-" "Mozilla/5.0 (iPhone; CPU iPhone OS 17_2 like Mac OS X)"
10.217.48.100 - - [24/Apr/2026:15:55:58 +0500] "POST /api/v1/login HTTP/1.1" 200 2038 "-" "Mozilla/5.0 (iPhone; CPU iPhone OS 17_2 like Mac OS X)"
199.249.230.89 - - [24/Apr/2026:15:56:00 +0500] "POST /api/v1/login HTTP/1.1" 401 633 "-" "Mozilla/5.0 (X11; Linux x86_64) Gecko/20100101 Firefox/121.0"
10.217.48.100 - - [24/Apr/2026:15:56:00 +0500] "GET /api/v1/balance HTTP/1.1" 200 1690 "-" "Mozilla/5.0 (iPhone; CPU iPhone OS 17_2 like Mac OS X)"
10.217.48.100 - - [24/Apr/2026:15:56:13 +0500] "GET /api/v1/profile HTTP/1.1" 200 3545 "-" "Mozilla/5.0 (iPhone; CPU iPhone OS 17_2 like Mac OS X)"
10.217.48.100 - - [24/Apr/2026:15:56:21 +0500] "GET /api/v1/cards HTTP/1.1" 200 3160 "-" "Mozilla/5.0 (iPhone; CPU iPhone OS 17_2 like Mac OS X)"
10.217.48.100 - - [24/Apr/2026:15:56:29 +0500] "GET /api/v1/cards HTTP/1.1" 200 3061 "-" "Mozilla/5.0 (iPhone; CPU iPhone OS 17_2 like Mac OS X)"
10.217.48.100 - - [24/Apr/2026:15:56:37 +0500] "POST /api/v1/transfers HTTP/1.1" 200 1199 "-" "Mozilla/5.0 (iPhone; CPU iPhone OS 17_2 like Mac OS X)"
10.24.103.229 - - [24/Apr/2026:15:57:06 +0500] "GET /login HTTP/1.1" 200 3860 "-" "Mozilla/5.0 (Windows NT 10.0; Win64; x64) AppleWebKit/537.36"
10.24.103.229 - - [24/Apr/2026:15:57:06 +0500] "GET /favicon.ico HTTP/1.1" 200 5052 "-" "Mozilla/5.0 (Windows NT 10.0; Win64; x64) AppleWebKit/537.36"
10.24.103.229 - - [24/Apr/2026:15:57:06 +0500] "GET /static/logo.png HTTP/1.1" 200 6531 "-" "Mozilla/5.0 (Windows NT 10.0; Win64; x64) AppleWebKit/537.36"
10.24.103.229 - - [24/Apr/2026:15:57:06 +0500] "GET /static/app.js HTTP/1.1" 200 4925 "-" "Mozilla/5.0 (Windows NT 10.0; Win64; x64) AppleWebKit/537.36"
10.117.173.121 - - [24/Apr/2026:15:57:07 +0500] "GET /login HTTP/1.1" 200 3458 "-" "Mozilla/5.0 (iPhone; CPU iPhone OS 17_2 like Mac OS X)"
10.24.103.229 - - [24/Apr/2026:15:57:07 +0500] "GET /api/v1/csrf HTTP/1.1" 200 234 "-" "Mozilla/5.0 (Windows NT 10.0; Win64; x64) AppleWebKit/537.36"
10.117.173.121 - - [24/Apr/2026:15:57:07 +0500] "GET /static/logo.png HTTP/1.1" 200 3804 "-" "Mozilla/5.0 (iPhone; CPU iPhone OS 17_2 like Mac OS X)"
10.117.173.121 - - [24/Apr/2026:15:57:07 +0500] "GET /static/app.js HTTP/1.1" 200 5192 "-" "Mozilla/5.0 (iPhone; CPU iPhone OS 17_2 like Mac OS X)"
10.117.173.121 - - [24/Apr/2026:15:57:07 +0500] "GET /favicon.ico HTTP/1.1" 200 1331 "-" "Mozilla/5.0 (iPhone; CPU iPhone OS 17_2 like Mac OS X)"
10.117.173.121 - - [24/Apr/2026:15:57:07 +0500] "GET /api/v1/csrf HTTP/1.1" 200 123 "-" "Mozilla/5.0 (iPhone; CPU iPhone OS 17_2 like Mac OS X)"
10.24.103.229 - - [24/Apr/2026:15:57:14 +0500] "POST /api/v1/login HTTP/1.1" 200 1649 "-" "Mozilla/5.0 (Windows NT 10.0; Win64; x64) AppleWebKit/537.36"
10.24.103.229 - - [24/Apr/2026:15:57:17 +0500] "GET /api/v1/cards HTTP/1.1" 200 4239 "-" "Mozilla/5.0 (Windows NT 10.0; Win64; x64) AppleWebKit/537.36"
10.117.173.121 - - [24/Apr/2026:15:57:17 +0500] "POST /api/v1/login HTTP/1.1" 200 2131 "-" "Mozilla/5.0 (iPhone; CPU iPhone OS 17_2 like Mac OS X)"
10.117.173.121 - - [24/Apr/2026:15:57:18 +0500] "GET /api/v1/transactions HTTP/1.1" 200 3774 "-" "Mozilla/5.0 (iPhone; CPU iPhone OS 17_2 like Mac OS X)"
10.117.173.121 - - [24/Apr/2026:15:57:24 +0500] "GET /api/v1/profile HTTP/1.1" 200 2572 "-" "Mozilla/5.0 (iPhone; CPU iPhone OS 17_2 like Mac OS X)"
10.117.173.121 - - [24/Apr/2026:15:57:28 +0500] "GET /api/v1/balance HTTP/1.1" 200 672 "-" "Mozilla/5.0 (iPhone; CPU iPhone OS 17_2 like Mac OS X)"
10.24.103.229 - - [24/Apr/2026:15:57:31 +0500] "GET /api/v1/cards HTTP/1.1" 200 657 "-" "Mozilla/5.0 (Windows NT 10.0; Win64; x64) AppleWebKit/537.36"
10.24.103.229 - - [24/Apr/2026:15:57:33 +0500] "GET /api/v1/balance HTTP/1.1" 200 1849 "-" "Mozilla/5.0 (Windows NT 10.0; Win64; x64) AppleWebKit/537.36"
10.117.173.121 - - [24/Apr/2026:15:57:36 +0500] "GET /api/v1/cards HTTP/1.1" 200 4458 "-" "Mozilla/5.0 (iPhone; CPU iPhone OS 17_2 like Mac OS X)"
10.24.103.229 - - [24/Apr/2026:15:57:41 +0500] "GET /api/v1/balance HTTP/1.1" 200 4489 "-" "Mozilla/5.0 (Windows NT 10.0; Win64; x64) AppleWebKit/537.36"
10.117.173.121 - - [24/Apr/2026:15:57:48 +0500] "GET /api/v1/profile HTTP/1.1" 200 3877 "-" "Mozilla/5.0 (iPhone; CPU iPhone OS 17_2 like Mac OS X)"
10.24.103.229 - - [24/Apr/2026:15:57:49 +0500] "GET /api/v1/balance HTTP/1.1" 200 2137 "-" "Mozilla/5.0 (Windows NT 10.0; Win64; x64) AppleWebKit/537.36"
10.24.103.229 - - [24/Apr/2026:15:57:51 +0500] "GET /api/v1/transactions HTTP/1.1" 200 3740 "-" "Mozilla/5.0 (Windows NT 10.0; Win64; x64) AppleWebKit/537.36"
10.117.173.121 - - [24/Apr/2026:15:57:55 +0500] "GET /api/v1/balance HTTP/1.1" 200 4559 "-" "Mozilla/5.0 (iPhone; CPU iPhone OS 17_2 like Mac OS X)"
10.117.173.121 - - [24/Apr/2026:15:57:57 +0500] "GET /api/v1/balance HTTP/1.1" 200 664 "-" "Mozilla/5.0 (iPhone; CPU iPhone OS 17_2 like Mac OS X)"
10.117.173.121 - - [24/Apr/2026:15:58:00 +0500] "POST /api/v1/transfers HTTP/1.1" 200 1044 "-" "Mozilla/5.0 (iPhone; CPU iPhone OS 17_2 like Mac OS X)"
10.177.184.201 - - [24/Apr/2026:15:58:22 +0500] "GET /login HTTP/1.1" 200 2738 "-" "SQBMobileApp/2.2.1 (iOS 17.0; iPhone15,3)"
10.177.184.201 - - [24/Apr/2026:15:58:22 +0500] "GET /favicon.ico HTTP/1.1" 200 6870 "-" "SQBMobileApp/2.2.1 (iOS 17.0; iPhone15,3)"
10.177.184.201 - - [24/Apr/2026:15:58:23 +0500] "GET /static/logo.png HTTP/1.1" 200 7902 "-" "SQBMobileApp/2.2.1 (iOS 17.0; iPhone15,3)"
10.177.184.201 - - [24/Apr/2026:15:58:23 +0500] "GET /api/v1/csrf HTTP/1.1" 200 149 "-" "SQBMobileApp/2.2.1 (iOS 17.0; iPhone15,3)"
10.177.184.201 - - [24/Apr/2026:15:58:35 +0500] "POST /api/v1/login HTTP/1.1" 200 2496 "-" "SQBMobileApp/2.2.1 (iOS 17.0; iPhone15,3)"
10.177.184.201 - - [24/Apr/2026:15:58:39 +0500] "GET /api/v1/cards HTTP/1.1" 200 466 "-" "SQBMobileApp/2.2.1 (iOS 17.0; iPhone15,3)"
10.177.184.201 - - [24/Apr/2026:15:58:50 +0500] "GET /api/v1/transactions HTTP/1.1" 200 4123 "-" "SQBMobileApp/2.2.1 (iOS 17.0; iPhone15,3)"
10.177.184.201 - - [24/Apr/2026:15:58:57 +0500] "GET /api/v1/cards HTTP/1.1" 200 4212 "-" "SQBMobileApp/2.2.1 (iOS 17.0; iPhone15,3)"
10.177.184.201 - - [24/Apr/2026:15:59:03 +0500] "GET /api/v1/cards HTTP/1.1" 200 2630 "-" "SQBMobileApp/2.2.1 (iOS 17.0; iPhone15,3)"
10.177.184.201 - - [24/Apr/2026:15:59:11 +0500] "GET /api/v1/transactions HTTP/1.1" 401 4461 "-" "SQBMobileApp/2.2.1 (iOS 17.0; iPhone15,3)"
10.177.184.201 - - [24/Apr/2026:15:59:22 +0500] "POST /api/v1/transfers HTTP/1.1" 200 1058 "-" "SQBMobileApp/2.2.1 (iOS 17.0; iPhone15,3)"
10.222.154.225 - - [24/Apr/2026:16:00:34 +0500] "GET /login HTTP/1.1" 200 4906 "-" "SQBMobileApp/2.2.1 (iOS 17.0; iPhone15,3)"
10.222.154.225 - - [24/Apr/2026:16:00:34 +0500] "GET /favicon.ico HTTP/1.1" 200 3062 "-" "SQBMobileApp/2.2.1 (iOS 17.0; iPhone15,3)"
10.222.154.225 - - [24/Apr/2026:16:00:35 +0500] "GET /static/app.js HTTP/1.1" 200 7697 "-" "SQBMobileApp/2.2.1 (iOS 17.0; iPhone15,3)"
10.222.154.225 - - [24/Apr/2026:16:00:35 +0500] "GET /api/v1/csrf HTTP/1.1" 200 267 "-" "SQBMobileApp/2.2.1 (iOS 17.0; iPhone15,3)"
10.222.154.225 - - [24/Apr/2026:16:00:45 +0500] "POST /api/v1/login HTTP/1.1" 200 2680 "-" "SQBMobileApp/2.2.1 (iOS 17.0; iPhone15,3)"
10.222.154.225 - - [24/Apr/2026:16:00:48 +0500] "GET /api/v1/balance HTTP/1.1" 200 3146 "-" "SQBMobileApp/2.2.1 (iOS 17.0; iPhone15,3)"
10.222.154.225 - - [24/Apr/2026:16:00:53 +0500] "GET /api/v1/balance HTTP/1.1" 200 1199 "-" "SQBMobileApp/2.2.1 (iOS 17.0; iPhone15,3)"
199.249.230.89 - - [24/Apr/2026:16:01:00 +0500] "POST /api/v1/login HTTP/1.1" 401 595 "-" "Mozilla/5.0 (X11; Linux x86_64) Gecko/20100101 Firefox/121.0"
10.222.154.225 - - [24/Apr/2026:16:01:06 +0500] "GET /api/v1/profile HTTP/1.1" 200 2196 "-" "SQBMobileApp/2.2.1 (iOS 17.0; iPhone15,3)"
10.222.154.225 - - [24/Apr/2026:16:01:21 +0500] "GET /api/v1/balance HTTP/1.1" 200 1482 "-" "SQBMobileApp/2.2.1 (iOS 17.0; iPhone15,3)"
10.222.154.225 - - [24/Apr/2026:16:01:35 +0500] "GET /api/v1/balance HTTP/1.1" 200 1689 "-" "SQBMobileApp/2.2.1 (iOS 17.0; iPhone15,3)"
10.222.154.225 - - [24/Apr/2026:16:01:48 +0500] "GET /api/v1/transactions HTTP/1.1" 200 4689 "-" "SQBMobileApp/2.2.1 (iOS 17.0; iPhone15,3)"
10.87.118.154 - - [24/Apr/2026:16:01:50 +0500] "GET /login HTTP/1.1" 200 3904 "-" "Mozilla/5.0 (iPhone; CPU iPhone OS 14_0 like Mac OS X)"
10.87.118.154 - - [24/Apr/2026:16:01:50 +0500] "GET /static/app.js HTTP/1.1" 200 2745 "-" "Mozilla/5.0 (iPhone; CPU iPhone OS 14_0 like Mac OS X)"
10.87.118.154 - - [24/Apr/2026:16:01:50 +0500] "GET /static/app.css HTTP/1.1" 200 4634 "-" "Mozilla/5.0 (iPhone; CPU iPhone OS 14_0 like Mac OS X)"
10.87.118.154 - - [24/Apr/2026:16:01:50 +0500] "GET /favicon.ico HTTP/1.1" 200 4402 "-" "Mozilla/5.0 (iPhone; CPU iPhone OS 14_0 like Mac OS X)"
10.87.118.154 - - [24/Apr/2026:16:01:50 +0500] "GET /api/v1/csrf HTTP/1.1" 200 177 "-" "Mozilla/5.0 (iPhone; CPU iPhone OS 14_0 like Mac OS X)"
10.222.154.225 - - [24/Apr/2026:16:01:52 +0500] "POST /api/v1/transfers HTTP/1.1" 200 505 "-" "SQBMobileApp/2.2.1 (iOS 17.0; iPhone15,3)"
10.87.118.154 - - [24/Apr/2026:16:01:57 +0500] "POST /api/v1/login HTTP/1.1" 200 3238 "-" "Mozilla/5.0 (iPhone; CPU iPhone OS 14_0 like Mac OS X)"
10.87.118.154 - - [24/Apr/2026:16:01:59 +0500] "GET /api/v1/cards HTTP/1.1" 200 2636 "-" "Mozilla/5.0 (iPhone; CPU iPhone OS 14_0 like Mac OS X)"
10.87.118.154 - - [24/Apr/2026:16:02:04 +0500] "GET /api/v1/cards HTTP/1.1" 200 3340 "-" "Mozilla/5.0 (iPhone; CPU iPhone OS 14_0 like Mac OS X)"
10.87.118.154 - - [24/Apr/2026:16:02:15 +0500] "GET /api/v1/profile HTTP/1.1" 200 1839 "-" "Mozilla/5.0 (iPhone; CPU iPhone OS 14_0 like Mac OS X)"
10.87.118.154 - - [24/Apr/2026:16:02:21 +0500] "GET /api/v1/profile HTTP/1.1" 200 1983 "-" "Mozilla/5.0 (iPhone; CPU iPhone OS 14_0 like Mac OS X)"
10.118.206.134 - - [24/Apr/2026:16:04:41 +0500] "GET /login HTTP/1.1" 200 2698 "-" "Mozilla/5.0 (iPhone; CPU iPhone OS 17_2 like Mac OS X)"
10.118.206.134 - - [24/Apr/2026:16:04:41 +0500] "GET /static/app.js HTTP/1.1" 200 7157 "-" "Mozilla/5.0 (iPhone; CPU iPhone OS 17_2 like Mac OS X)"
10.118.206.134 - - [24/Apr/2026:16:04:41 +0500] "GET /api/v1/csrf HTTP/1.1" 200 258 "-" "Mozilla/5.0 (iPhone; CPU iPhone OS 17_2 like Mac OS X)"
10.118.206.134 - - [24/Apr/2026:16:04:49 +0500] "POST /api/v1/login HTTP/1.1" 200 1098 "-" "Mozilla/5.0 (iPhone; CPU iPhone OS 17_2 like Mac OS X)"
10.118.206.134 - - [24/Apr/2026:16:04:53 +0500] "GET /api/v1/balance HTTP/1.1" 200 3260 "-" "Mozilla/5.0 (iPhone; CPU iPhone OS 17_2 like Mac OS X)"
23.129.64.218 - - [24/Apr/2026:16:05:00 +0500] "POST /api/v1/login HTTP/1.1" 200 202 "-" "okhttp/4.9.3"
23.129.64.218 - - [24/Apr/2026:16:05:00 +0500] "POST /api/v1/login HTTP/1.1" 401 188 "-" "okhttp/4.9.3"
23.129.64.218 - - [24/Apr/2026:16:05:01 +0500] "POST /api/v1/login HTTP/1.1" 200 323 "-" "okhttp/4.9.3"
23.129.64.218 - - [24/Apr/2026:16:05:02 +0500] "POST /api/v1/login HTTP/1.1" 401 333 "-" "okhttp/4.9.3"
23.129.64.218 - - [24/Apr/2026:16:05:03 +0500] "POST /api/v1/login HTTP/1.1" 200 228 "-" "okhttp/4.9.3"
23.129.64.218 - - [24/Apr/2026:16:05:03 +0500] "POST /api/v1/login HTTP/1.1" 401 437 "-" "okhttp/4.9.3"
23.129.64.218 - - [24/Apr/2026:16:05:04 +0500] "POST /api/v1/login HTTP/1.1" 200 194 "-" "okhttp/4.9.3"
23.129.64.218 - - [24/Apr/2026:16:05:05 +0500] "POST /api/v1/login HTTP/1.1" 200 327 "-" "okhttp/4.9.3"
23.129.64.218 - - [24/Apr/2026:16:05:06 +0500] "POST /api/v1/login HTTP/1.1" 401 249 "-" "okhttp/4.9.3"
23.129.64.218 - - [24/Apr/2026:16:05:07 +0500] "POST /api/v1/login HTTP/1.1" 401 230 "-" "okhttp/4.9.3"
10.118.206.134 - - [24/Apr/2026:16:05:07 +0500] "GET /api/v1/cards HTTP/1.1" 200 3785 "-" "Mozilla/5.0 (iPhone; CPU iPhone OS 17_2 like Mac OS X)"
23.129.64.218 - - [24/Apr/2026:16:05:08 +0500] "POST /api/v1/login HTTP/1.1" 401 164 "-" "okhttp/4.9.3"
23.129.64.218 - - [24/Apr/2026:16:05:08 +0500] "POST /api/v1/login HTTP/1.1" 401 458 "-" "okhttp/4.9.3"
23.129.64.218 - - [24/Apr/2026:16:05:09 +0500] "POST /api/v1/login HTTP/1.1" 401 194 "-" "okhttp/4.9.3"
23.129.64.218 - - [24/Apr/2026:16:05:10 +0500] "POST /api/v1/login HTTP/1.1" 401 164 "-" "okhttp/4.9.3"
23.129.64.218 - - [24/Apr/2026:16:05:10 +0500] "POST /api/v1/login HTTP/1.1" 401 352 "-" "okhttp/4.9.3"
23.129.64.218 - - [24/Apr/2026:16:05:11 +0500] "POST /api/v1/login HTTP/1.1" 401 397 "-" "okhttp/4.9.3"
23.129.64.218 - - [24/Apr/2026:16:05:12 +0500] "POST /api/v1/login HTTP/1.1" 401 287 "-" "okhttp/4.9.3"
23.129.64.218 - - [24/Apr/2026:16:05:13 +0500] "POST /api/v1/login HTTP/1.1" 401 411 "-" "okhttp/4.9.3"
23.129.64.218 - - [24/Apr/2026:16:05:13 +0500] "POST /api/v1/login HTTP/1.1" 401 408 "-" "okhttp/4.9.3"
23.129.64.218 - - [24/Apr/2026:16:05:14 +0500] "POST /api/v1/login HTTP/1.1" 401 210 "-" "okhttp/4.9.3"
23.129.64.218 - - [24/Apr/2026:16:05:15 +0500] "POST /api/v1/login HTTP/1.1" 401 371 "-" "okhttp/4.9.3"
23.129.64.218 - - [24/Apr/2026:16:05:16 +0500] "POST /api/v1/login HTTP/1.1" 401 298 "-" "okhttp/4.9.3"
23.129.64.218 - - [24/Apr/2026:16:05:16 +0500] "POST /api/v1/login HTTP/1.1" 401 310 "-" "okhttp/4.9.3"
23.129.64.218 - - [24/Apr/2026:16:05:17 +0500] "POST /api/v1/login HTTP/1.1" 401 343 "-" "okhttp/4.9.3"
23.129.64.218 - - [24/Apr/2026:16:05:18 +0500] "POST /api/v1/login HTTP/1.1" 401 494 "-" "okhttp/4.9.3"
10.118.206.134 - - [24/Apr/2026:16:05:21 +0500] "GET /api/v1/cards HTTP/1.1" 200 1911 "-" "Mozilla/5.0 (iPhone; CPU iPhone OS 17_2 like Mac OS X)"
10.118.206.134 - - [24/Apr/2026:16:05:29 +0500] "GET /api/v1/balance HTTP/1.1" 200 4758 "-" "Mozilla/5.0 (iPhone; CPU iPhone OS 17_2 like Mac OS X)"
10.118.206.134 - - [24/Apr/2026:16:05:37 +0500] "GET /api/v1/cards HTTP/1.1" 200 2969 "-" "Mozilla/5.0 (iPhone; CPU iPhone OS 17_2 like Mac OS X)"
10.118.206.134 - - [24/Apr/2026:16:05:51 +0500] "GET /api/v1/balance HTTP/1.1" 200 4291 "-" "Mozilla/5.0 (iPhone; CPU iPhone OS 17_2 like Mac OS X)"
10.118.206.134 - - [24/Apr/2026:16:06:04 +0500] "POST /api/v1/transfers HTTP/1.1" 200 1269 "-" "Mozilla/5.0 (iPhone; CPU iPhone OS 17_2 like Mac OS X)"
10.216.187.123 - - [24/Apr/2026:16:06:22 +0500] "GET /login HTTP/1.1" 200 4100 "-" "Mozilla/5.0 (iPhone; CPU iPhone OS 17_2 like Mac OS X)"
10.216.187.123 - - [24/Apr/2026:16:06:22 +0500] "GET /static/app.js HTTP/1.1" 200 3736 "-" "Mozilla/5.0 (iPhone; CPU iPhone OS 17_2 like Mac OS X)"
10.216.187.123 - - [24/Apr/2026:16:06:22 +0500] "GET /favicon.ico HTTP/1.1" 200 1116 "-" "Mozilla/5.0 (iPhone; CPU iPhone OS 17_2 like Mac OS X)"
10.216.187.123 - - [24/Apr/2026:16:06:22 +0500] "GET /api/v1/csrf HTTP/1.1" 200 218 "-" "Mozilla/5.0 (iPhone; CPU iPhone OS 17_2 like Mac OS X)"
10.216.187.123 - - [24/Apr/2026:16:06:31 +0500] "POST /api/v1/login HTTP/1.1" 200 1875 "-" "Mozilla/5.0 (iPhone; CPU iPhone OS 17_2 like Mac OS X)"
10.216.187.123 - - [24/Apr/2026:16:06:32 +0500] "GET /api/v1/profile HTTP/1.1" 200 671 "-" "Mozilla/5.0 (iPhone; CPU iPhone OS 17_2 like Mac OS X)"
10.216.187.123 - - [24/Apr/2026:16:06:47 +0500] "GET /api/v1/balance HTTP/1.1" 200 858 "-" "Mozilla/5.0 (iPhone; CPU iPhone OS 17_2 like Mac OS X)"
10.216.187.123 - - [24/Apr/2026:16:07:00 +0500] "GET /api/v1/transactions HTTP/1.1" 200 1150 "-" "Mozilla/5.0 (iPhone; CPU iPhone OS 17_2 like Mac OS X)"
10.216.187.123 - - [24/Apr/2026:16:07:05 +0500] "GET /api/v1/transactions HTTP/1.1" 200 974 "-" "Mozilla/5.0 (iPhone; CPU iPhone OS 17_2 like Mac OS X)"
10.216.187.123 - - [24/Apr/2026:16:07:12 +0500] "GET /api/v1/profile HTTP/1.1" 200 2986 "-" "Mozilla/5.0 (iPhone; CPU iPhone OS 17_2 like Mac OS X)"
10.216.187.123 - - [24/Apr/2026:16:07:14 +0500] "GET /api/v1/profile HTTP/1.1" 200 1010 "-" "Mozilla/5.0 (iPhone; CPU iPhone OS 17_2 like Mac OS X)"
10.216.187.123 - - [24/Apr/2026:16:07:20 +0500] "GET /api/v1/profile HTTP/1.1" 200 3746 "-" "Mozilla/5.0 (iPhone; CPU iPhone OS 17_2 like Mac OS X)"
10.216.187.123 - - [24/Apr/2026:16:07:27 +0500] "GET /api/v1/profile HTTP/1.1" 200 2537 "-" "Mozilla/5.0 (iPhone; CPU iPhone OS 17_2 like Mac OS X)"
199.249.230.89 - - [24/Apr/2026:16:09:00 +0500] "POST /api/v1/login HTTP/1.1" 401 526 "-" "Mozilla/5.0 (X11; Linux x86_64) Gecko/20100101 Firefox/121.0"
10.118.206.134 - - [24/Apr/2026:16:10:02 +0500] "GET /login HTTP/1.1" 200 3561 "-" "Mozilla/5.0 (Macintosh; Intel Mac OS X 10_15_7) AppleWebKit/605.1.15"
10.118.206.134 - - [24/Apr/2026:16:10:02 +0500] "GET /static/app.css HTTP/1.1" 200 6146 "-" "Mozilla/5.0 (Macintosh; Intel Mac OS X 10_15_7) AppleWebKit/605.1.15"
10.118.206.134 - - [24/Apr/2026:16:10:02 +0500] "GET /static/app.js HTTP/1.1" 200 2915 "-" "Mozilla/5.0 (Macintosh; Intel Mac OS X 10_15_7) AppleWebKit/605.1.15"
10.118.206.134 - - [24/Apr/2026:16:10:02 +0500] "GET /static/logo.png HTTP/1.1" 200 5266 "-" "Mozilla/5.0 (Macintosh; Intel Mac OS X 10_15_7) AppleWebKit/605.1.15"
10.118.206.134 - - [24/Apr/2026:16:10:02 +0500] "GET /api/v1/csrf HTTP/1.1" 200 348 "-" "Mozilla/5.0 (Macintosh; Intel Mac OS X 10_15_7) AppleWebKit/605.1.15"
10.118.206.134 - - [24/Apr/2026:16:10:04 +0500] "POST /api/v1/login HTTP/1.1" 200 1056 "-" "Mozilla/5.0 (Macintosh; Intel Mac OS X 10_15_7) AppleWebKit/605.1.15"
10.118.206.134 - - [24/Apr/2026:16:10:05 +0500] "GET /api/v1/cards HTTP/1.1" 200 3361 "-" "Mozilla/5.0 (Macintosh; Intel Mac OS X 10_15_7) AppleWebKit/605.1.15"
10.118.206.134 - - [24/Apr/2026:16:10:12 +0500] "GET /api/v1/balance HTTP/1.1" 200 3873 "-" "Mozilla/5.0 (Macintosh; Intel Mac OS X 10_15_7) AppleWebKit/605.1.15"
10.118.206.134 - - [24/Apr/2026:16:10:17 +0500] "GET /api/v1/transactions HTTP/1.1" 200 3706 "-" "Mozilla/5.0 (Macintosh; Intel Mac OS X 10_15_7) AppleWebKit/605.1.15"
10.19.14.214 - - [24/Apr/2026:16:11:14 +0500] "GET /login HTTP/1.1" 200 4840 "-" "Mozilla/5.0 (Linux; Android 14) AppleWebKit/537.36 Chrome/120.0"
10.19.14.214 - - [24/Apr/2026:16:11:14 +0500] "GET /static/app.js HTTP/1.1" 200 3877 "-" "Mozilla/5.0 (Linux; Android 14) AppleWebKit/537.36 Chrome/120.0"
10.19.14.214 - - [24/Apr/2026:16:11:14 +0500] "GET /api/v1/csrf HTTP/1.1" 200 189 "-" "Mozilla/5.0 (Linux; Android 14) AppleWebKit/537.36 Chrome/120.0"
10.19.14.214 - - [24/Apr/2026:16:11:23 +0500] "POST /api/v1/login HTTP/1.1" 200 1418 "-" "Mozilla/5.0 (Linux; Android 14) AppleWebKit/537.36 Chrome/120.0"
10.19.14.214 - - [24/Apr/2026:16:11:24 +0500] "GET /api/v1/balance HTTP/1.1" 200 3292 "-" "Mozilla/5.0 (Linux; Android 14) AppleWebKit/537.36 Chrome/120.0"
10.19.14.214 - - [24/Apr/2026:16:11:39 +0500] "GET /api/v1/cards HTTP/1.1" 200 497 "-" "Mozilla/5.0 (Linux; Android 14) AppleWebKit/537.36 Chrome/120.0"
10.19.14.214 - - [24/Apr/2026:16:11:44 +0500] "GET /api/v1/cards HTTP/1.1" 200 4651 "-" "Mozilla/5.0 (Linux; Android 14) AppleWebKit/537.36 Chrome/120.0"
10.19.14.214 - - [24/Apr/2026:16:11:55 +0500] "GET /api/v1/cards HTTP/1.1" 200 2653 "-" "Mozilla/5.0 (Linux; Android 14) AppleWebKit/537.36 Chrome/120.0"
10.19.14.214 - - [24/Apr/2026:16:12:05 +0500] "GET /api/v1/cards HTTP/1.1" 200 1032 "-" "Mozilla/5.0 (Linux; Android 14) AppleWebKit/537.36 Chrome/120.0"
10.56.202.226 - - [24/Apr/2026:16:12:06 +0500] "GET /login HTTP/1.1" 200 3651 "-" "SQBMobileApp/2.2.1 (iOS 17.0; iPhone15,3)"
10.56.202.226 - - [24/Apr/2026:16:12:06 +0500] "GET /static/app.css HTTP/1.1" 200 3972 "-" "SQBMobileApp/2.2.1 (iOS 17.0; iPhone15,3)"
10.56.202.226 - - [24/Apr/2026:16:12:06 +0500] "GET /static/app.js HTTP/1.1" 200 6974 "-" "SQBMobileApp/2.2.1 (iOS 17.0; iPhone15,3)"
10.56.202.226 - - [24/Apr/2026:16:12:06 +0500] "GET /api/v1/csrf HTTP/1.1" 200 324 "-" "SQBMobileApp/2.2.1 (iOS 17.0; iPhone15,3)"
10.56.202.226 - - [24/Apr/2026:16:12:09 +0500] "POST /api/v1/login HTTP/1.1" 200 3997 "-" "SQBMobileApp/2.2.1 (iOS 17.0; iPhone15,3)"
10.19.14.214 - - [24/Apr/2026:16:12:11 +0500] "GET /api/v1/profile HTTP/1.1" 200 3508 "-" "Mozilla/5.0 (Linux; Android 14) AppleWebKit/537.36 Chrome/120.0"
10.56.202.226 - - [24/Apr/2026:16:12:13 +0500] "GET /api/v1/balance HTTP/1.1" 200 4766 "-" "SQBMobileApp/2.2.1 (iOS 17.0; iPhone15,3)"
10.19.14.214 - - [24/Apr/2026:16:12:16 +0500] "GET /api/v1/profile HTTP/1.1" 200 4601 "-" "Mozilla/5.0 (Linux; Android 14) AppleWebKit/537.36 Chrome/120.0"
10.56.202.226 - - [24/Apr/2026:16:12:28 +0500] "GET /api/v1/profile HTTP/1.1" 401 3466 "-" "SQBMobileApp/2.2.1 (iOS 17.0; iPhone15,3)"
10.56.202.226 - - [24/Apr/2026:16:12:38 +0500] "GET /api/v1/cards HTTP/1.1" 200 3698 "-" "SQBMobileApp/2.2.1 (iOS 17.0; iPhone15,3)"
10.56.202.226 - - [24/Apr/2026:16:12:50 +0500] "GET /api/v1/balance HTTP/1.1" 200 3438 "-" "SQBMobileApp/2.2.1 (iOS 17.0; iPhone15,3)"
10.56.202.226 - - [24/Apr/2026:16:12:55 +0500] "GET /api/v1/profile HTTP/1.1" 200 2203 "-" "SQBMobileApp/2.2.1 (iOS 17.0; iPhone15,3)"
10.164.20.186 - - [24/Apr/2026:16:13:57 +0500] "GET /login HTTP/1.1" 200 2162 "-" "Mozilla/5.0 (iPhone; CPU iPhone OS 17_2 like Mac OS X)"
10.164.20.186 - - [24/Apr/2026:16:13:57 +0500] "GET /static/logo.png HTTP/1.1" 200 7672 "-" "Mozilla/5.0 (iPhone; CPU iPhone OS 17_2 like Mac OS X)"
10.164.20.186 - - [24/Apr/2026:16:13:57 +0500] "GET /static/app.js HTTP/1.1" 200 4773 "-" "Mozilla/5.0 (iPhone; CPU iPhone OS 17_2 like Mac OS X)"
10.164.20.186 - - [24/Apr/2026:16:13:57 +0500] "GET /favicon.ico HTTP/1.1" 200 1650 "-" "Mozilla/5.0 (iPhone; CPU iPhone OS 17_2 like Mac OS X)"
10.164.20.186 - - [24/Apr/2026:16:13:57 +0500] "GET /api/v1/csrf HTTP/1.1" 200 315 "-" "Mozilla/5.0 (iPhone; CPU iPhone OS 17_2 like Mac OS X)"
10.164.20.186 - - [24/Apr/2026:16:14:09 +0500] "POST /api/v1/login HTTP/1.1" 200 1612 "-" "Mozilla/5.0 (iPhone; CPU iPhone OS 17_2 like Mac OS X)"
10.164.20.186 - - [24/Apr/2026:16:14:10 +0500] "GET /api/v1/balance HTTP/1.1" 200 2120 "-" "Mozilla/5.0 (iPhone; CPU iPhone OS 17_2 like Mac OS X)"
10.164.20.186 - - [24/Apr/2026:16:14:16 +0500] "GET /api/v1/cards HTTP/1.1" 200 609 "-" "Mozilla/5.0 (iPhone; CPU iPhone OS 17_2 like Mac OS X)"
10.164.20.186 - - [24/Apr/2026:16:14:22 +0500] "GET /api/v1/profile HTTP/1.1" 200 2878 "-" "Mozilla/5.0 (iPhone; CPU iPhone OS 17_2 like Mac OS X)"
10.164.20.186 - - [24/Apr/2026:16:14:25 +0500] "GET /api/v1/transactions HTTP/1.1" 200 2254 "-" "Mozilla/5.0 (iPhone; CPU iPhone OS 17_2 like Mac OS X)"
10.164.20.186 - - [24/Apr/2026:16:14:32 +0500] "GET /api/v1/cards HTTP/1.1" 200 2812 "-" "Mozilla/5.0 (iPhone; CPU iPhone OS 17_2 like Mac OS X)"
10.181.134.228 - - [24/Apr/2026:16:14:58 +0500] "GET /login HTTP/1.1" 200 2995 "-" "Mozilla/5.0 (iPhone; CPU iPhone OS 14_0 like Mac OS X)"
10.181.134.228 - - [24/Apr/2026:16:14:58 +0500] "GET /static/app.js HTTP/1.1" 200 4877 "-" "Mozilla/5.0 (iPhone; CPU iPhone OS 14_0 like Mac OS X)"
10.181.134.228 - - [24/Apr/2026:16:14:58 +0500] "GET /favicon.ico HTTP/1.1" 200 5572 "-" "Mozilla/5.0 (iPhone; CPU iPhone OS 14_0 like Mac OS X)"
10.181.134.228 - - [24/Apr/2026:16:14:58 +0500] "GET /api/v1/csrf HTTP/1.1" 200 147 "-" "Mozilla/5.0 (iPhone; CPU iPhone OS 14_0 like Mac OS X)"
10.181.134.228 - - [24/Apr/2026:16:15:06 +0500] "POST /api/v1/login HTTP/1.1" 200 2972 "-" "Mozilla/5.0 (iPhone; CPU iPhone OS 14_0 like Mac OS X)"
10.181.134.228 - - [24/Apr/2026:16:15:08 +0500] "GET /api/v1/transactions HTTP/1.1" 200 1207 "-" "Mozilla/5.0 (iPhone; CPU iPhone OS 14_0 like Mac OS X)"
10.181.134.228 - - [24/Apr/2026:16:15:20 +0500] "GET /api/v1/cards HTTP/1.1" 200 926 "-" "Mozilla/5.0 (iPhone; CPU iPhone OS 14_0 like Mac OS X)"
10.181.134.228 - - [24/Apr/2026:16:15:23 +0500] "GET /api/v1/balance HTTP/1.1" 200 2478 "-" "Mozilla/5.0 (iPhone; CPU iPhone OS 14_0 like Mac OS X)"
10.181.134.228 - - [24/Apr/2026:16:15:34 +0500] "GET /api/v1/profile HTTP/1.1" 200 2653 "-" "Mozilla/5.0 (iPhone; CPU iPhone OS 14_0 like Mac OS X)"
10.181.134.228 - - [24/Apr/2026:16:15:42 +0500] "GET /api/v1/balance HTTP/1.1" 200 2115 "-" "Mozilla/5.0 (iPhone; CPU iPhone OS 14_0 like Mac OS X)"
10.181.134.228 - - [24/Apr/2026:16:15:53 +0500] "GET /api/v1/cards HTTP/1.1" 200 1983 "-" "Mozilla/5.0 (iPhone; CPU iPhone OS 14_0 like Mac OS X)"
199.249.230.89 - - [24/Apr/2026:16:16:00 +0500] "POST /api/v1/login HTTP/1.1" 401 282 "-" "Mozilla/5.0 (X11; Linux x86_64) Gecko/20100101 Firefox/121.0"
10.7.91.217 - - [24/Apr/2026:16:16:55 +0500] "GET /login HTTP/1.1" 200 2220 "-" "Mozilla/5.0 (Macintosh; Intel Mac OS X 10_15_7) AppleWebKit/605.1.15"
10.7.91.217 - - [24/Apr/2026:16:16:55 +0500] "GET /static/app.css HTTP/1.1" 200 974 "-" "Mozilla/5.0 (Macintosh; Intel Mac OS X 10_15_7) AppleWebKit/605.1.15"
10.7.91.217 - - [24/Apr/2026:16:16:55 +0500] "GET /api/v1/csrf HTTP/1.1" 200 239 "-" "Mozilla/5.0 (Macintosh; Intel Mac OS X 10_15_7) AppleWebKit/605.1.15"
37.110.220.45 - - [24/Apr/2026:16:16:57 +0500] "GET /login HTTP/1.1" 200 4311 "-" "Mozilla/5.0 (Windows NT 10.0; Win64; x64) AppleWebKit/537.36"
37.110.220.45 - - [24/Apr/2026:16:16:57 +0500] "GET /static/logo.png HTTP/1.1" 200 7915 "-" "Mozilla/5.0 (Windows NT 10.0; Win64; x64) AppleWebKit/537.36"
37.110.220.45 - - [24/Apr/2026:16:16:57 +0500] "GET /static/app.css HTTP/1.1" 200 5565 "-" "Mozilla/5.0 (Windows NT 10.0; Win64; x64) AppleWebKit/537.36"
37.110.220.45 - - [24/Apr/2026:16:16:57 +0500] "GET /api/v1/csrf HTTP/1.1" 200 211 "-" "Mozilla/5.0 (Windows NT 10.0; Win64; x64) AppleWebKit/537.36"
10.7.91.217 - - [24/Apr/2026:16:17:00 +0500] "POST /api/v1/login HTTP/1.1" 200 3734 "-" "Mozilla/5.0 (Macintosh; Intel Mac OS X 10_15_7) AppleWebKit/605.1.15"
10.7.91.217 - - [24/Apr/2026:16:17:01 +0500] "GET /api/v1/balance HTTP/1.1" 200 3347 "-" "Mozilla/5.0 (Macintosh; Intel Mac OS X 10_15_7) AppleWebKit/605.1.15"
10.209.107.74 - - [24/Apr/2026:16:17:09 +0500] "GET /login HTTP/1.1" 200 4665 "-" "Mozilla/5.0 (iPhone; CPU iPhone OS 17_2 like Mac OS X)"
10.209.107.74 - - [24/Apr/2026:16:17:09 +0500] "GET /static/app.js HTTP/1.1" 200 1373 "-" "Mozilla/5.0 (iPhone; CPU iPhone OS 17_2 like Mac OS X)"
37.110.220.45 - - [24/Apr/2026:16:17:09 +0500] "POST /api/v1/login HTTP/1.1" 200 3228 "-" "Mozilla/5.0 (Windows NT 10.0; Win64; x64) AppleWebKit/537.36"
10.209.107.74 - - [24/Apr/2026:16:17:09 +0500] "GET /static/app.css HTTP/1.1" 200 6809 "-" "Mozilla/5.0 (iPhone; CPU iPhone OS 17_2 like Mac OS X)"
10.209.107.74 - - [24/Apr/2026:16:17:10 +0500] "GET /static/logo.png HTTP/1.1" 200 4711 "-" "Mozilla/5.0 (iPhone; CPU iPhone OS 17_2 like Mac OS X)"
10.209.107.74 - - [24/Apr/2026:16:17:10 +0500] "GET /api/v1/csrf HTTP/1.1" 200 253 "-" "Mozilla/5.0 (iPhone; CPU iPhone OS 17_2 like Mac OS X)"
10.7.91.217 - - [24/Apr/2026:16:17:10 +0500] "GET /api/v1/cards HTTP/1.1" 200 3045 "-" "Mozilla/5.0 (Macintosh; Intel Mac OS X 10_15_7) AppleWebKit/605.1.15"
37.110.220.45 - - [24/Apr/2026:16:17:12 +0500] "GET /api/v1/cards HTTP/1.1" 200 545 "-" "Mozilla/5.0 (Windows NT 10.0; Win64; x64) AppleWebKit/537.36"
10.7.91.217 - - [24/Apr/2026:16:17:17 +0500] "GET /api/v1/balance HTTP/1.1" 200 4263 "-" "Mozilla/5.0 (Macintosh; Intel Mac OS X 10_15_7) AppleWebKit/605.1.15"
10.209.107.74 - - [24/Apr/2026:16:17:20 +0500] "POST /api/v1/login HTTP/1.1" 200 1608 "-" "Mozilla/5.0 (iPhone; CPU iPhone OS 17_2 like Mac OS X)"
37.110.220.45 - - [24/Apr/2026:16:17:20 +0500] "GET /api/v1/transactions HTTP/1.1" 200 3558 "-" "Mozilla/5.0 (Windows NT 10.0; Win64; x64) AppleWebKit/537.36"
10.209.107.74 - - [24/Apr/2026:16:17:24 +0500] "GET /api/v1/profile HTTP/1.1" 200 2296 "-" "Mozilla/5.0 (iPhone; CPU iPhone OS 17_2 like Mac OS X)"
10.7.91.217 - - [24/Apr/2026:16:17:27 +0500] "GET /api/v1/transactions HTTP/1.1" 200 2281 "-" "Mozilla/5.0 (Macintosh; Intel Mac OS X 10_15_7) AppleWebKit/605.1.15"
10.209.107.74 - - [24/Apr/2026:16:17:33 +0500] "GET /api/v1/profile HTTP/1.1" 200 4051 "-" "Mozilla/5.0 (iPhone; CPU iPhone OS 17_2 like Mac OS X)"
37.110.220.45 - - [24/Apr/2026:16:17:33 +0500] "GET /api/v1/transactions HTTP/1.1" 200 1245 "-" "Mozilla/5.0 (Windows NT 10.0; Win64; x64) AppleWebKit/537.36"
10.7.91.217 - - [24/Apr/2026:16:17:38 +0500] "GET /api/v1/cards HTTP/1.1" 200 1540 "-" "Mozilla/5.0 (Macintosh; Intel Mac OS X 10_15_7) AppleWebKit/605.1.15"
37.110.220.45 - - [24/Apr/2026:16:17:41 +0500] "GET /api/v1/transactions HTTP/1.1" 200 2145 "-" "Mozilla/5.0 (Windows NT 10.0; Win64; x64) AppleWebKit/537.36"
10.209.107.74 - - [24/Apr/2026:16:17:42 +0500] "GET /api/v1/cards HTTP/1.1" 200 4878 "-" "Mozilla/5.0 (iPhone; CPU iPhone OS 17_2 like Mac OS X)"
10.209.107.74 - - [24/Apr/2026:16:17:50 +0500] "GET /api/v1/balance HTTP/1.1" 200 2713 "-" "Mozilla/5.0 (iPhone; CPU iPhone OS 17_2 like Mac OS X)"
10.131.197.212 - - [24/Apr/2026:16:17:53 +0500] "GET /login HTTP/1.1" 200 3069 "-" "Mozilla/5.0 (Linux; Android 14) AppleWebKit/537.36 Chrome/120.0"
10.209.107.74 - - [24/Apr/2026:16:17:53 +0500] "POST /api/v1/transfers HTTP/1.1" 200 761 "-" "Mozilla/5.0 (iPhone; CPU iPhone OS 17_2 like Mac OS X)"
10.7.91.217 - - [24/Apr/2026:16:17:53 +0500] "GET /api/v1/transactions HTTP/1.1" 200 1196 "-" "Mozilla/5.0 (Macintosh; Intel Mac OS X 10_15_7) AppleWebKit/605.1.15"
10.131.197.212 - - [24/Apr/2026:16:17:53 +0500] "GET /static/app.css HTTP/1.1" 200 3012 "-" "Mozilla/5.0 (Linux; Android 14) AppleWebKit/537.36 Chrome/120.0"
10.131.197.212 - - [24/Apr/2026:16:17:53 +0500] "GET /api/v1/csrf HTTP/1.1" 200 199 "-" "Mozilla/5.0 (Linux; Android 14) AppleWebKit/537.36 Chrome/120.0"
10.131.197.212 - - [24/Apr/2026:16:18:04 +0500] "POST /api/v1/login HTTP/1.1" 200 1873 "-" "Mozilla/5.0 (Linux; Android 14) AppleWebKit/537.36 Chrome/120.0"
10.131.197.212 - - [24/Apr/2026:16:18:07 +0500] "GET /api/v1/balance HTTP/1.1" 200 4748 "-" "Mozilla/5.0 (Linux; Android 14) AppleWebKit/537.36 Chrome/120.0"
10.131.197.212 - - [24/Apr/2026:16:18:20 +0500] "GET /api/v1/profile HTTP/1.1" 200 3707 "-" "Mozilla/5.0 (Linux; Android 14) AppleWebKit/537.36 Chrome/120.0"
10.131.197.212 - - [24/Apr/2026:16:18:25 +0500] "GET /api/v1/balance HTTP/1.1" 200 3995 "-" "Mozilla/5.0 (Linux; Android 14) AppleWebKit/537.36 Chrome/120.0"
10.131.197.212 - - [24/Apr/2026:16:18:30 +0500] "GET /api/v1/cards HTTP/1.1" 200 4297 "-" "Mozilla/5.0 (Linux; Android 14) AppleWebKit/537.36 Chrome/120.0"
10.131.197.212 - - [24/Apr/2026:16:18:32 +0500] "GET /api/v1/transactions HTTP/1.1" 200 3397 "-" "Mozilla/5.0 (Linux; Android 14) AppleWebKit/537.36 Chrome/120.0"
10.131.197.212 - - [24/Apr/2026:16:18:46 +0500] "GET /api/v1/profile HTTP/1.1" 200 1938 "-" "Mozilla/5.0 (Linux; Android 14) AppleWebKit/537.36 Chrome/120.0"
10.131.197.212 - - [24/Apr/2026:16:18:59 +0500] "POST /api/v1/transfers HTTP/1.1" 200 1465 "-" "Mozilla/5.0 (Linux; Android 14) AppleWebKit/537.36 Chrome/120.0"
10.126.102.235 - - [24/Apr/2026:16:19:25 +0500] "GET /login HTTP/1.1" 200 4374 "-" "Mozilla/5.0 (Macintosh; Intel Mac OS X 10_15_7) AppleWebKit/605.1.15"
10.126.102.235 - - [24/Apr/2026:16:19:25 +0500] "GET /favicon.ico HTTP/1.1" 200 3102 "-" "Mozilla/5.0 (Macintosh; Intel Mac OS X 10_15_7) AppleWebKit/605.1.15"
10.126.102.235 - - [24/Apr/2026:16:19:25 +0500] "GET /static/app.js HTTP/1.1" 200 1524 "-" "Mozilla/5.0 (Macintosh; Intel Mac OS X 10_15_7) AppleWebKit/605.1.15"
10.126.102.235 - - [24/Apr/2026:16:19:25 +0500] "GET /api/v1/csrf HTTP/1.1" 200 263 "-" "Mozilla/5.0 (Macintosh; Intel Mac OS X 10_15_7) AppleWebKit/605.1.15"
10.126.102.235 - - [24/Apr/2026:16:19:31 +0500] "POST /api/v1/login HTTP/1.1" 200 2205 "-" "Mozilla/5.0 (Macintosh; Intel Mac OS X 10_15_7) AppleWebKit/605.1.15"
10.126.102.235 - - [24/Apr/2026:16:19:32 +0500] "GET /api/v1/transactions HTTP/1.1" 200 745 "-" "Mozilla/5.0 (Macintosh; Intel Mac OS X 10_15_7) AppleWebKit/605.1.15"
10.126.102.235 - - [24/Apr/2026:16:19:35 +0500] "GET /api/v1/transactions HTTP/1.1" 200 1052 "-" "Mozilla/5.0 (Macintosh; Intel Mac OS X 10_15_7) AppleWebKit/605.1.15"
10.126.102.235 - - [24/Apr/2026:16:19:46 +0500] "GET /api/v1/cards HTTP/1.1" 200 2159 "-" "Mozilla/5.0 (Macintosh; Intel Mac OS X 10_15_7) AppleWebKit/605.1.15"
10.126.102.235 - - [24/Apr/2026:16:19:53 +0500] "GET /api/v1/cards HTTP/1.1" 200 3355 "-" "Mozilla/5.0 (Macintosh; Intel Mac OS X 10_15_7) AppleWebKit/605.1.15"
10.126.102.235 - - [24/Apr/2026:16:19:59 +0500] "GET /api/v1/balance HTTP/1.1" 200 908 "-" "Mozilla/5.0 (Macintosh; Intel Mac OS X 10_15_7) AppleWebKit/605.1.15"
10.126.102.235 - - [24/Apr/2026:16:20:06 +0500] "GET /api/v1/profile HTTP/1.1" 200 645 "-" "Mozilla/5.0 (Macintosh; Intel Mac OS X 10_15_7) AppleWebKit/605.1.15"
10.126.102.235 - - [24/Apr/2026:16:20:09 +0500] "GET /api/v1/balance HTTP/1.1" 200 4195 "-" "Mozilla/5.0 (Macintosh; Intel Mac OS X 10_15_7) AppleWebKit/605.1.15"
10.166.162.28 - - [24/Apr/2026:16:21:13 +0500] "GET /login HTTP/1.1" 200 2677 "-" "Mozilla/5.0 (Linux; Android 14) AppleWebKit/537.36 Chrome/120.0"
10.166.162.28 - - [24/Apr/2026:16:21:13 +0500] "GET /favicon.ico HTTP/1.1" 200 1257 "-" "Mozilla/5.0 (Linux; Android 14) AppleWebKit/537.36 Chrome/120.0"
10.166.162.28 - - [24/Apr/2026:16:21:13 +0500] "GET /static/logo.png HTTP/1.1" 200 4288 "-" "Mozilla/5.0 (Linux; Android 14) AppleWebKit/537.36 Chrome/120.0"
10.166.162.28 - - [24/Apr/2026:16:21:13 +0500] "GET /static/app.css HTTP/1.1" 200 4905 "-" "Mozilla/5.0 (Linux; Android 14) AppleWebKit/537.36 Chrome/120.0"
10.166.162.28 - - [24/Apr/2026:16:21:13 +0500] "GET /api/v1/csrf HTTP/1.1" 200 317 "-" "Mozilla/5.0 (Linux; Android 14) AppleWebKit/537.36 Chrome/120.0"
10.166.162.28 - - [24/Apr/2026:16:21:25 +0500] "POST /api/v1/login HTTP/1.1" 200 985 "-" "Mozilla/5.0 (Linux; Android 14) AppleWebKit/537.36 Chrome/120.0"
10.166.162.28 - - [24/Apr/2026:16:21:29 +0500] "GET /api/v1/transactions HTTP/1.1" 200 4712 "-" "Mozilla/5.0 (Linux; Android 14) AppleWebKit/537.36 Chrome/120.0"
10.210.13.247 - - [24/Apr/2026:16:21:38 +0500] "GET /login HTTP/1.1" 200 4605 "-" "SQBMobileApp/2.1.0 (Android 13; SM-G998B)"
10.210.13.247 - - [24/Apr/2026:16:21:38 +0500] "GET /favicon.ico HTTP/1.1" 200 6330 "-" "SQBMobileApp/2.1.0 (Android 13; SM-G998B)"
10.210.13.247 - - [24/Apr/2026:16:21:38 +0500] "GET /api/v1/csrf HTTP/1.1" 200 206 "-" "SQBMobileApp/2.1.0 (Android 13; SM-G998B)"
10.166.162.28 - - [24/Apr/2026:16:21:42 +0500] "GET /api/v1/transactions HTTP/1.1" 200 3358 "-" "Mozilla/5.0 (Linux; Android 14) AppleWebKit/537.36 Chrome/120.0"
10.166.162.28 - - [24/Apr/2026:16:21:46 +0500] "GET /api/v1/transactions HTTP/1.1" 200 4537 "-" "Mozilla/5.0 (Linux; Android 14) AppleWebKit/537.36 Chrome/120.0"
10.210.13.247 - - [24/Apr/2026:16:21:50 +0500] "POST /api/v1/login HTTP/1.1" 200 1559 "-" "SQBMobileApp/2.1.0 (Android 13; SM-G998B)"
10.210.13.247 - - [24/Apr/2026:16:21:52 +0500] "GET /api/v1/balance HTTP/1.1" 200 4991 "-" "SQBMobileApp/2.1.0 (Android 13; SM-G998B)"
10.166.162.28 - - [24/Apr/2026:16:21:56 +0500] "GET /api/v1/profile HTTP/1.1" 200 865 "-" "Mozilla/5.0 (Linux; Android 14) AppleWebKit/537.36 Chrome/120.0"
10.210.13.247 - - [24/Apr/2026:16:22:06 +0500] "GET /api/v1/transactions HTTP/1.1" 200 1569 "-" "SQBMobileApp/2.1.0 (Android 13; SM-G998B)"
10.166.162.28 - - [24/Apr/2026:16:22:08 +0500] "GET /api/v1/transactions HTTP/1.1" 200 2415 "-" "Mozilla/5.0 (Linux; Android 14) AppleWebKit/537.36 Chrome/120.0"
10.164.20.186 - - [24/Apr/2026:16:22:09 +0500] "GET /login HTTP/1.1" 200 3166 "-" "SQBMobileApp/2.2.1 (iOS 17.0; iPhone15,3)"
10.164.20.186 - - [24/Apr/2026:16:22:09 +0500] "GET /static/app.js HTTP/1.1" 200 6216 "-" "SQBMobileApp/2.2.1 (iOS 17.0; iPhone15,3)"
10.164.20.186 - - [24/Apr/2026:16:22:09 +0500] "GET /api/v1/csrf HTTP/1.1" 200 108 "-" "SQBMobileApp/2.2.1 (iOS 17.0; iPhone15,3)"
10.164.20.186 - - [24/Apr/2026:16:22:11 +0500] "POST /api/v1/login HTTP/1.1" 200 1940 "-" "SQBMobileApp/2.2.1 (iOS 17.0; iPhone15,3)"
10.164.20.186 - - [24/Apr/2026:16:22:14 +0500] "GET /api/v1/balance HTTP/1.1" 200 1631 "-" "SQBMobileApp/2.2.1 (iOS 17.0; iPhone15,3)"
10.210.13.247 - - [24/Apr/2026:16:22:16 +0500] "GET /api/v1/balance HTTP/1.1" 200 4860 "-" "SQBMobileApp/2.1.0 (Android 13; SM-G998B)"
10.164.20.186 - - [24/Apr/2026:16:22:24 +0500] "GET /api/v1/profile HTTP/1.1" 200 2159 "-" "SQBMobileApp/2.2.1 (iOS 17.0; iPhone15,3)"
10.164.20.186 - - [24/Apr/2026:16:22:29 +0500] "GET /api/v1/profile HTTP/1.1" 200 4293 "-" "SQBMobileApp/2.2.1 (iOS 17.0; iPhone15,3)"
10.210.13.247 - - [24/Apr/2026:16:22:30 +0500] "GET /api/v1/cards HTTP/1.1" 200 872 "-" "SQBMobileApp/2.1.0 (Android 13; SM-G998B)"
10.164.20.186 - - [24/Apr/2026:16:22:41 +0500] "GET /api/v1/transactions HTTP/1.1" 200 3330 "-" "SQBMobileApp/2.2.1 (iOS 17.0; iPhone15,3)"
10.140.65.144 - - [24/Apr/2026:16:22:43 +0500] "GET /login HTTP/1.1" 200 3022 "-" "Mozilla/5.0 (iPhone; CPU iPhone OS 17_2 like Mac OS X)"
10.140.65.144 - - [24/Apr/2026:16:22:43 +0500] "GET /static/logo.png HTTP/1.1" 200 5488 "-" "Mozilla/5.0 (iPhone; CPU iPhone OS 17_2 like Mac OS X)"
10.164.20.186 - - [24/Apr/2026:16:22:43 +0500] "GET /api/v1/profile HTTP/1.1" 200 3783 "-" "SQBMobileApp/2.2.1 (iOS 17.0; iPhone15,3)"
10.140.65.144 - - [24/Apr/2026:16:22:43 +0500] "GET /static/app.css HTTP/1.1" 200 5667 "-" "Mozilla/5.0 (iPhone; CPU iPhone OS 17_2 like Mac OS X)"
10.140.65.144 - - [24/Apr/2026:16:22:44 +0500] "GET /static/app.js HTTP/1.1" 200 5238 "-" "Mozilla/5.0 (iPhone; CPU iPhone OS 17_2 like Mac OS X)"
10.140.65.144 - - [24/Apr/2026:16:22:44 +0500] "GET /api/v1/csrf HTTP/1.1" 200 203 "-" "Mozilla/5.0 (iPhone; CPU iPhone OS 17_2 like Mac OS X)"
10.210.13.247 - - [24/Apr/2026:16:22:44 +0500] "GET /api/v1/balance HTTP/1.1" 200 681 "-" "SQBMobileApp/2.1.0 (Android 13; SM-G998B)"
10.164.20.186 - - [24/Apr/2026:16:22:45 +0500] "GET /api/v1/profile HTTP/1.1" 404 3765 "-" "SQBMobileApp/2.2.1 (iOS 17.0; iPhone15,3)"
10.140.65.144 - - [24/Apr/2026:16:22:50 +0500] "POST /api/v1/login HTTP/1.1" 200 3282 "-" "Mozilla/5.0 (iPhone; CPU iPhone OS 17_2 like Mac OS X)"
10.248.4.15 - - [24/Apr/2026:16:22:53 +0500] "GET /login HTTP/1.1" 200 2388 "-" "SQBMobileApp/2.2.1 (iOS 17.0; iPhone15,3)"
10.140.65.144 - - [24/Apr/2026:16:22:53 +0500] "GET /api/v1/transactions HTTP/1.1" 200 4269 "-" "Mozilla/5.0 (iPhone; CPU iPhone OS 17_2 like Mac OS X)"
10.248.4.15 - - [24/Apr/2026:16:22:53 +0500] "GET /favicon.ico HTTP/1.1" 200 5534 "-" "SQBMobileApp/2.2.1 (iOS 17.0; iPhone15,3)"
10.248.4.15 - - [24/Apr/2026:16:22:53 +0500] "GET /api/v1/csrf HTTP/1.1" 200 330 "-" "SQBMobileApp/2.2.1 (iOS 17.0; iPhone15,3)"
10.210.13.247 - - [24/Apr/2026:16:22:56 +0500] "GET /api/v1/profile HTTP/1.1" 200 2817 "-" "SQBMobileApp/2.1.0 (Android 13; SM-G998B)"
199.249.230.89 - - [24/Apr/2026:16:23:00 +0500] "POST /api/v1/login HTTP/1.1" 200 259 "-" "Mozilla/5.0 (X11; Linux x86_64) Gecko/20100101 Firefox/121.0"
10.140.65.144 - - [24/Apr/2026:16:23:03 +0500] "GET /api/v1/profile HTTP/1.1" 200 2809 "-" "Mozilla/5.0 (iPhone; CPU iPhone OS 17_2 like Mac OS X)"
10.248.4.15 - - [24/Apr/2026:16:23:05 +0500] "POST /api/v1/login HTTP/1.1" 200 3839 "-" "SQBMobileApp/2.2.1 (iOS 17.0; iPhone15,3)"
10.210.13.247 - - [24/Apr/2026:16:23:07 +0500] "GET /api/v1/balance HTTP/1.1" 200 1156 "-" "SQBMobileApp/2.1.0 (Android 13; SM-G998B)"
10.248.4.15 - - [24/Apr/2026:16:23:07 +0500] "GET /api/v1/balance HTTP/1.1" 200 4657 "-" "SQBMobileApp/2.2.1 (iOS 17.0; iPhone15,3)"
10.210.13.247 - - [24/Apr/2026:16:23:10 +0500] "GET /api/v1/cards HTTP/1.1" 200 2573 "-" "SQBMobileApp/2.1.0 (Android 13; SM-G998B)"
10.248.4.15 - - [24/Apr/2026:16:23:13 +0500] "GET /api/v1/transactions HTTP/1.1" 200 3301 "-" "SQBMobileApp/2.2.1 (iOS 17.0; iPhone15,3)"
10.140.65.144 - - [24/Apr/2026:16:23:15 +0500] "GET /api/v1/balance HTTP/1.1" 200 4816 "-" "Mozilla/5.0 (iPhone; CPU iPhone OS 17_2 like Mac OS X)"
10.248.4.15 - - [24/Apr/2026:16:23:15 +0500] "GET /api/v1/profile HTTP/1.1" 200 3817 "-" "SQBMobileApp/2.2.1 (iOS 17.0; iPhone15,3)"
10.140.65.144 - - [24/Apr/2026:16:23:23 +0500] "GET /api/v1/transactions HTTP/1.1" 200 4073 "-" "Mozilla/5.0 (iPhone; CPU iPhone OS 17_2 like Mac OS X)"
10.140.65.144 - - [24/Apr/2026:16:23:34 +0500] "GET /api/v1/transactions HTTP/1.1" 200 4639 "-" "Mozilla/5.0 (iPhone; CPU iPhone OS 17_2 like Mac OS X)"
10.157.204.51 - - [24/Apr/2026:16:23:50 +0500] "GET /login HTTP/1.1" 200 4518 "-" "SQBMobileApp/2.2.1 (iOS 17.0; iPhone15,3)"
10.157.204.51 - - [24/Apr/2026:16:23:50 +0500] "GET /static/app.css HTTP/1.1" 200 1337 "-" "SQBMobileApp/2.2.1 (iOS 17.0; iPhone15,3)"
10.157.204.51 - - [24/Apr/2026:16:23:50 +0500] "GET /favicon.ico HTTP/1.1" 200 6138 "-" "SQBMobileApp/2.2.1 (iOS 17.0; iPhone15,3)"
10.157.204.51 - - [24/Apr/2026:16:23:50 +0500] "GET /api/v1/csrf HTTP/1.1" 200 254 "-" "SQBMobileApp/2.2.1 (iOS 17.0; iPhone15,3)"
10.157.204.51 - - [24/Apr/2026:16:23:58 +0500] "POST /api/v1/login HTTP/1.1" 200 2794 "-" "SQBMobileApp/2.2.1 (iOS 17.0; iPhone15,3)"
10.157.204.51 - - [24/Apr/2026:16:24:00 +0500] "GET /api/v1/balance HTTP/1.1" 200 2443 "-" "SQBMobileApp/2.2.1 (iOS 17.0; iPhone15,3)"
10.157.204.51 - - [24/Apr/2026:16:24:10 +0500] "GET /api/v1/cards HTTP/1.1" 200 1614 "-" "SQBMobileApp/2.2.1 (iOS 17.0; iPhone15,3)"
10.157.204.51 - - [24/Apr/2026:16:24:22 +0500] "GET /api/v1/transactions HTTP/1.1" 200 792 "-" "SQBMobileApp/2.2.1 (iOS 17.0; iPhone15,3)"
10.157.204.51 - - [24/Apr/2026:16:24:27 +0500] "GET /api/v1/transactions HTTP/1.1" 200 1117 "-" "SQBMobileApp/2.2.1 (iOS 17.0; iPhone15,3)"
10.240.220.90 - - [24/Apr/2026:16:24:39 +0500] "GET /login HTTP/1.1" 200 2114 "-" "Mozilla/5.0 (Linux; Android 14) AppleWebKit/537.36 Chrome/120.0"
10.240.220.90 - - [24/Apr/2026:16:24:39 +0500] "GET /favicon.ico HTTP/1.1" 200 6744 "-" "Mozilla/5.0 (Linux; Android 14) AppleWebKit/537.36 Chrome/120.0"
10.240.220.90 - - [24/Apr/2026:16:24:39 +0500] "GET /static/logo.png HTTP/1.1" 200 4321 "-" "Mozilla/5.0 (Linux; Android 14) AppleWebKit/537.36 Chrome/120.0"
10.240.220.90 - - [24/Apr/2026:16:24:39 +0500] "GET /static/app.css HTTP/1.1" 200 5023 "-" "Mozilla/5.0 (Linux; Android 14) AppleWebKit/537.36 Chrome/120.0"
10.157.204.51 - - [24/Apr/2026:16:24:39 +0500] "GET /api/v1/profile HTTP/1.1" 200 3373 "-" "SQBMobileApp/2.2.1 (iOS 17.0; iPhone15,3)"
10.240.220.90 - - [24/Apr/2026:16:24:39 +0500] "GET /api/v1/csrf HTTP/1.1" 200 362 "-" "Mozilla/5.0 (Linux; Android 14) AppleWebKit/537.36 Chrome/120.0"
10.240.220.90 - - [24/Apr/2026:16:24:48 +0500] "POST /api/v1/login HTTP/1.1" 200 3658 "-" "Mozilla/5.0 (Linux; Android 14) AppleWebKit/537.36 Chrome/120.0"
10.157.204.51 - - [24/Apr/2026:16:24:52 +0500] "GET /api/v1/transactions HTTP/1.1" 200 2431 "-" "SQBMobileApp/2.2.1 (iOS 17.0; iPhone15,3)"
10.240.220.90 - - [24/Apr/2026:16:24:52 +0500] "GET /api/v1/balance HTTP/1.1" 200 4185 "-" "Mozilla/5.0 (Linux; Android 14) AppleWebKit/537.36 Chrome/120.0"
10.240.220.90 - - [24/Apr/2026:16:24:56 +0500] "GET /api/v1/balance HTTP/1.1" 200 3447 "-" "Mozilla/5.0 (Linux; Android 14) AppleWebKit/537.36 Chrome/120.0"
10.64.31.159 - - [24/Apr/2026:16:25:06 +0500] "GET /login HTTP/1.1" 200 3307 "-" "Mozilla/5.0 (Macintosh; Intel Mac OS X 10_15_7) AppleWebKit/605.1.15"
10.64.31.159 - - [24/Apr/2026:16:25:06 +0500] "GET /static/app.js HTTP/1.1" 200 3334 "-" "Mozilla/5.0 (Macintosh; Intel Mac OS X 10_15_7) AppleWebKit/605.1.15"
10.64.31.159 - - [24/Apr/2026:16:25:07 +0500] "GET /api/v1/csrf HTTP/1.1" 200 313 "-" "Mozilla/5.0 (Macintosh; Intel Mac OS X 10_15_7) AppleWebKit/605.1.15"
10.240.220.90 - - [24/Apr/2026:16:25:07 +0500] "GET /api/v1/cards HTTP/1.1" 200 4958 "-" "Mozilla/5.0 (Linux; Android 14) AppleWebKit/537.36 Chrome/120.0"
10.64.31.159 - - [24/Apr/2026:16:25:13 +0500] "POST /api/v1/login HTTP/1.1" 200 3434 "-" "Mozilla/5.0 (Macintosh; Intel Mac OS X 10_15_7) AppleWebKit/605.1.15"
10.240.220.90 - - [24/Apr/2026:16:25:14 +0500] "GET /api/v1/profile HTTP/1.1" 200 2103 "-" "Mozilla/5.0 (Linux; Android 14) AppleWebKit/537.36 Chrome/120.0"
10.64.31.159 - - [24/Apr/2026:16:25:16 +0500] "GET /api/v1/cards HTTP/1.1" 200 3361 "-" "Mozilla/5.0 (Macintosh; Intel Mac OS X 10_15_7) AppleWebKit/605.1.15"
10.166.140.239 - - [24/Apr/2026:16:25:22 +0500] "GET /login HTTP/1.1" 200 4101 "-" "SQBMobileApp/2.2.1 (iOS 17.0; iPhone15,3)"
10.166.140.239 - - [24/Apr/2026:16:25:22 +0500] "GET /static/app.css HTTP/1.1" 200 7080 "-" "SQBMobileApp/2.2.1 (iOS 17.0; iPhone15,3)"
10.166.140.239 - - [24/Apr/2026:16:25:23 +0500] "GET /static/app.js HTTP/1.1" 200 5736 "-" "SQBMobileApp/2.2.1 (iOS 17.0; iPhone15,3)"
10.166.140.239 - - [24/Apr/2026:16:25:23 +0500] "GET /api/v1/csrf HTTP/1.1" 200 198 "-" "SQBMobileApp/2.2.1 (iOS 17.0; iPhone15,3)"
10.64.31.159 - - [24/Apr/2026:16:25:24 +0500] "GET /api/v1/balance HTTP/1.1" 200 4785 "-" "Mozilla/5.0 (Macintosh; Intel Mac OS X 10_15_7) AppleWebKit/605.1.15"
10.166.140.239 - - [24/Apr/2026:16:25:29 +0500] "POST /api/v1/login HTTP/1.1" 200 2794 "-" "SQBMobileApp/2.2.1 (iOS 17.0; iPhone15,3)"
10.240.220.90 - - [24/Apr/2026:16:25:29 +0500] "GET /api/v1/balance HTTP/1.1" 200 3746 "-" "Mozilla/5.0 (Linux; Android 14) AppleWebKit/537.36 Chrome/120.0"
10.64.31.159 - - [24/Apr/2026:16:25:31 +0500] "GET /api/v1/profile HTTP/1.1" 200 447 "-" "Mozilla/5.0 (Macintosh; Intel Mac OS X 10_15_7) AppleWebKit/605.1.15"
10.166.140.239 - - [24/Apr/2026:16:25:32 +0500] "GET /api/v1/profile HTTP/1.1" 200 3370 "-" "SQBMobileApp/2.2.1 (iOS 17.0; iPhone15,3)"
10.64.31.159 - - [24/Apr/2026:16:25:37 +0500] "GET /api/v1/balance HTTP/1.1" 200 2671 "-" "Mozilla/5.0 (Macintosh; Intel Mac OS X 10_15_7) AppleWebKit/605.1.15"
10.240.220.90 - - [24/Apr/2026:16:25:38 +0500] "GET /api/v1/profile HTTP/1.1" 200 2457 "-" "Mozilla/5.0 (Linux; Android 14) AppleWebKit/537.36 Chrome/120.0"
10.166.140.239 - - [24/Apr/2026:16:25:39 +0500] "GET /api/v1/transactions HTTP/1.1" 200 2866 "-" "SQBMobileApp/2.2.1 (iOS 17.0; iPhone15,3)"
10.64.31.159 - - [24/Apr/2026:16:25:48 +0500] "GET /api/v1/profile HTTP/1.1" 200 3485 "-" "Mozilla/5.0 (Macintosh; Intel Mac OS X 10_15_7) AppleWebKit/605.1.15"
