10.70.109.137 - - [24/Apr/2026:17:04:28 +0500] "GET /api/v1/csrf HTTP/1.1" 200 295 "-" "Mozilla/5.0 (iPhone; CPU iPhone OS 17_2 like Mac OS X)"
10.70.109.137 - - [24/Apr/2026:17:04:33 +0500] "POST /api/v1/login HTTP/1.1" 200 2576 "-" "Mozilla/5.0 (iPhone; CPU iPhone OS 17_2 like Mac OS X)"
10.70.109.137 - - [24/Apr/2026:17:04:37 +0500] "GET /api/v1/transactions HTTP/1.1" 200 4671 "-" "Mozilla/5.0 (iPhone; CPU iPhone OS 17_2 like Mac OS X)"
10.160.110.121 - - [24/Apr/2026:17:04:43 +0500] "GET /login HTTP/1.1" 200 2947 "-" "Mozilla/5.0 (iPhone; CPU iPhone OS 14_0 like Mac OS X)"
10.160.110.121 - - [24/Apr/2026:17:04:43 +0500] "GET /static/app.css HTTP/1.1" 200 2058 "-" "Mozilla/5.0 (iPhone; CPU iPhone OS 14_0 like Mac OS X)"
10.160.110.121 - - [24/Apr/2026:17:04:43 +0500] "GET /static/logo.png HTTP/1.1" 200 3999 "-" "Mozilla/5.0 (iPhone; CPU iPhone OS 14_0 like Mac OS X)"
10.160.110.121 - - [24/Apr/2026:17:04:43 +0500] "GET /api/v1/csrf HTTP/1.1" 200 332 "-" "Mozilla/5.0 (iPhone; CPU iPhone OS 14_0 like Mac OS X)"
10.70.109.137 - - [24/Apr/2026:17:04:49 +0500] "GET /api/v1/balance HTTP/1.1" 200 2523 "-" "Mozilla/5.0 (iPhone; CPU iPhone OS 17_2 like Mac OS X)"
10.160.110.121 - - [24/Apr/2026:17:04:52 +0500] "POST /api/v1/login HTTP/1.1" 200 1471 "-" "Mozilla/5.0 (iPhone; CPU iPhone OS 14_0 like Mac OS X)"
10.70.109.137 - - [24/Apr/2026:17:04:53 +0500] "GET /api/v1/transactions HTTP/1.1" 200 758 "-" "Mozilla/5.0 (iPhone; CPU iPhone OS 17_2 like Mac OS X)"
10.160.110.121 - - [24/Apr/2026:17:04:54 +0500] "GET /api/v1/transactions HTTP/1.1" 200 4198 "-" "Mozilla/5.0 (iPhone; CPU iPhone OS 14_0 like Mac OS X)"
10.160.110.121 - - [24/Apr/2026:17:05:00 +0500] "GET /api/v1/transactions HTTP/1.1" 200 2161 "-" "Mozilla/5.0 (iPhone; CPU iPhone OS 14_0 like Mac OS X)"
10.70.109.137 - - [24/Apr/2026:17:05:04 +0500] "GET /api/v1/cards HTTP/1.1" 200 3883 "-" "Mozilla/5.0 (iPhone; CPU iPhone OS 17_2 like Mac OS X)"
10.160.110.121 - - [24/Apr/2026:17:05:06 +0500] "GET /api/v1/transactions HTTP/1.1" 200 1016 "-" "Mozilla/5.0 (iPhone; CPU iPhone OS 14_0 like Mac OS X)"
10.40.2.81 - - [24/Apr/2026:17:06:18 +0500] "GET /login HTTP/1.1" 200 3590 "-" "Mozilla/5.0 (Windows NT 10.0; Win64; x64) AppleWebKit/537.36"
10.40.2.81 - - [24/Apr/2026:17:06:18 +0500] "GET /static/app.css HTTP/1.1" 200 6533 "-" "Mozilla/5.0 (Windows NT 10.0; Win64; x64) AppleWebKit/537.36"
10.40.2.81 - - [24/Apr/2026:17:06:18 +0500] "GET /api/v1/csrf HTTP/1.1" 200 167 "-" "Mozilla/5.0 (Windows NT 10.0; Win64; x64) AppleWebKit/537.36"
10.40.2.81 - - [24/Apr/2026:17:06:22 +0500] "POST /api/v1/login HTTP/1.1" 200 1207 "-" "Mozilla/5.0 (Windows NT 10.0; Win64; x64) AppleWebKit/537.36"
10.40.2.81 - - [24/Apr/2026:17:06:25 +0500] "GET /api/v1/profile HTTP/1.1" 200 2056 "-" "Mozilla/5.0 (Windows NT 10.0; Win64; x64) AppleWebKit/537.36"
10.40.2.81 - - [24/Apr/2026:17:06:28 +0500] "GET /api/v1/profile HTTP/1.1" 200 1266 "-" "Mozilla/5.0 (Windows NT 10.0; Win64; x64) AppleWebKit/537.36"
10.40.2.81 - - [24/Apr/2026:17:06:41 +0500] "GET /api/v1/cards HTTP/1.1" 200 834 "-" "Mozilla/5.0 (Windows NT 10.0; Win64; x64) AppleWebKit/537.36"
10.40.2.81 - - [24/Apr/2026:17:06:48 +0500] "GET /api/v1/transactions HTTP/1.1" 200 3185 "-" "Mozilla/5.0 (Windows NT 10.0; Win64; x64) AppleWebKit/537.36"
10.40.2.81 - - [24/Apr/2026:17:06:59 +0500] "GET /api/v1/balance HTTP/1.1" 200 2113 "-" "Mozilla/5.0 (Windows NT 10.0; Win64; x64) AppleWebKit/537.36"
10.40.2.81 - - [24/Apr/2026:17:07:05 +0500] "GET /api/v1/transactions HTTP/1.1" 200 1794 "-" "Mozilla/5.0 (Windows NT 10.0; Win64; x64) AppleWebKit/537.36"
10.40.2.81 - - [24/Apr/2026:17:07:14 +0500] "GET /api/v1/balance HTTP/1.1" 200 1886 "-" "Mozilla/5.0 (Windows NT 10.0; Win64; x64) AppleWebKit/537.36"
10.40.2.81 - - [24/Apr/2026:17:07:27 +0500] "POST /api/v1/transfers HTTP/1.1" 200 611 "-" "Mozilla/5.0 (Windows NT 10.0; Win64; x64) AppleWebKit/537.36"
10.7.91.217 - - [24/Apr/2026:17:08:55 +0500] "GET /login HTTP/1.1" 200 3307 "-" "Mozilla/5.0 (Linux; Android 14) AppleWebKit/537.36 Chrome/120.0"
10.7.91.217 - - [24/Apr/2026:17:08:55 +0500] "GET /static/app.js HTTP/1.1" 200 5607 "-" "Mozilla/5.0 (Linux; Android 14) AppleWebKit/537.36 Chrome/120.0"
10.7.91.217 - - [24/Apr/2026:17:08:55 +0500] "GET /api/v1/csrf HTTP/1.1" 200 207 "-" "Mozilla/5.0 (Linux; Android 14) AppleWebKit/537.36 Chrome/120.0"
199.249.230.89 - - [24/Apr/2026:17:09:00 +0500] "POST /api/v1/login HTTP/1.1" 401 264 "-" "Mozilla/5.0 (X11; Linux x86_64) Gecko/20100101 Firefox/121.0"
10.7.91.217 - - [24/Apr/2026:17:09:00 +0500] "POST /api/v1/login HTTP/1.1" 200 1092 "-" "Mozilla/5.0 (Linux; Android 14) AppleWebKit/537.36 Chrome/120.0"
10.7.91.217 - - [24/Apr/2026:17:09:04 +0500] "GET /api/v1/profile HTTP/1.1" 200 500 "-" "Mozilla/5.0 (Linux; Android 14) AppleWebKit/537.36 Chrome/120.0"
10.7.91.217 - - [24/Apr/2026:17:09:10 +0500] "GET /api/v1/balance HTTP/1.1" 200 3407 "-" "Mozilla/5.0 (Linux; Android 14) AppleWebKit/537.36 Chrome/120.0"
10.7.91.217 - - [24/Apr/2026:17:09:18 +0500] "GET /api/v1/balance HTTP/1.1" 200 4473 "-" "Mozilla/5.0 (Linux; Android 14) AppleWebKit/537.36 Chrome/120.0"
10.238.126.93 - - [24/Apr/2026:17:09:41 +0500] "GET /login HTTP/1.1" 200 3697 "-" "Mozilla/5.0 (Windows NT 10.0; Win64; x64) AppleWebKit/537.36"
10.238.126.93 - - [24/Apr/2026:17:09:41 +0500] "GET /static/logo.png HTTP/1.1" 200 6542 "-" "Mozilla/5.0 (Windows NT 10.0; Win64; x64) AppleWebKit/537.36"
10.238.126.93 - - [24/Apr/2026:17:09:41 +0500] "GET /static/app.js HTTP/1.1" 200 6231 "-" "Mozilla/5.0 (Windows NT 10.0; Win64; x64) AppleWebKit/537.36"
10.238.126.93 - - [24/Apr/2026:17:09:41 +0500] "GET /api/v1/csrf HTTP/1.1" 200 233 "-" "Mozilla/5.0 (Windows NT 10.0; Win64; x64) AppleWebKit/537.36"
10.238.126.93 - - [24/Apr/2026:17:09:53 +0500] "POST /api/v1/login HTTP/1.1" 200 3062 "-" "Mozilla/5.0 (Windows NT 10.0; Win64; x64) AppleWebKit/537.36"
10.238.126.93 - - [24/Apr/2026:17:09:55 +0500] "GET /api/v1/profile HTTP/1.1" 200 1213 "-" "Mozilla/5.0 (Windows NT 10.0; Win64; x64) AppleWebKit/537.36"
10.238.126.93 - - [24/Apr/2026:17:09:57 +0500] "GET /api/v1/cards HTTP/1.1" 200 2548 "-" "Mozilla/5.0 (Windows NT 10.0; Win64; x64) AppleWebKit/537.36"
10.176.147.203 - - [24/Apr/2026:17:10:04 +0500] "GET /login HTTP/1.1" 200 3943 "-" "Mozilla/5.0 (Macintosh; Intel Mac OS X 10_15_7) AppleWebKit/605.1.15"
10.176.147.203 - - [24/Apr/2026:17:10:04 +0500] "GET /favicon.ico HTTP/1.1" 200 6029 "-" "Mozilla/5.0 (Macintosh; Intel Mac OS X 10_15_7) AppleWebKit/605.1.15"
10.176.147.203 - - [24/Apr/2026:17:10:04 +0500] "GET /static/logo.png HTTP/1.1" 200 4142 "-" "Mozilla/5.0 (Macintosh; Intel Mac OS X 10_15_7) AppleWebKit/605.1.15"
10.176.147.203 - - [24/Apr/2026:17:10:05 +0500] "GET /api/v1/csrf HTTP/1.1" 200 320 "-" "Mozilla/5.0 (Macintosh; Intel Mac OS X 10_15_7) AppleWebKit/605.1.15"
10.238.126.93 - - [24/Apr/2026:17:10:11 +0500] "GET /api/v1/profile HTTP/1.1" 200 1244 "-" "Mozilla/5.0 (Windows NT 10.0; Win64; x64) AppleWebKit/537.36"
10.176.147.203 - - [24/Apr/2026:17:10:16 +0500] "POST /api/v1/login HTTP/1.1" 200 1542 "-" "Mozilla/5.0 (Macintosh; Intel Mac OS X 10_15_7) AppleWebKit/605.1.15"
10.176.147.203 - - [24/Apr/2026:17:10:19 +0500] "GET /api/v1/balance HTTP/1.1" 200 2636 "-" "Mozilla/5.0 (Macintosh; Intel Mac OS X 10_15_7) AppleWebKit/605.1.15"
10.176.147.203 - - [24/Apr/2026:17:10:23 +0500] "GET /api/v1/cards HTTP/1.1" 200 1895 "-" "Mozilla/5.0 (Macintosh; Intel Mac OS X 10_15_7) AppleWebKit/605.1.15"
10.176.147.203 - - [24/Apr/2026:17:10:26 +0500] "GET /api/v1/transactions HTTP/1.1" 200 846 "-" "Mozilla/5.0 (Macintosh; Intel Mac OS X 10_15_7) AppleWebKit/605.1.15"
10.9.51.166 - - [24/Apr/2026:17:11:06 +0500] "GET /login HTTP/1.1" 200 4736 "-" "Mozilla/5.0 (iPhone; CPU iPhone OS 14_0 like Mac OS X)"
10.9.51.166 - - [24/Apr/2026:17:11:06 +0500] "GET /static/logo.png HTTP/1.1" 200 843 "-" "Mozilla/5.0 (iPhone; CPU iPhone OS 14_0 like Mac OS X)"
10.9.51.166 - - [24/Apr/2026:17:11:06 +0500] "GET /favicon.ico HTTP/1.1" 200 4267 "-" "Mozilla/5.0 (iPhone; CPU iPhone OS 14_0 like Mac OS X)"
10.9.51.166 - - [24/Apr/2026:17:11:07 +0500] "GET /static/app.css HTTP/1.1" 200 4391 "-" "Mozilla/5.0 (iPhone; CPU iPhone OS 14_0 like Mac OS X)"
10.9.51.166 - - [24/Apr/2026:17:11:07 +0500] "GET /api/v1/csrf HTTP/1.1" 200 324 "-" "Mozilla/5.0 (iPhone; CPU iPhone OS 14_0 like Mac OS X)"
10.9.51.166 - - [24/Apr/2026:17:11:11 +0500] "POST /api/v1/login HTTP/1.1" 200 2597 "-" "Mozilla/5.0 (iPhone; CPU iPhone OS 14_0 like Mac OS X)"
10.157.204.51 - - [24/Apr/2026:17:11:12 +0500] "GET /login HTTP/1.1" 200 2007 "-" "Mozilla/5.0 (iPhone; CPU iPhone OS 17_2 like Mac OS X)"
10.157.204.51 - - [24/Apr/2026:17:11:12 +0500] "GET /static/app.js HTTP/1.1" 200 4679 "-" "Mozilla/5.0 (iPhone; CPU iPhone OS 17_2 like Mac OS X)"
10.157.204.51 - - [24/Apr/2026:17:11:12 +0500] "GET /static/logo.png HTTP/1.1" 200 6738 "-" "Mozilla/5.0 (iPhone; CPU iPhone OS 17_2 like Mac OS X)"
10.157.204.51 - - [24/Apr/2026:17:11:12 +0500] "GET /static/app.css HTTP/1.1" 200 2234 "-" "Mozilla/5.0 (iPhone; CPU iPhone OS 17_2 like Mac OS X)"
10.157.204.51 - - [24/Apr/2026:17:11:12 +0500] "GET /api/v1/csrf HTTP/1.1" 200 105 "-" "Mozilla/5.0 (iPhone; CPU iPhone OS 17_2 like Mac OS X)"
10.9.51.166 - - [24/Apr/2026:17:11:13 +0500] "GET /api/v1/profile HTTP/1.1" 200 4753 "-" "Mozilla/5.0 (iPhone; CPU iPhone OS 14_0 like Mac OS X)"
10.157.204.51 - - [24/Apr/2026:17:11:18 +0500] "POST /api/v1/login HTTP/1.1" 200 3725 "-" "Mozilla/5.0 (iPhone; CPU iPhone OS 17_2 like Mac OS X)"
10.9.51.166 - - [24/Apr/2026:17:11:19 +0500] "GET /api/v1/balance HTTP/1.1" 200 3272 "-" "Mozilla/5.0 (iPhone; CPU iPhone OS 14_0 like Mac OS X)"
10.157.204.51 - - [24/Apr/2026:17:11:22 +0500] "GET /api/v1/balance HTTP/1.1" 200 908 "-" "Mozilla/5.0 (iPhone; CPU iPhone OS 17_2 like Mac OS X)"
10.9.51.166 - - [24/Apr/2026:17:11:24 +0500] "GET /api/v1/cards HTTP/1.1" 200 1697 "-" "Mozilla/5.0 (iPhone; CPU iPhone OS 14_0 like Mac OS X)"
10.157.204.51 - - [24/Apr/2026:17:11:27 +0500] "GET /api/v1/cards HTTP/1.1" 200 4400 "-" "Mozilla/5.0 (iPhone; CPU iPhone OS 17_2 like Mac OS X)"
10.157.204.51 - - [24/Apr/2026:17:11:42 +0500] "GET /api/v1/balance HTTP/1.1" 200 4305 "-" "Mozilla/5.0 (iPhone; CPU iPhone OS 17_2 like Mac OS X)"
10.130.206.193 - - [24/Apr/2026:17:12:16 +0500] "GET /login HTTP/1.1" 200 4521 "-" "Mozilla/5.0 (iPhone; CPU iPhone OS 14_0 like Mac OS X)"
10.130.206.193 - - [24/Apr/2026:17:12:16 +0500] "GET /static/app.css HTTP/1.1" 200 1819 "-" "Mozilla/5.0 (iPhone; CPU iPhone OS 14_0 like Mac OS X)"
10.130.206.193 - - [24/Apr/2026:17:12:16 +0500] "GET /favicon.ico HTTP/1.1" 200 5827 "-" "Mozilla/5.0 (iPhone; CPU iPhone OS 14_0 like Mac OS X)"
10.130.206.193 - - [24/Apr/2026:17:12:16 +0500] "GET /api/v1/csrf HTTP/1.1" 200 208 "-" "Mozilla/5.0 (iPhone; CPU iPhone OS 14_0 like Mac OS X)"
10.130.206.193 - - [24/Apr/2026:17:12:26 +0500] "POST /api/v1/login HTTP/1.1" 200 3211 "-" "Mozilla/5.0 (iPhone; CPU iPhone OS 14_0 like Mac OS X)"
10.130.206.193 - - [24/Apr/2026:17:12:30 +0500] "GET /api/v1/profile HTTP/1.1" 200 3685 "-" "Mozilla/5.0 (iPhone; CPU iPhone OS 14_0 like Mac OS X)"
10.130.206.193 - - [24/Apr/2026:17:12:32 +0500] "GET /api/v1/balance HTTP/1.1" 200 4579 "-" "Mozilla/5.0 (iPhone; CPU iPhone OS 14_0 like Mac OS X)"
10.130.206.193 - - [24/Apr/2026:17:12:40 +0500] "GET /api/v1/balance HTTP/1.1" 200 2797 "-" "Mozilla/5.0 (iPhone; CPU iPhone OS 14_0 like Mac OS X)"
10.174.81.54 - - [24/Apr/2026:17:14:25 +0500] "GET /login HTTP/1.1" 200 3934 "-" "Mozilla/5.0 (iPhone; CPU iPhone OS 17_2 like Mac OS X)"
10.174.81.54 - - [24/Apr/2026:17:14:25 +0500] "GET /static/app.css HTTP/1.1" 200 4338 "-" "Mozilla/5.0 (iPhone; CPU iPhone OS 17_2 like Mac OS X)"
10.174.81.54 - - [24/Apr/2026:17:14:25 +0500] "GET /api/v1/csrf HTTP/1.1" 200 220 "-" "Mozilla/5.0 (iPhone; CPU iPhone OS 17_2 like Mac OS X)"
10.185.241.35 - - [24/Apr/2026:17:14:30 +0500] "GET /login HTTP/1.1" 200 2099 "-" "SQBMobileApp/2.1.0 (Android 13; SM-G998B)"
10.185.241.35 - - [24/Apr/2026:17:14:30 +0500] "GET /favicon.ico HTTP/1.1" 200 1398 "-" "SQBMobileApp/2.1.0 (Android 13; SM-G998B)"
10.185.241.35 - - [24/Apr/2026:17:14:30 +0500] "GET /api/v1/csrf HTTP/1.1" 200 318 "-" "SQBMobileApp/2.1.0 (Android 13; SM-G998B)"
10.174.81.54 - - [24/Apr/2026:17:14:36 +0500] "POST /api/v1/login HTTP/1.1" 401 926 "-" "Mozilla/5.0 (iPhone; CPU iPhone OS 17_2 like Mac OS X)"
10.185.241.35 - - [24/Apr/2026:17:14:42 +0500] "POST /api/v1/login HTTP/1.1" 200 3979 "-" "SQBMobileApp/2.1.0 (Android 13; SM-G998B)"
10.185.241.35 - - [24/Apr/2026:17:14:46 +0500] "GET /api/v1/profile HTTP/1.1" 200 4032 "-" "SQBMobileApp/2.1.0 (Android 13; SM-G998B)"
10.185.241.35 - - [24/Apr/2026:17:14:52 +0500] "GET /api/v1/balance HTTP/1.1" 200 3017 "-" "SQBMobileApp/2.1.0 (Android 13; SM-G998B)"
10.185.241.35 - - [24/Apr/2026:17:14:54 +0500] "GET /api/v1/transactions HTTP/1.1" 200 758 "-" "SQBMobileApp/2.1.0 (Android 13; SM-G998B)"
10.199.66.107 - - [24/Apr/2026:17:15:04 +0500] "GET /login HTTP/1.1" 200 2143 "-" "Mozilla/5.0 (iPhone; CPU iPhone OS 14_0 like Mac OS X)"
10.199.66.107 - - [24/Apr/2026:17:15:04 +0500] "GET /static/app.js HTTP/1.1" 200 1458 "-" "Mozilla/5.0 (iPhone; CPU iPhone OS 14_0 like Mac OS X)"
10.199.66.107 - - [24/Apr/2026:17:15:04 +0500] "GET /static/logo.png HTTP/1.1" 200 3132 "-" "Mozilla/5.0 (iPhone; CPU iPhone OS 14_0 like Mac OS X)"
10.185.241.35 - - [24/Apr/2026:17:15:04 +0500] "POST /api/v1/transfers HTTP/1.1" 200 1321 "-" "SQBMobileApp/2.1.0 (Android 13; SM-G998B)"
10.199.66.107 - - [24/Apr/2026:17:15:04 +0500] "GET /static/app.css HTTP/1.1" 200 1879 "-" "Mozilla/5.0 (iPhone; CPU iPhone OS 14_0 like Mac OS X)"
10.199.66.107 - - [24/Apr/2026:17:15:05 +0500] "GET /api/v1/csrf HTTP/1.1" 200 114 "-" "Mozilla/5.0 (iPhone; CPU iPhone OS 14_0 like Mac OS X)"
10.199.66.107 - - [24/Apr/2026:17:15:12 +0500] "POST /api/v1/login HTTP/1.1" 401 911 "-" "Mozilla/5.0 (iPhone; CPU iPhone OS 14_0 like Mac OS X)"
10.49.124.183 - - [24/Apr/2026:17:15:49 +0500] "GET /login HTTP/1.1" 200 3206 "-" "SQBMobileApp/2.1.0 (Android 13; SM-G998B)"
10.49.124.183 - - [24/Apr/2026:17:15:49 +0500] "GET /static/app.css HTTP/1.1" 200 7885 "-" "SQBMobileApp/2.1.0 (Android 13; SM-G998B)"
10.49.124.183 - - [24/Apr/2026:17:15:49 +0500] "GET /static/app.js HTTP/1.1" 200 1874 "-" "SQBMobileApp/2.1.0 (Android 13; SM-G998B)"
10.49.124.183 - - [24/Apr/2026:17:15:49 +0500] "GET /api/v1/csrf HTTP/1.1" 200 309 "-" "SQBMobileApp/2.1.0 (Android 13; SM-G998B)"
10.49.124.183 - - [24/Apr/2026:17:15:57 +0500] "POST /api/v1/login HTTP/1.1" 200 3936 "-" "SQBMobileApp/2.1.0 (Android 13; SM-G998B)"
10.49.124.183 - - [24/Apr/2026:17:16:00 +0500] "GET /api/v1/profile HTTP/1.1" 200 2295 "-" "SQBMobileApp/2.1.0 (Android 13; SM-G998B)"
10.49.124.183 - - [24/Apr/2026:17:16:07 +0500] "GET /api/v1/cards HTTP/1.1" 200 1721 "-" "SQBMobileApp/2.1.0 (Android 13; SM-G998B)"
10.240.198.242 - - [24/Apr/2026:17:16:11 +0500] "GET /login HTTP/1.1" 200 2602 "-" "SQBMobileApp/2.2.1 (iOS 17.0; iPhone15,3)"
10.240.198.242 - - [24/Apr/2026:17:16:11 +0500] "GET /static/app.js HTTP/1.1" 200 7684 "-" "SQBMobileApp/2.2.1 (iOS 17.0; iPhone15,3)"
10.240.198.242 - - [24/Apr/2026:17:16:11 +0500] "GET /favicon.ico HTTP/1.1" 200 890 "-" "SQBMobileApp/2.2.1 (iOS 17.0; iPhone15,3)"
10.240.198.242 - - [24/Apr/2026:17:16:11 +0500] "GET /static/app.css HTTP/1.1" 200 3808 "-" "SQBMobileApp/2.2.1 (iOS 17.0; iPhone15,3)"
10.108.145.238 - - [24/Apr/2026:17:16:12 +0500] "GET /login HTTP/1.1" 200 3021 "-" "SQBMobileApp/2.1.0 (Android 13; SM-G998B)"
10.240.198.242 - - [24/Apr/2026:17:16:12 +0500] "GET /api/v1/csrf HTTP/1.1" 200 196 "-" "SQBMobileApp/2.2.1 (iOS 17.0; iPhone15,3)"
10.108.145.238 - - [24/Apr/2026:17:16:12 +0500] "GET /static/app.css HTTP/1.1" 200 1842 "-" "SQBMobileApp/2.1.0 (Android 13; SM-G998B)"
10.108.145.238 - - [24/Apr/2026:17:16:12 +0500] "GET /favicon.ico HTTP/1.1" 200 7754 "-" "SQBMobileApp/2.1.0 (Android 13; SM-G998B)"
10.108.145.238 - - [24/Apr/2026:17:16:12 +0500] "GET /api/v1/csrf HTTP/1.1" 200 341 "-" "SQBMobileApp/2.1.0 (Android 13; SM-G998B)"
10.108.145.238 - - [24/Apr/2026:17:16:15 +0500] "POST /api/v1/login HTTP/1.1" 200 2387 "-" "SQBMobileApp/2.1.0 (Android 13; SM-G998B)"
10.108.145.238 - - [24/Apr/2026:17:16:16 +0500] "GET /api/v1/transactions HTTP/1.1" 200 3380 "-" "SQBMobileApp/2.1.0 (Android 13; SM-G998B)"
10.240.198.242 - - [24/Apr/2026:17:16:20 +0500] "POST /api/v1/login HTTP/1.1" 200 2684 "-" "SQBMobileApp/2.2.1 (iOS 17.0; iPhone15,3)"
10.49.124.183 - - [24/Apr/2026:17:16:21 +0500] "GET /api/v1/cards HTTP/1.1" 200 4687 "-" "SQBMobileApp/2.1.0 (Android 13; SM-G998B)"
10.240.198.242 - - [24/Apr/2026:17:16:22 +0500] "GET /api/v1/balance HTTP/1.1" 200 4061 "-" "SQBMobileApp/2.2.1 (iOS 17.0; iPhone15,3)"
10.108.145.238 - - [24/Apr/2026:17:16:24 +0500] "GET /api/v1/balance HTTP/1.1" 200 3028 "-" "SQBMobileApp/2.1.0 (Android 13; SM-G998B)"
10.108.145.238 - - [24/Apr/2026:17:16:28 +0500] "GET /api/v1/transactions HTTP/1.1" 200 1323 "-" "SQBMobileApp/2.1.0 (Android 13; SM-G998B)"
10.240.198.242 - - [24/Apr/2026:17:16:35 +0500] "GET /api/v1/cards HTTP/1.1" 200 3770 "-" "SQBMobileApp/2.2.1 (iOS 17.0; iPhone15,3)"
10.108.145.238 - - [24/Apr/2026:17:16:35 +0500] "GET /api/v1/balance HTTP/1.1" 200 2919 "-" "SQBMobileApp/2.1.0 (Android 13; SM-G998B)"
213.230.65.12 - - [24/Apr/2026:17:16:36 +0500] "GET /login HTTP/1.1" 200 2608 "-" "Mozilla/5.0 (iPhone; CPU iPhone OS 14_0 like Mac OS X)"
213.230.65.12 - - [24/Apr/2026:17:16:36 +0500] "GET /favicon.ico HTTP/1.1" 200 3118 "-" "Mozilla/5.0 (iPhone; CPU iPhone OS 14_0 like Mac OS X)"
213.230.65.12 - - [24/Apr/2026:17:16:36 +0500] "GET /static/logo.png HTTP/1.1" 200 3129 "-" "Mozilla/5.0 (iPhone; CPU iPhone OS 14_0 like Mac OS X)"
213.230.65.12 - - [24/Apr/2026:17:16:36 +0500] "GET /api/v1/csrf HTTP/1.1" 200 230 "-" "Mozilla/5.0 (iPhone; CPU iPhone OS 14_0 like Mac OS X)"
10.108.145.238 - - [24/Apr/2026:17:16:42 +0500] "GET /api/v1/balance HTTP/1.1" 200 1845 "-" "SQBMobileApp/2.1.0 (Android 13; SM-G998B)"
10.240.198.242 - - [24/Apr/2026:17:16:46 +0500] "GET /api/v1/cards HTTP/1.1" 200 914 "-" "SQBMobileApp/2.2.1 (iOS 17.0; iPhone15,3)"
213.230.65.12 - - [24/Apr/2026:17:16:47 +0500] "POST /api/v1/login HTTP/1.1" 200 1457 "-" "Mozilla/5.0 (iPhone; CPU iPhone OS 14_0 like Mac OS X)"
213.230.65.12 - - [24/Apr/2026:17:16:51 +0500] "GET /api/v1/transactions HTTP/1.1" 200 2950 "-" "Mozilla/5.0 (iPhone; CPU iPhone OS 14_0 like Mac OS X)"
10.240.198.242 - - [24/Apr/2026:17:16:52 +0500] "GET /api/v1/cards HTTP/1.1" 200 3305 "-" "SQBMobileApp/2.2.1 (iOS 17.0; iPhone15,3)"
10.108.145.238 - - [24/Apr/2026:17:16:52 +0500] "GET /api/v1/cards HTTP/1.1" 200 1891 "-" "SQBMobileApp/2.1.0 (Android 13; SM-G998B)"
10.240.198.242 - - [24/Apr/2026:17:17:05 +0500] "GET /api/v1/cards HTTP/1.1" 200 4965 "-" "SQBMobileApp/2.2.1 (iOS 17.0; iPhone15,3)"
213.230.65.12 - - [24/Apr/2026:17:17:06 +0500] "GET /api/v1/profile HTTP/1.1" 200 1948 "-" "Mozilla/5.0 (iPhone; CPU iPhone OS 14_0 like Mac OS X)"
10.108.145.238 - - [24/Apr/2026:17:17:07 +0500] "GET /api/v1/cards HTTP/1.1" 200 405 "-" "SQBMobileApp/2.1.0 (Android 13; SM-G998B)"
10.240.198.242 - - [24/Apr/2026:17:17:11 +0500] "GET /api/v1/balance HTTP/1.1" 200 2589 "-" "SQBMobileApp/2.2.1 (iOS 17.0; iPhone15,3)"
213.230.65.12 - - [24/Apr/2026:17:17:13 +0500] "GET /api/v1/profile HTTP/1.1" 200 4459 "-" "Mozilla/5.0 (iPhone; CPU iPhone OS 14_0 like Mac OS X)"
10.240.198.242 - - [24/Apr/2026:17:17:14 +0500] "GET /api/v1/cards HTTP/1.1" 200 2061 "-" "SQBMobileApp/2.2.1 (iOS 17.0; iPhone15,3)"
10.108.145.238 - - [24/Apr/2026:17:17:17 +0500] "GET /api/v1/balance HTTP/1.1" 200 4847 "-" "SQBMobileApp/2.1.0 (Android 13; SM-G998B)"
213.230.65.12 - - [24/Apr/2026:17:17:24 +0500] "GET /api/v1/balance HTTP/1.1" 200 3563 "-" "Mozilla/5.0 (iPhone; CPU iPhone OS 14_0 like Mac OS X)"
213.230.65.12 - - [24/Apr/2026:17:17:32 +0500] "GET /api/v1/balance HTTP/1.1" 200 942 "-" "Mozilla/5.0 (iPhone; CPU iPhone OS 14_0 like Mac OS X)"
213.230.65.12 - - [24/Apr/2026:17:17:34 +0500] "GET /api/v1/transactions HTTP/1.1" 200 4831 "-" "Mozilla/5.0 (iPhone; CPU iPhone OS 14_0 like Mac OS X)"
213.230.65.12 - - [24/Apr/2026:17:17:40 +0500] "GET /api/v1/transactions HTTP/1.1" 200 428 "-" "Mozilla/5.0 (iPhone; CPU iPhone OS 14_0 like Mac OS X)"
10.188.55.146 - - [24/Apr/2026:17:19:05 +0500] "GET /login HTTP/1.1" 200 4536 "-" "Mozilla/5.0 (iPhone; CPU iPhone OS 14_0 like Mac OS X)"
10.188.55.146 - - [24/Apr/2026:17:19:05 +0500] "GET /favicon.ico HTTP/1.1" 200 2558 "-" "Mozilla/5.0 (iPhone; CPU iPhone OS 14_0 like Mac OS X)"
10.188.55.146 - - [24/Apr/2026:17:19:05 +0500] "GET /static/app.js HTTP/1.1" 200 5155 "-" "Mozilla/5.0 (iPhone; CPU iPhone OS 14_0 like Mac OS X)"
10.188.55.146 - - [24/Apr/2026:17:19:06 +0500] "GET /static/logo.png HTTP/1.1" 200 7501 "-" "Mozilla/5.0 (iPhone; CPU iPhone OS 14_0 like Mac OS X)"
10.188.55.146 - - [24/Apr/2026:17:19:06 +0500] "GET /api/v1/csrf HTTP/1.1" 200 253 "-" "Mozilla/5.0 (iPhone; CPU iPhone OS 14_0 like Mac OS X)"
10.188.55.146 - - [24/Apr/2026:17:19:16 +0500] "POST /api/v1/login HTTP/1.1" 200 2538 "-" "Mozilla/5.0 (iPhone; CPU iPhone OS 14_0 like Mac OS X)"
10.188.55.146 - - [24/Apr/2026:17:19:18 +0500] "GET /api/v1/cards HTTP/1.1" 200 3960 "-" "Mozilla/5.0 (iPhone; CPU iPhone OS 14_0 like Mac OS X)"
10.188.55.146 - - [24/Apr/2026:17:19:25 +0500] "GET /api/v1/cards HTTP/1.1" 200 1574 "-" "Mozilla/5.0 (iPhone; CPU iPhone OS 14_0 like Mac OS X)"
10.188.55.146 - - [24/Apr/2026:17:19:40 +0500] "GET /api/v1/profile HTTP/1.1" 200 2031 "-" "Mozilla/5.0 (iPhone; CPU iPhone OS 14_0 like Mac OS X)"
10.188.55.146 - - [24/Apr/2026:17:19:44 +0500] "GET /api/v1/cards HTTP/1.1" 200 2321 "-" "Mozilla/5.0 (iPhone; CPU iPhone OS 14_0 like Mac OS X)"
10.194.163.92 - - [24/Apr/2026:17:19:46 +0500] "GET /login HTTP/1.1" 200 3608 "-" "Mozilla/5.0 (iPhone; CPU iPhone OS 17_2 like Mac OS X)"
10.194.163.92 - - [24/Apr/2026:17:19:46 +0500] "GET /static/logo.png HTTP/1.1" 200 3250 "-" "Mozilla/5.0 (iPhone; CPU iPhone OS 17_2 like Mac OS X)"
10.194.163.92 - - [24/Apr/2026:17:19:46 +0500] "GET /static/app.css HTTP/1.1" 200 6935 "-" "Mozilla/5.0 (iPhone; CPU iPhone OS 17_2 like Mac OS X)"
10.194.163.92 - - [24/Apr/2026:17:19:46 +0500] "GET /static/app.js HTTP/1.1" 200 2447 "-" "Mozilla/5.0 (iPhone; CPU iPhone OS 17_2 like Mac OS X)"
10.194.163.92 - - [24/Apr/2026:17:19:46 +0500] "GET /api/v1/csrf HTTP/1.1" 200 124 "-" "Mozilla/5.0 (iPhone; CPU iPhone OS 17_2 like Mac OS X)"
10.188.55.146 - - [24/Apr/2026:17:19:51 +0500] "GET /api/v1/balance HTTP/1.1" 200 2011 "-" "Mozilla/5.0 (iPhone; CPU iPhone OS 14_0 like Mac OS X)"
10.194.163.92 - - [24/Apr/2026:17:19:56 +0500] "POST /api/v1/login HTTP/1.1" 200 948 "-" "Mozilla/5.0 (iPhone; CPU iPhone OS 17_2 like Mac OS X)"
10.194.163.92 - - [24/Apr/2026:17:20:00 +0500] "GET /api/v1/profile HTTP/1.1" 200 3357 "-" "Mozilla/5.0 (iPhone; CPU iPhone OS 17_2 like Mac OS X)"
10.194.163.92 - - [24/Apr/2026:17:20:10 +0500] "GET /api/v1/cards HTTP/1.1" 200 4491 "-" "Mozilla/5.0 (iPhone; CPU iPhone OS 17_2 like Mac OS X)"
10.194.163.92 - - [24/Apr/2026:17:20:21 +0500] "GET /api/v1/profile HTTP/1.1" 200 1088 "-" "Mozilla/5.0 (iPhone; CPU iPhone OS 17_2 like Mac OS X)"
10.194.163.92 - - [24/Apr/2026:17:20:34 +0500] "GET /api/v1/balance HTTP/1.1" 200 850 "-" "Mozilla/5.0 (iPhone; CPU iPhone OS 17_2 like Mac OS X)"
10.194.163.92 - - [24/Apr/2026:17:20:44 +0500] "GET /api/v1/balance HTTP/1.1" 200 2650 "-" "Mozilla/5.0 (iPhone; CPU iPhone OS 17_2 like Mac OS X)"
10.194.163.92 - - [24/Apr/2026:17:20:52 +0500] "GET /api/v1/transactions HTTP/1.1" 200 1513 "-" "Mozilla/5.0 (iPhone; CPU iPhone OS 17_2 like Mac OS X)"
10.194.163.92 - - [24/Apr/2026:17:21:02 +0500] "GET /api/v1/balance HTTP/1.1" 200 961 "-" "Mozilla/5.0 (iPhone; CPU iPhone OS 17_2 like Mac OS X)"
10.140.65.144 - - [24/Apr/2026:17:21:49 +0500] "GET /login HTTP/1.1" 200 2094 "-" "Mozilla/5.0 (Linux; Android 14) AppleWebKit/537.36 Chrome/120.0"
10.140.65.144 - - [24/Apr/2026:17:21:49 +0500] "GET /static/logo.png HTTP/1.1" 200 2757 "-" "Mozilla/5.0 (Linux; Android 14) AppleWebKit/537.36 Chrome/120.0"
10.140.65.144 - - [24/Apr/2026:17:21:49 +0500] "GET /favicon.ico HTTP/1.1" 200 6997 "-" "Mozilla/5.0 (Linux; Android 14) AppleWebKit/537.36 Chrome/120.0"
10.140.65.144 - - [24/Apr/2026:17:21:49 +0500] "GET /static/app.js HTTP/1.1" 200 2782 "-" "Mozilla/5.0 (Linux; Android 14) AppleWebKit/537.36 Chrome/120.0"
10.140.65.144 - - [24/Apr/2026:17:21:49 +0500] "GET /api/v1/csrf HTTP/1.1" 200 354 "-" "Mozilla/5.0 (Linux; Android 14) AppleWebKit/537.36 Chrome/120.0"
10.140.65.144 - - [24/Apr/2026:17:21:53 +0500] "POST /api/v1/login HTTP/1.1" 200 1193 "-" "Mozilla/5.0 (Linux; Android 14) AppleWebKit/537.36 Chrome/120.0"
10.140.65.144 - - [24/Apr/2026:17:21:54 +0500] "GET /api/v1/balance HTTP/1.1" 200 586 "-" "Mozilla/5.0 (Linux; Android 14) AppleWebKit/537.36 Chrome/120.0"
10.140.65.144 - - [24/Apr/2026:17:22:00 +0500] "GET /api/v1/balance HTTP/1.1" 200 1015 "-" "Mozilla/5.0 (Linux; Android 14) AppleWebKit/537.36 Chrome/120.0"
10.140.65.144 - - [24/Apr/2026:17:22:08 +0500] "GET /api/v1/balance HTTP/1.1" 200 4287 "-" "Mozilla/5.0 (Linux; Android 14) AppleWebKit/537.36 Chrome/120.0"
10.240.220.90 - - [24/Apr/2026:17:22:09 +0500] "GET /login HTTP/1.1" 200 3664 "-" "Mozilla/5.0 (Macintosh; Intel Mac OS X 10_15_7) AppleWebKit/605.1.15"
10.240.220.90 - - [24/Apr/2026:17:22:09 +0500] "GET /favicon.ico HTTP/1.1" 200 5247 "-" "Mozilla/5.0 (Macintosh; Intel Mac OS X 10_15_7) AppleWebKit/605.1.15"
10.240.220.90 - - [24/Apr/2026:17:22:09 +0500] "GET /api/v1/csrf HTTP/1.1" 200 210 "-" "Mozilla/5.0 (Macintosh; Intel Mac OS X 10_15_7) AppleWebKit/605.1.15"
10.140.65.144 - - [24/Apr/2026:17:22:11 +0500] "GET /api/v1/profile HTTP/1.1" 200 2251 "-" "Mozilla/5.0 (Linux; Android 14) AppleWebKit/537.36 Chrome/120.0"
10.240.220.90 - - [24/Apr/2026:17:22:18 +0500] "POST /api/v1/login HTTP/1.1" 200 3845 "-" "Mozilla/5.0 (Macintosh; Intel Mac OS X 10_15_7) AppleWebKit/605.1.15"
10.240.220.90 - - [24/Apr/2026:17:22:20 +0500] "GET /api/v1/transactions HTTP/1.1" 200 4857 "-" "Mozilla/5.0 (Macintosh; Intel Mac OS X 10_15_7) AppleWebKit/605.1.15"
10.240.220.90 - - [24/Apr/2026:17:22:24 +0500] "GET /api/v1/balance HTTP/1.1" 200 4002 "-" "Mozilla/5.0 (Macintosh; Intel Mac OS X 10_15_7) AppleWebKit/605.1.15"
10.140.65.144 - - [24/Apr/2026:17:22:26 +0500] "GET /api/v1/profile HTTP/1.1" 200 974 "-" "Mozilla/5.0 (Linux; Android 14) AppleWebKit/537.36 Chrome/120.0"
10.240.220.90 - - [24/Apr/2026:17:22:28 +0500] "GET /api/v1/balance HTTP/1.1" 200 2811 "-" "Mozilla/5.0 (Macintosh; Intel Mac OS X 10_15_7) AppleWebKit/605.1.15"
10.140.65.144 - - [24/Apr/2026:17:22:29 +0500] "GET /api/v1/cards HTTP/1.1" 200 2968 "-" "Mozilla/5.0 (Linux; Android 14) AppleWebKit/537.36 Chrome/120.0"
10.240.220.90 - - [24/Apr/2026:17:22:43 +0500] "GET /api/v1/transactions HTTP/1.1" 200 1687 "-" "Mozilla/5.0 (Macintosh; Intel Mac OS X 10_15_7) AppleWebKit/605.1.15"
10.240.220.90 - - [24/Apr/2026:17:22:57 +0500] "GET /api/v1/transactions HTTP/1.1" 200 2418 "-" "Mozilla/5.0 (Macintosh; Intel Mac OS X 10_15_7) AppleWebKit/605.1.15"
10.240.220.90 - - [24/Apr/2026:17:23:10 +0500] "GET /api/v1/cards HTTP/1.1" 200 1224 "-" "Mozilla/5.0 (Macintosh; Intel Mac OS X 10_15_7) AppleWebKit/605.1.15"
10.240.220.90 - - [24/Apr/2026:17:23:17 +0500] "GET /api/v1/balance HTTP/1.1" 200 3562 "-" "Mozilla/5.0 (Macintosh; Intel Mac OS X 10_15_7) AppleWebKit/605.1.15"
10.65.100.75 - - [24/Apr/2026:17:23:32 +0500] "GET /login HTTP/1.1" 200 3622 "-" "Mozilla/5.0 (Windows NT 10.0; Win64; x64) AppleWebKit/537.36"
10.65.100.75 - - [24/Apr/2026:17:23:32 +0500] "GET /static/app.js HTTP/1.1" 200 1696 "-" "Mozilla/5.0 (Windows NT 10.0; Win64; x64) AppleWebKit/537.36"
10.65.100.75 - - [24/Apr/2026:17:23:32 +0500] "GET /static/logo.png HTTP/1.1" 200 7561 "-" "Mozilla/5.0 (Windows NT 10.0; Win64; x64) AppleWebKit/537.36"
10.65.100.75 - - [24/Apr/2026:17:23:32 +0500] "GET /static/app.css HTTP/1.1" 200 1425 "-" "Mozilla/5.0 (Windows NT 10.0; Win64; x64) AppleWebKit/537.36"
10.65.100.75 - - [24/Apr/2026:17:23:32 +0500] "GET /api/v1/csrf HTTP/1.1" 200 235 "-" "Mozilla/5.0 (Windows NT 10.0; Win64; x64) AppleWebKit/537.36"
10.65.100.75 - - [24/Apr/2026:17:23:34 +0500] "POST /api/v1/login HTTP/1.1" 200 2967 "-" "Mozilla/5.0 (Windows NT 10.0; Win64; x64) AppleWebKit/537.36"
10.65.100.75 - - [24/Apr/2026:17:23:35 +0500] "GET /api/v1/cards HTTP/1.1" 200 3915 "-" "Mozilla/5.0 (Windows NT 10.0; Win64; x64) AppleWebKit/537.36"
10.222.230.232 - - [24/Apr/2026:17:23:45 +0500] "GET /login HTTP/1.1" 200 3186 "-" "Mozilla/5.0 (Macintosh; Intel Mac OS X 10_15_7) AppleWebKit/605.1.15"
10.222.230.232 - - [24/Apr/2026:17:23:45 +0500] "GET /favicon.ico HTTP/1.1" 200 6529 "-" "Mozilla/5.0 (Macintosh; Intel Mac OS X 10_15_7) AppleWebKit/605.1.15"
10.222.230.232 - - [24/Apr/2026:17:23:45 +0500] "GET /static/app.css HTTP/1.1" 200 1087 "-" "Mozilla/5.0 (Macintosh; Intel Mac OS X 10_15_7) AppleWebKit/605.1.15"
10.222.230.232 - - [24/Apr/2026:17:23:45 +0500] "GET /static/logo.png HTTP/1.1" 200 3064 "-" "Mozilla/5.0 (Macintosh; Intel Mac OS X 10_15_7) AppleWebKit/605.1.15"
10.222.230.232 - - [24/Apr/2026:17:23:45 +0500] "GET /api/v1/csrf HTTP/1.1" 200 193 "-" "Mozilla/5.0 (Macintosh; Intel Mac OS X 10_15_7) AppleWebKit/605.1.15"
10.65.100.75 - - [24/Apr/2026:17:23:47 +0500] "GET /api/v1/profile HTTP/1.1" 200 4001 "-" "Mozilla/5.0 (Windows NT 10.0; Win64; x64) AppleWebKit/537.36"
10.222.230.232 - - [24/Apr/2026:17:23:53 +0500] "POST /api/v1/login HTTP/1.1" 200 2966 "-" "Mozilla/5.0 (Macintosh; Intel Mac OS X 10_15_7) AppleWebKit/605.1.15"
10.65.100.75 - - [24/Apr/2026:17:23:54 +0500] "GET /api/v1/balance HTTP/1.1" 200 3521 "-" "Mozilla/5.0 (Windows NT 10.0; Win64; x64) AppleWebKit/537.36"
10.222.230.232 - - [24/Apr/2026:17:23:56 +0500] "GET /api/v1/profile HTTP/1.1" 200 4730 "-" "Mozilla/5.0 (Macintosh; Intel Mac OS X 10_15_7) AppleWebKit/605.1.15"
10.222.230.232 - - [24/Apr/2026:17:24:02 +0500] "GET /api/v1/profile HTTP/1.1" 200 3247 "-" "Mozilla/5.0 (Macintosh; Intel Mac OS X 10_15_7) AppleWebKit/605.1.15"
10.222.230.232 - - [24/Apr/2026:17:24:12 +0500] "GET /api/v1/transactions HTTP/1.1" 200 1055 "-" "Mozilla/5.0 (Macintosh; Intel Mac OS X 10_15_7) AppleWebKit/605.1.15"
10.222.230.232 - - [24/Apr/2026:17:24:24 +0500] "GET /api/v1/cards HTTP/1.1" 200 2728 "-" "Mozilla/5.0 (Macintosh; Intel Mac OS X 10_15_7) AppleWebKit/605.1.15"
10.222.230.232 - - [24/Apr/2026:17:24:35 +0500] "GET /api/v1/cards HTTP/1.1" 200 4563 "-" "Mozilla/5.0 (Macintosh; Intel Mac OS X 10_15_7) AppleWebKit/605.1.15"
10.222.230.232 - - [24/Apr/2026:17:24:49 +0500] "GET /api/v1/balance HTTP/1.1" 200 4581 "-" "Mozilla/5.0 (Macintosh; Intel Mac OS X 10_15_7) AppleWebKit/605.1.15"
10.222.230.232 - - [24/Apr/2026:17:25:00 +0500] "GET /api/v1/transactions HTTP/1.1" 200 2957 "-" "Mozilla/5.0 (Macintosh; Intel Mac OS X 10_15_7) AppleWebKit/605.1.15"
10.222.230.232 - - [24/Apr/2026:17:25:14 +0500] "GET /api/v1/cards HTTP/1.1" 200 2004 "-" "Mozilla/5.0 (Macintosh; Intel Mac OS X 10_15_7) AppleWebKit/605.1.15"
10.117.173.121 - - [24/Apr/2026:17:25:26 +0500] "GET /login HTTP/1.1" 200 4406 "-" "SQBMobileApp/2.2.1 (iOS 17.0; iPhone15,3)"
10.117.173.121 - - [24/Apr/2026:17:25:26 +0500] "GET /static/app.css HTTP/1.1" 200 5056 "-" "SQBMobileApp/2.2.1 (iOS 17.0; iPhone15,3)"
10.117.173.121 - - [24/Apr/2026:17:25:26 +0500] "GET /favicon.ico HTTP/1.1" 200 3781 "-" "SQBMobileApp/2.2.1 (iOS 17.0; iPhone15,3)"
10.117.173.121 - - [24/Apr/2026:17:25:26 +0500] "GET /static/app.js HTTP/1.1" 200 3082 "-" "SQBMobileApp/2.2.1 (iOS 17.0; iPhone15,3)"
10.117.173.121 - - [24/Apr/2026:17:25:26 +0500] "GET /api/v1/csrf HTTP/1.1" 200 125 "-" "SQBMobileApp/2.2.1 (iOS 17.0; iPhone15,3)"
10.49.124.183 - - [24/Apr/2026:17:25:35 +0500] "GET /login HTTP/1.1" 200 2825 "-" "Mozilla/5.0 (Linux; Android 14) AppleWebKit/537.36 Chrome/120.0"
10.49.124.183 - - [24/Apr/2026:17:25:35 +0500] "GET /static/app.js HTTP/1.1" 200 5827 "-" "Mozilla/5.0 (Linux; Android 14) AppleWebKit/537.36 Chrome/120.0"
10.49.124.183 - - [24/Apr/2026:17:25:35 +0500] "GET /static/logo.png HTTP/1.1" 200 6746 "-" "Mozilla/5.0 (Linux; Android 14) AppleWebKit/537.36 Chrome/120.0"
10.117.173.121 - - [24/Apr/2026:17:25:35 +0500] "POST /api/v1/login HTTP/1.1" 200 2491 "-" "SQBMobileApp/2.2.1 (iOS 17.0; iPhone15,3)"
10.49.124.183 - - [24/Apr/2026:17:25:35 +0500] "GET /favicon.ico HTTP/1.1" 200 7382 "-" "Mozilla/5.0 (Linux; Android 14) AppleWebKit/537.36 Chrome/120.0"
10.49.124.183 - - [24/Apr/2026:17:25:35 +0500] "GET /api/v1/csrf HTTP/1.1" 200 208 "-" "Mozilla/5.0 (Linux; Android 14) AppleWebKit/537.36 Chrome/120.0"
10.117.173.121 - - [24/Apr/2026:17:25:38 +0500] "GET /api/v1/transactions HTTP/1.1" 200 853 "-" "SQBMobileApp/2.2.1 (iOS 17.0; iPhone15,3)"
10.117.173.121 - - [24/Apr/2026:17:25:40 +0500] "GET /api/v1/cards HTTP/1.1" 200 1477 "-" "SQBMobileApp/2.2.1 (iOS 17.0; iPhone15,3)"
10.49.124.183 - - [24/Apr/2026:17:25:45 +0500] "POST /api/v1/login HTTP/1.1" 200 3236 "-" "Mozilla/5.0 (Linux; Android 14) AppleWebKit/537.36 Chrome/120.0"
10.49.124.183 - - [24/Apr/2026:17:25:49 +0500] "GET /api/v1/cards HTTP/1.1" 200 1880 "-" "Mozilla/5.0 (Linux; Android 14) AppleWebKit/537.36 Chrome/120.0"
10.117.173.121 - - [24/Apr/2026:17:25:52 +0500] "GET /api/v1/cards HTTP/1.1" 200 3318 "-" "SQBMobileApp/2.2.1 (iOS 17.0; iPhone15,3)"
10.49.124.183 - - [24/Apr/2026:17:26:03 +0500] "GET /api/v1/transactions HTTP/1.1" 200 3485 "-" "Mozilla/5.0 (Linux; Android 14) AppleWebKit/537.36 Chrome/120.0"
94.158.33.21 - - [24/Apr/2026:17:26:09 +0500] "GET /login HTTP/1.1" 200 4456 "-" "Mozilla/5.0 (iPhone; CPU iPhone OS 14_0 like Mac OS X)"
94.158.33.21 - - [24/Apr/2026:17:26:09 +0500] "GET /static/app.css HTTP/1.1" 200 7019 "-" "Mozilla/5.0 (iPhone; CPU iPhone OS 14_0 like Mac OS X)"
94.158.33.21 - - [24/Apr/2026:17:26:09 +0500] "GET /static/logo.png HTTP/1.1" 200 4418 "-" "Mozilla/5.0 (iPhone; CPU iPhone OS 14_0 like Mac OS X)"
94.158.33.21 - - [24/Apr/2026:17:26:10 +0500] "GET /static/app.js HTTP/1.1" 200 6497 "-" "Mozilla/5.0 (iPhone; CPU iPhone OS 14_0 like Mac OS X)"
94.158.33.21 - - [24/Apr/2026:17:26:10 +0500] "GET /api/v1/csrf HTTP/1.1" 200 256 "-" "Mozilla/5.0 (iPhone; CPU iPhone OS 14_0 like Mac OS X)"
10.49.124.183 - - [24/Apr/2026:17:26:14 +0500] "GET /api/v1/transactions HTTP/1.1" 200 2254 "-" "Mozilla/5.0 (Linux; Android 14) AppleWebKit/537.36 Chrome/120.0"
94.158.33.21 - - [24/Apr/2026:17:26:17 +0500] "POST /api/v1/login HTTP/1.1" 200 3766 "-" "Mozilla/5.0 (iPhone; CPU iPhone OS 14_0 like Mac OS X)"
94.158.33.21 - - [24/Apr/2026:17:26:21 +0500] "GET /api/v1/profile HTTP/1.1" 200 3335 "-" "Mozilla/5.0 (iPhone; CPU iPhone OS 14_0 like Mac OS X)"
94.158.33.21 - - [24/Apr/2026:17:26:34 +0500] "GET /api/v1/balance HTTP/1.1" 200 1842 "-" "Mozilla/5.0 (iPhone; CPU iPhone OS 14_0 like Mac OS X)"
94.158.33.21 - - [24/Apr/2026:17:26:37 +0500] "GET /api/v1/cards HTTP/1.1" 200 2136 "-" "Mozilla/5.0 (iPhone; CPU iPhone OS 14_0 like Mac OS X)"
10.135.67.217 - - [24/Apr/2026:17:26:40 +0500] "GET /login HTTP/1.1" 200 2940 "-" "SQBMobileApp/2.2.1 (iOS 17.0; iPhone15,3)"
10.135.67.217 - - [24/Apr/2026:17:26:40 +0500] "GET /static/app.js HTTP/1.1" 200 3835 "-" "SQBMobileApp/2.2.1 (iOS 17.0; iPhone15,3)"
10.135.67.217 - - [24/Apr/2026:17:26:40 +0500] "GET /api/v1/csrf HTTP/1.1" 200 144 "-" "SQBMobileApp/2.2.1 (iOS 17.0; iPhone15,3)"
94.158.33.21 - - [24/Apr/2026:17:26:41 +0500] "GET /api/v1/cards HTTP/1.1" 200 3535 "-" "Mozilla/5.0 (iPhone; CPU iPhone OS 14_0 like Mac OS X)"
94.158.33.21 - - [24/Apr/2026:17:26:46 +0500] "GET /api/v1/balance HTTP/1.1" 200 2211 "-" "Mozilla/5.0 (iPhone; CPU iPhone OS 14_0 like Mac OS X)"
10.135.67.217 - - [24/Apr/2026:17:26:49 +0500] "POST /api/v1/login HTTP/1.1" 200 2306 "-" "SQBMobileApp/2.2.1 (iOS 17.0; iPhone15,3)"
10.135.67.217 - - [24/Apr/2026:17:26:53 +0500] "GET /api/v1/cards HTTP/1.1" 200 4064 "-" "SQBMobileApp/2.2.1 (iOS 17.0; iPhone15,3)"
94.158.33.21 - - [24/Apr/2026:17:26:57 +0500] "GET /api/v1/balance HTTP/1.1" 200 4041 "-" "Mozilla/5.0 (iPhone; CPU iPhone OS 14_0 like Mac OS X)"
10.135.67.217 - - [24/Apr/2026:17:26:57 +0500] "GET /api/v1/balance HTTP/1.1" 200 2546 "-" "SQBMobileApp/2.2.1 (iOS 17.0; iPhone15,3)"
10.135.67.217 - - [24/Apr/2026:17:27:00 +0500] "GET /api/v1/balance HTTP/1.1" 200 3203 "-" "SQBMobileApp/2.2.1 (iOS 17.0; iPhone15,3)"
94.158.33.21 - - [24/Apr/2026:17:27:01 +0500] "GET /api/v1/profile HTTP/1.1" 200 1434 "-" "Mozilla/5.0 (iPhone; CPU iPhone OS 14_0 like Mac OS X)"
10.199.66.107 - - [24/Apr/2026:17:27:02 +0500] "GET /login HTTP/1.1" 200 3680 "-" "Mozilla/5.0 (Windows NT 10.0; Win64; x64) AppleWebKit/537.36"
10.199.66.107 - - [24/Apr/2026:17:27:02 +0500] "GET /static/app.css HTTP/1.1" 200 5108 "-" "Mozilla/5.0 (Windows NT 10.0; Win64; x64) AppleWebKit/537.36"
10.199.66.107 - - [24/Apr/2026:17:27:02 +0500] "GET /static/app.js HTTP/1.1" 200 7079 "-" "Mozilla/5.0 (Windows NT 10.0; Win64; x64) AppleWebKit/537.36"
10.199.66.107 - - [24/Apr/2026:17:27:02 +0500] "GET /favicon.ico HTTP/1.1" 200 5391 "-" "Mozilla/5.0 (Windows NT 10.0; Win64; x64) AppleWebKit/537.36"
10.199.66.107 - - [24/Apr/2026:17:27:02 +0500] "GET /api/v1/csrf HTTP/1.1" 200 317 "-" "Mozilla/5.0 (Windows NT 10.0; Win64; x64) AppleWebKit/537.36"
10.135.67.217 - - [24/Apr/2026:17:27:07 +0500] "GET /api/v1/transactions HTTP/1.1" 200 1812 "-" "SQBMobileApp/2.2.1 (iOS 17.0; iPhone15,3)"
10.199.66.107 - - [24/Apr/2026:17:27:08 +0500] "POST /api/v1/login HTTP/1.1" 401 1189 "-" "Mozilla/5.0 (Windows NT 10.0; Win64; x64) AppleWebKit/537.36"
94.158.33.21 - - [24/Apr/2026:17:27:09 +0500] "POST /api/v1/transfers HTTP/1.1" 200 752 "-" "Mozilla/5.0 (iPhone; CPU iPhone OS 14_0 like Mac OS X)"
10.156.161.168 - - [24/Apr/2026:17:27:26 +0500] "GET /login HTTP/1.1" 200 3498 "-" "Mozilla/5.0 (Windows NT 10.0; Win64; x64) AppleWebKit/537.36"
10.156.161.168 - - [24/Apr/2026:17:27:26 +0500] "GET /static/app.css HTTP/1.1" 200 4016 "-" "Mozilla/5.0 (Windows NT 10.0; Win64; x64) AppleWebKit/537.36"
10.156.161.168 - - [24/Apr/2026:17:27:26 +0500] "GET /static/app.js HTTP/1.1" 200 3593 "-" "Mozilla/5.0 (Windows NT 10.0; Win64; x64) AppleWebKit/537.36"
10.156.161.168 - - [24/Apr/2026:17:27:26 +0500] "GET /static/logo.png HTTP/1.1" 200 2876 "-" "Mozilla/5.0 (Windows NT 10.0; Win64; x64) AppleWebKit/537.36"
10.156.161.168 - - [24/Apr/2026:17:27:27 +0500] "GET /api/v1/csrf HTTP/1.1" 200 170 "-" "Mozilla/5.0 (Windows NT 10.0; Win64; x64) AppleWebKit/537.36"
10.156.161.168 - - [24/Apr/2026:17:27:31 +0500] "POST /api/v1/login HTTP/1.1" 200 2655 "-" "Mozilla/5.0 (Windows NT 10.0; Win64; x64) AppleWebKit/537.36"
10.156.161.168 - - [24/Apr/2026:17:27:32 +0500] "GET /api/v1/transactions HTTP/1.1" 200 4499 "-" "Mozilla/5.0 (Windows NT 10.0; Win64; x64) AppleWebKit/537.36"
10.156.161.168 - - [24/Apr/2026:17:27:45 +0500] "GET /api/v1/transactions HTTP/1.1" 200 4945 "-" "Mozilla/5.0 (Windows NT 10.0; Win64; x64) AppleWebKit/537.36"
10.156.161.168 - - [24/Apr/2026:17:27:51 +0500] "GET /api/v1/cards HTTP/1.1" 200 848 "-" "Mozilla/5.0 (Windows NT 10.0; Win64; x64) AppleWebKit/537.36"
10.156.161.168 - - [24/Apr/2026:17:28:05 +0500] "GET /api/v1/cards HTTP/1.1" 200 1626 "-" "Mozilla/5.0 (Windows NT 10.0; Win64; x64) AppleWebKit/537.36"
10.156.161.168 - - [24/Apr/2026:17:28:10 +0500] "GET /api/v1/cards HTTP/1.1" 200 2546 "-" "Mozilla/5.0 (Windows NT 10.0; Win64; x64) AppleWebKit/537.36"
10.53.112.160 - - [24/Apr/2026:17:28:17 +0500] "GET /login HTTP/1.1" 200 3151 "-" "SQBMobileApp/2.1.0 (Android 13; SM-G998B)"
10.53.112.160 - - [24/Apr/2026:17:28:17 +0500] "GET /favicon.ico HTTP/1.1" 200 4652 "-" "SQBMobileApp/2.1.0 (Android 13; SM-G998B)"
10.156.161.168 - - [24/Apr/2026:17:28:17 +0500] "GET /api/v1/balance HTTP/1.1" 404 2257 "-" "Mozilla/5.0 (Windows NT 10.0; Win64; x64) AppleWebKit/537.36"
10.53.112.160 - - [24/Apr/2026:17:28:17 +0500] "GET /api/v1/csrf HTTP/1.1" 200 193 "-" "SQBMobileApp/2.1.0 (Android 13; SM-G998B)"
10.88.23.143 - - [24/Apr/2026:17:28:20 +0500] "GET /login HTTP/1.1" 200 3713 "-" "Mozilla/5.0 (Macintosh; Intel Mac OS X 10_15_7) AppleWebKit/605.1.15"
10.88.23.143 - - [24/Apr/2026:17:28:20 +0500] "GET /favicon.ico HTTP/1.1" 200 1819 "-" "Mozilla/5.0 (Macintosh; Intel Mac OS X 10_15_7) AppleWebKit/605.1.15"
10.88.23.143 - - [24/Apr/2026:17:28:20 +0500] "GET /api/v1/csrf HTTP/1.1" 200 339 "-" "Mozilla/5.0 (Macintosh; Intel Mac OS X 10_15_7) AppleWebKit/605.1.15"
10.156.161.168 - - [24/Apr/2026:17:28:21 +0500] "GET /api/v1/cards HTTP/1.1" 200 3192 "-" "Mozilla/5.0 (Windows NT 10.0; Win64; x64) AppleWebKit/537.36"
10.156.161.168 - - [24/Apr/2026:17:28:23 +0500] "GET /api/v1/profile HTTP/1.1" 200 2559 "-" "Mozilla/5.0 (Windows NT 10.0; Win64; x64) AppleWebKit/537.36"
10.53.112.160 - - [24/Apr/2026:17:28:24 +0500] "POST /api/v1/login HTTP/1.1" 401 882 "-" "SQBMobileApp/2.1.0 (Android 13; SM-G998B)"
10.88.23.143 - - [24/Apr/2026:17:28:25 +0500] "POST /api/v1/login HTTP/1.1" 200 3766 "-" "Mozilla/5.0 (Macintosh; Intel Mac OS X 10_15_7) AppleWebKit/605.1.15"
10.88.23.143 - - [24/Apr/2026:17:28:29 +0500] "GET /api/v1/cards HTTP/1.1" 200 4967 "-" "Mozilla/5.0 (Macintosh; Intel Mac OS X 10_15_7) AppleWebKit/605.1.15"
10.164.20.186 - - [24/Apr/2026:17:28:38 +0500] "GET /login HTTP/1.1" 200 2414 "-" "Mozilla/5.0 (Macintosh; Intel Mac OS X 10_15_7) AppleWebKit/605.1.15"
10.164.20.186 - - [24/Apr/2026:17:28:38 +0500] "GET /static/app.js HTTP/1.1" 200 971 "-" "Mozilla/5.0 (Macintosh; Intel Mac OS X 10_15_7) AppleWebKit/605.1.15"
10.164.20.186 - - [24/Apr/2026:17:28:38 +0500] "GET /static/logo.png HTTP/1.1" 200 6187 "-" "Mozilla/5.0 (Macintosh; Intel Mac OS X 10_15_7) AppleWebKit/605.1.15"
10.164.20.186 - - [24/Apr/2026:17:28:38 +0500] "GET /favicon.ico HTTP/1.1" 200 2970 "-" "Mozilla/5.0 (Macintosh; Intel Mac OS X 10_15_7) AppleWebKit/605.1.15"
10.164.20.186 - - [24/Apr/2026:17:28:38 +0500] "GET /api/v1/csrf HTTP/1.1" 200 114 "-" "Mozilla/5.0 (Macintosh; Intel Mac OS X 10_15_7) AppleWebKit/605.1.15"
10.88.23.143 - - [24/Apr/2026:17:28:38 +0500] "GET /api/v1/cards HTTP/1.1" 200 2725 "-" "Mozilla/5.0 (Macintosh; Intel Mac OS X 10_15_7) AppleWebKit/605.1.15"
10.164.20.186 - - [24/Apr/2026:17:28:42 +0500] "POST /api/v1/login HTTP/1.1" 200 2884 "-" "Mozilla/5.0 (Macintosh; Intel Mac OS X 10_15_7) AppleWebKit/605.1.15"
10.164.20.186 - - [24/Apr/2026:17:28:46 +0500] "GET /api/v1/cards HTTP/1.1" 200 2307 "-" "Mozilla/5.0 (Macintosh; Intel Mac OS X 10_15_7) AppleWebKit/605.1.15"
10.88.23.143 - - [24/Apr/2026:17:28:51 +0500] "GET /api/v1/balance HTTP/1.1" 200 4169 "-" "Mozilla/5.0 (Macintosh; Intel Mac OS X 10_15_7) AppleWebKit/605.1.15"
10.88.23.143 - - [24/Apr/2026:17:28:53 +0500] "GET /api/v1/transactions HTTP/1.1" 200 2878 "-" "Mozilla/5.0 (Macintosh; Intel Mac OS X 10_15_7) AppleWebKit/605.1.15"
10.164.20.186 - - [24/Apr/2026:17:28:54 +0500] "GET /api/v1/transactions HTTP/1.1" 200 4688 "-" "Mozilla/5.0 (Macintosh; Intel Mac OS X 10_15_7) AppleWebKit/605.1.15"
10.164.20.186 - - [24/Apr/2026:17:28:57 +0500] "GET /api/v1/transactions HTTP/1.1" 200 903 "-" "Mozilla/5.0 (Macintosh; Intel Mac OS X 10_15_7) AppleWebKit/605.1.15"
10.88.23.143 - - [24/Apr/2026:17:29:06 +0500] "GET /api/v1/balance HTTP/1.1" 200 1162 "-" "Mozilla/5.0 (Macintosh; Intel Mac OS X 10_15_7) AppleWebKit/605.1.15"
10.88.23.143 - - [24/Apr/2026:17:29:15 +0500] "GET /api/v1/profile HTTP/1.1" 200 741 "-" "Mozilla/5.0 (Macintosh; Intel Mac OS X 10_15_7) AppleWebKit/605.1.15"
10.88.23.143 - - [24/Apr/2026:17:29:19 +0500] "GET /api/v1/profile HTTP/1.1" 200 718 "-" "Mozilla/5.0 (Macintosh; Intel Mac OS X 10_15_7) AppleWebKit/605.1.15"
10.134.207.51 - - [24/Apr/2026:17:30:03 +0500] "GET /login HTTP/1.1" 200 2697 "-" "Mozilla/5.0 (iPhone; CPU iPhone OS 17_2 like Mac OS X)"
10.134.207.51 - - [24/Apr/2026:17:30:03 +0500] "GET /favicon.ico HTTP/1.1" 200 3080 "-" "Mozilla/5.0 (iPhone; CPU iPhone OS 17_2 like Mac OS X)"
10.134.207.51 - - [24/Apr/2026:17:30:03 +0500] "GET /api/v1/csrf HTTP/1.1" 200 342 "-" "Mozilla/5.0 (iPhone; CPU iPhone OS 17_2 like Mac OS X)"
10.134.207.51 - - [24/Apr/2026:17:30:11 +0500] "POST /api/v1/login HTTP/1.1" 200 2335 "-" "Mozilla/5.0 (iPhone; CPU iPhone OS 17_2 like Mac OS X)"
10.134.207.51 - - [24/Apr/2026:17:30:14 +0500] "GET /api/v1/cards HTTP/1.1" 200 2010 "-" "Mozilla/5.0 (iPhone; CPU iPhone OS 17_2 like Mac OS X)"
10.134.207.51 - - [24/Apr/2026:17:30:26 +0500] "GET /api/v1/balance HTTP/1.1" 200 3901 "-" "Mozilla/5.0 (iPhone; CPU iPhone OS 17_2 like Mac OS X)"
10.134.207.51 - - [24/Apr/2026:17:30:41 +0500] "GET /api/v1/profile HTTP/1.1" 200 4020 "-" "Mozilla/5.0 (iPhone; CPU iPhone OS 17_2 like Mac OS X)"
10.31.82.129 - - [24/Apr/2026:17:32:01 +0500] "GET /login HTTP/1.1" 200 3840 "-" "Mozilla/5.0 (Macintosh; Intel Mac OS X 10_15_7) AppleWebKit/605.1.15"
10.31.82.129 - - [24/Apr/2026:17:32:01 +0500] "GET /static/logo.png HTTP/1.1" 200 4401 "-" "Mozilla/5.0 (Macintosh; Intel Mac OS X 10_15_7) AppleWebKit/605.1.15"
10.31.82.129 - - [24/Apr/2026:17:32:01 +0500] "GET /static/app.js HTTP/1.1" 200 5116 "-" "Mozilla/5.0 (Macintosh; Intel Mac OS X 10_15_7) AppleWebKit/605.1.15"
10.31.82.129 - - [24/Apr/2026:17:32:02 +0500] "GET /api/v1/csrf HTTP/1.1" 200 223 "-" "Mozilla/5.0 (Macintosh; Intel Mac OS X 10_15_7) AppleWebKit/605.1.15"
10.31.82.129 - - [24/Apr/2026:17:32:06 +0500] "POST /api/v1/login HTTP/1.1" 200 2293 "-" "Mozilla/5.0 (Macintosh; Intel Mac OS X 10_15_7) AppleWebKit/605.1.15"
10.31.82.129 - - [24/Apr/2026:17:32:09 +0500] "GET /api/v1/balance HTTP/1.1" 200 4077 "-" "Mozilla/5.0 (Macintosh; Intel Mac OS X 10_15_7) AppleWebKit/605.1.15"
10.31.82.129 - - [24/Apr/2026:17:32:23 +0500] "GET /api/v1/profile HTTP/1.1" 200 4153 "-" "Mozilla/5.0 (Macintosh; Intel Mac OS X 10_15_7) AppleWebKit/605.1.15"
10.31.82.129 - - [24/Apr/2026:17:32:28 +0500] "GET /api/v1/balance HTTP/1.1" 200 3835 "-" "Mozilla/5.0 (Macintosh; Intel Mac OS X 10_15_7) AppleWebKit/605.1.15"
10.31.82.129 - - [24/Apr/2026:17:32:38 +0500] "POST /api/v1/transfers HTTP/1.1" 200 683 "-" "Mozilla/5.0 (Macintosh; Intel Mac OS X 10_15_7) AppleWebKit/605.1.15"
10.207.227.103 - - [24/Apr/2026:17:32:40 +0500] "GET /login HTTP/1.1" 200 2972 "-" "Mozilla/5.0 (iPhone; CPU iPhone OS 17_2 like Mac OS X)"
10.207.227.103 - - [24/Apr/2026:17:32:40 +0500] "GET /favicon.ico HTTP/1.1" 200 7951 "-" "Mozilla/5.0 (iPhone; CPU iPhone OS 17_2 like Mac OS X)"
10.207.227.103 - - [24/Apr/2026:17:32:40 +0500] "GET /api/v1/csrf HTTP/1.1" 200 106 "-" "Mozilla/5.0 (iPhone; CPU iPhone OS 17_2 like Mac OS X)"
10.207.227.103 - - [24/Apr/2026:17:32:48 +0500] "POST /api/v1/login HTTP/1.1" 200 3968 "-" "Mozilla/5.0 (iPhone; CPU iPhone OS 17_2 like Mac OS X)"
10.207.227.103 - - [24/Apr/2026:17:32:51 +0500] "GET /api/v1/profile HTTP/1.1" 200 1388 "-" "Mozilla/5.0 (iPhone; CPU iPhone OS 17_2 like Mac OS X)"
10.207.227.103 - - [24/Apr/2026:17:32:56 +0500] "GET /api/v1/profile HTTP/1.1" 200 3956 "-" "Mozilla/5.0 (iPhone; CPU iPhone OS 17_2 like Mac OS X)"
10.207.227.103 - - [24/Apr/2026:17:33:04 +0500] "GET /api/v1/transactions HTTP/1.1" 200 2560 "-" "Mozilla/5.0 (iPhone; CPU iPhone OS 17_2 like Mac OS X)"
10.207.227.103 - - [24/Apr/2026:17:33:12 +0500] "GET /api/v1/cards HTTP/1.1" 200 2155 "-" "Mozilla/5.0 (iPhone; CPU iPhone OS 17_2 like Mac OS X)"
10.238.92.207 - - [24/Apr/2026:17:33:13 +0500] "GET /login HTTP/1.1" 200 3074 "-" "SQBMobileApp/2.1.0 (Android 13; SM-G998B)"
10.238.92.207 - - [24/Apr/2026:17:33:13 +0500] "GET /static/app.js HTTP/1.1" 200 4569 "-" "SQBMobileApp/2.1.0 (Android 13; SM-G998B)"
10.238.92.207 - - [24/Apr/2026:17:33:13 +0500] "GET /api/v1/csrf HTTP/1.1" 200 301 "-" "SQBMobileApp/2.1.0 (Android 13; SM-G998B)"
10.238.92.207 - - [24/Apr/2026:17:33:22 +0500] "POST /api/v1/login HTTP/1.1" 200 2319 "-" "SQBMobileApp/2.1.0 (Android 13; SM-G998B)"
10.238.92.207 - - [24/Apr/2026:17:33:23 +0500] "GET /api/v1/balance HTTP/1.1" 200 2096 "-" "SQBMobileApp/2.1.0 (Android 13; SM-G998B)"
10.207.227.103 - - [24/Apr/2026:17:33:24 +0500] "GET /api/v1/cards HTTP/1.1" 200 4104 "-" "Mozilla/5.0 (iPhone; CPU iPhone OS 17_2 like Mac OS X)"
10.207.227.103 - - [24/Apr/2026:17:33:30 +0500] "GET /api/v1/balance HTTP/1.1" 200 1375 "-" "Mozilla/5.0 (iPhone; CPU iPhone OS 17_2 like Mac OS X)"
10.238.92.207 - - [24/Apr/2026:17:33:32 +0500] "GET /api/v1/cards HTTP/1.1" 200 694 "-" "SQBMobileApp/2.1.0 (Android 13; SM-G998B)"
10.238.92.207 - - [24/Apr/2026:17:33:39 +0500] "GET /api/v1/cards HTTP/1.1" 404 3579 "-" "SQBMobileApp/2.1.0 (Android 13; SM-G998B)"
10.238.92.207 - - [24/Apr/2026:17:33:47 +0500] "GET /api/v1/transactions HTTP/1.1" 200 3921 "-" "SQBMobileApp/2.1.0 (Android 13; SM-G998B)"
10.238.92.207 - - [24/Apr/2026:17:34:02 +0500] "GET /api/v1/balance HTTP/1.1" 200 668 "-" "SQBMobileApp/2.1.0 (Android 13; SM-G998B)"
10.238.92.207 - - [24/Apr/2026:17:34:11 +0500] "GET /api/v1/profile HTTP/1.1" 200 4263 "-" "SQBMobileApp/2.1.0 (Android 13; SM-G998B)"
10.238.92.207 - - [24/Apr/2026:17:34:17 +0500] "GET /api/v1/profile HTTP/1.1" 200 2225 "-" "SQBMobileApp/2.1.0 (Android 13; SM-G998B)"
10.238.92.207 - - [24/Apr/2026:17:34:24 +0500] "GET /api/v1/profile HTTP/1.1" 200 4394 "-" "SQBMobileApp/2.1.0 (Android 13; SM-G998B)"
10.4.24.1 - - [24/Apr/2026:17:34:52 +0500] "GET /login HTTP/1.1" 200 3523 "-" "Mozilla/5.0 (Linux; Android 14) AppleWebKit/537.36 Chrome/120.0"
10.4.24.1 - - [24/Apr/2026:17:34:52 +0500] "GET /static/app.css HTTP/1.1" 200 5287 "-" "Mozilla/5.0 (Linux; Android 14) AppleWebKit/537.36 Chrome/120.0"
10.4.24.1 - - [24/Apr/2026:17:34:52 +0500] "GET /api/v1/csrf HTTP/1.1" 200 209 "-" "Mozilla/5.0 (Linux; Android 14) AppleWebKit/537.36 Chrome/120.0"
10.4.24.1 - - [24/Apr/2026:17:35:03 +0500] "POST /api/v1/login HTTP/1.1" 200 3475 "-" "Mozilla/5.0 (Linux; Android 14) AppleWebKit/537.36 Chrome/120.0"
10.4.24.1 - - [24/Apr/2026:17:35:05 +0500] "GET /api/v1/profile HTTP/1.1" 200 1466 "-" "Mozilla/5.0 (Linux; Android 14) AppleWebKit/537.36 Chrome/120.0"
10.4.24.1 - - [24/Apr/2026:17:35:07 +0500] "GET /api/v1/cards HTTP/1.1" 200 4905 "-" "Mozilla/5.0 (Linux; Android 14) AppleWebKit/537.36 Chrome/120.0"
