194.165.16.77 - - [24/Apr/2026:02:15:00 +0500] "GET /api/v1/transactions HTTP/1.1" 200 120604 "-" "Wget/1.21.4"
194.165.16.77 - - [24/Apr/2026:02:15:16 +0500] "GET /api/v1/cards/export HTTP/1.1" 200 179011 "-" "Wget/1.21.4"
194.165.16.77 - - [24/Apr/2026:02:15:40 +0500] "GET /api/v1/cards/export HTTP/1.1" 200 167608 "-" "Wget/1.21.4"
194.165.16.77 - - [24/Apr/2026:02:16:11 +0500] "GET /api/v1/statements HTTP/1.1" 200 143660 "-" "Wget/1.21.4"
194.165.16.77 - - [24/Apr/2026:02:16:56 +0500] "GET /api/v1/transactions HTTP/1.1" 200 115342 "-" "Wget/1.21.4"
194.165.16.77 - - [24/Apr/2026:02:17:23 +0500] "GET /api/v1/statements HTTP/1.1" 401 94179 "-" "Wget/1.21.4"
194.165.16.77 - - [24/Apr/2026:02:17:54 +0500] "GET /api/v1/cards/export HTTP/1.1" 200 112398 "-" "Wget/1.21.4"
194.165.16.77 - - [24/Apr/2026:02:18:32 +0500] "GET /api/v1/transactions HTTP/1.1" 200 122156 "-" "Wget/1.21.4"
194.165.16.77 - - [24/Apr/2026:02:18:54 +0500] "GET /api/v1/transactions HTTP/1.1" 401 124614 "-" "Wget/1.21.4"
194.165.16.77 - - [24/Apr/2026:02:19:18 +0500] "GET /api/v1/cards/export HTTP/1.1" 200 162369 "-" "Wget/1.21.4"
194.165.16.77 - - [24/Apr/2026:02:19:38 +0500] "GET /api/v1/transactions HTTP/1.1" 200 141556 "-" "Wget/1.21.4"
194.165.16.77 - - [24/Apr/2026:02:20:13 +0500] "GET /api/v1/cards/export HTTP/1.1" 200 128415 "-" "Wget/1.21.4"
194.165.16.77 - - [24/Apr/2026:02:20:38 +0500] "GET /api/v1/cards/export HTTP/1.1" 200 149661 "-" "Wget/1.21.4"
194.165.16.77 - - [24/Apr/2026:02:21:11 +0500] "GET /api/v1/users/export HTTP/1.1" 200 116928 "-" "Wget/1.21.4"
194.165.16.77 - - [24/Apr/2026:02:21:31 +0500] "GET /api/v1/transactions HTTP/1.1" 200 135162 "-" "Wget/1.21.4"
194.165.16.77 - - [24/Apr/2026:02:22:03 +0500] "GET /api/v1/statements HTTP/1.1" 200 89867 "-" "Wget/1.21.4"
194.165.16.77 - - [24/Apr/2026:02:22:41 +0500] "GET /api/v1/transactions HTTP/1.1" 401 121284 "-" "Wget/1.21.4"
194.165.16.77 - - [24/Apr/2026:02:22:59 +0500] "GET /api/v1/cards/export HTTP/1.1" 200 192587 "-" "Wget/1.21.4"
194.165.16.77 - - [24/Apr/2026:02:23:31 +0500] "POST /api/v1/login HTTP/1.1" 200 400 "-" "Wget/1.21.4"
194.165.16.77 - - [24/Apr/2026:02:24:06 +0500] "POST /api/v1/login HTTP/1.1" 200 400 "-" "Wget/1.21.4"
194.165.16.77 - - [24/Apr/2026:02:24:37 +0500] "GET /api/v1/statements HTTP/1.1" 200 86575 "-" "Wget/1.21.4"
194.165.16.77 - - [24/Apr/2026:02:24:57 +0500] "GET /api/v1/statements HTTP/1.1" 200 94742 "-" "Wget/1.21.4"
194.165.16.77 - - [24/Apr/2026:02:25:29 +0500] "GET /api/v1/statements HTTP/1.1" 200 91601 "-" "Wget/1.21.4"
194.165.16.77 - - [24/Apr/2026:02:26:04 +0500] "GET /api/v1/statements HTTP/1.1" 200 159454 "-" "Wget/1.21.4"
194.165.16.77 - - [24/Apr/2026:02:26:32 +0500] "POST /api/v1/login HTTP/1.1" 200 400 "-" "Wget/1.21.4"
194.165.16.77 - - [24/Apr/2026:02:26:54 +0500] "GET /api/v1/transactions HTTP/1.1" 200 116839 "-" "Wget/1.21.4"
194.165.16.77 - - [24/Apr/2026:02:27:25 +0500] "POST /api/v1/login HTTP/1.1" 200 400 "-" "Wget/1.21.4"
194.165.16.77 - - [24/Apr/2026:02:27:59 +0500] "GET /api/v1/statements HTTP/1.1" 200 92072 "-" "Wget/1.21.4"
194.165.16.77 - - [24/Apr/2026:02:28:15 +0500] "GET /api/v1/transactions HTTP/1.1" 200 116773 "-" "Wget/1.21.4"
194.165.16.77 - - [24/Apr/2026:02:28:43 +0500] "GET /api/v1/cards/export HTTP/1.1" 200 123831 "-" "Wget/1.21.4"
194.165.16.77 - - [24/Apr/2026:02:29:15 +0500] "GET /api/v1/cards/export HTTP/1.1" 200 90770 "-" "Wget/1.21.4"
194.165.16.77 - - [24/Apr/2026:02:29:48 +0500] "GET /api/v1/cards/export HTTP/1.1" 200 106034 "-" "Wget/1.21.4"
194.165.16.77 - - [24/Apr/2026:02:30:28 +0500] "GET /api/v1/cards/export HTTP/1.1" 200 105919 "-" "Wget/1.21.4"
194.165.16.77 - - [24/Apr/2026:02:30:47 +0500] "GET /api/v1/statements HTTP/1.1" 200 106129 "-" "Wget/1.21.4"
194.165.16.77 - - [24/Apr/2026:02:31:19 +0500] "GET /api/v1/transactions HTTP/1.1" 401 160515 "-" "Wget/1.21.4"
194.165.16.77 - - [24/Apr/2026:02:31:46 +0500] "GET /api/v1/users/export HTTP/1.1" 200 139781 "-" "Wget/1.21.4"
194.165.16.77 - - [24/Apr/2026:02:32:13 +0500] "POST /api/v1/login HTTP/1.1" 200 400 "-" "Wget/1.21.4"
194.165.16.77 - - [24/Apr/2026:02:32:28 +0500] "GET /api/v1/cards/export HTTP/1.1" 200 174162 "-" "Wget/1.21.4"
194.165.16.77 - - [24/Apr/2026:02:33:03 +0500] "GET /api/v1/transactions HTTP/1.1" 200 198389 "-" "Wget/1.21.4"
194.165.16.77 - - [24/Apr/2026:02:33:48 +0500] "POST /api/v1/login HTTP/1.1" 200 400 "-" "Wget/1.21.4"
194.165.16.77 - - [24/Apr/2026:02:34:26 +0500] "GET /api/v1/transactions HTTP/1.1" 401 115833 "-" "Wget/1.21.4"
194.165.16.77 - - [24/Apr/2026:02:35:05 +0500] "GET /api/v1/transactions HTTP/1.1" 200 179447 "-" "Wget/1.21.4"
194.165.16.77 - - [24/Apr/2026:02:35:34 +0500] "GET /api/v1/cards/export HTTP/1.1" 401 186131 "-" "Wget/1.21.4"
194.165.16.77 - - [24/Apr/2026:02:36:05 +0500] "POST /api/v1/login HTTP/1.1" 200 400 "-" "Wget/1.21.4"
194.165.16.77 - - [24/Apr/2026:02:36:26 +0500] "GET /api/v1/users/export HTTP/1.1" 200 87201 "-" "Wget/1.21.4"
194.165.16.77 - - [24/Apr/2026:02:36:54 +0500] "POST /api/v1/login HTTP/1.1" 401 400 "-" "Wget/1.21.4"
194.165.16.77 - - [24/Apr/2026:02:37:17 +0500] "GET /api/v1/transactions HTTP/1.1" 200 110899 "-" "Wget/1.21.4"
194.165.16.77 - - [24/Apr/2026:02:37:55 +0500] "GET /api/v1/users/export HTTP/1.1" 200 199463 "-" "Wget/1.21.4"
194.165.16.77 - - [24/Apr/2026:02:38:12 +0500] "POST /api/v1/login HTTP/1.1" 401 400 "-" "Wget/1.21.4"
194.165.16.77 - - [24/Apr/2026:02:38:42 +0500] "GET /api/v1/users/export HTTP/1.1" 200 182572 "-" "Wget/1.21.4"
194.165.16.77 - - [24/Apr/2026:02:39:04 +0500] "GET /api/v1/users/export HTTP/1.1" 200 187550 "-" "Wget/1.21.4"
194.165.16.77 - - [24/Apr/2026:02:39:39 +0500] "POST /api/v1/login HTTP/1.1" 200 400 "-" "Wget/1.21.4"
194.165.16.77 - - [24/Apr/2026:02:40:09 +0500] "GET /api/v1/transactions HTTP/1.1" 401 165828 "-" "Wget/1.21.4"
194.165.16.77 - - [24/Apr/2026:02:40:49 +0500] "GET /api/v1/statements HTTP/1.1" 200 97106 "-" "Wget/1.21.4"
194.165.16.77 - - [24/Apr/2026:02:41:27 +0500] "GET /api/v1/statements HTTP/1.1" 200 128018 "-" "Wget/1.21.4"
194.165.16.77 - - [24/Apr/2026:02:41:57 +0500] "GET /api/v1/cards/export HTTP/1.1" 200 116018 "-" "Wget/1.21.4"
194.165.16.77 - - [24/Apr/2026:02:42:12 +0500] "POST /api/v1/login HTTP/1.1" 200 400 "-" "Wget/1.21.4"
194.165.16.77 - - [24/Apr/2026:02:42:56 +0500] "POST /api/v1/login HTTP/1.1" 200 400 "-" "Wget/1.21.4"
194.165.16.77 - - [24/Apr/2026:02:43:40 +0500] "GET /api/v1/transactions HTTP/1.1" 200 109955 "-" "Wget/1.21.4"
194.165.16.77 - - [24/Apr/2026:02:44:14 +0500] "GET /api/v1/users/export HTTP/1.1" 401 110234 "-" "Wget/1.21.4"
10.100.207.39 - - [24/Apr/2026:08:03:33 +0500] "GET /login HTTP/1.1" 200 2779 "-" "SQBMobileApp/2.1.0 (Android 13; SM-G998B)"
10.100.207.39 - - [24/Apr/2026:08:03:33 +0500] "GET /favicon.ico HTTP/1.1" 200 5716 "-" "SQBMobileApp/2.1.0 (Android 13; SM-G998B)"
10.100.207.39 - - [24/Apr/2026:08:03:33 +0500] "GET /api/v1/csrf HTTP/1.1" 200 201 "-" "SQBMobileApp/2.1.0 (Android 13; SM-G998B)"
10.100.207.39 - - [24/Apr/2026:08:03:43 +0500] "POST /api/v1/login HTTP/1.1" 200 3605 "-" "SQBMobileApp/2.1.0 (Android 13; SM-G998B)"
10.100.207.39 - - [24/Apr/2026:08:03:44 +0500] "GET /api/v1/cards HTTP/1.1" 200 439 "-" "SQBMobileApp/2.1.0 (Android 13; SM-G998B)"
10.100.207.39 - - [24/Apr/2026:08:03:49 +0500] "GET /api/v1/transactions HTTP/1.1" 200 4608 "-" "SQBMobileApp/2.1.0 (Android 13; SM-G998B)"
10.100.207.39 - - [24/Apr/2026:08:03:52 +0500] "GET /api/v1/cards HTTP/1.1" 200 3475 "-" "SQBMobileApp/2.1.0 (Android 13; SM-G998B)"
10.100.207.39 - - [24/Apr/2026:08:03:59 +0500] "GET /api/v1/profile HTTP/1.1" 200 2446 "-" "SQBMobileApp/2.1.0 (Android 13; SM-G998B)"
10.81.200.117 - - [24/Apr/2026:08:27:55 +0500] "GET /login HTTP/1.1" 200 2521 "-" "SQBMobileApp/2.2.1 (iOS 17.0; iPhone15,3)"
10.81.200.117 - - [24/Apr/2026:08:27:55 +0500] "GET /static/app.js HTTP/1.1" 200 2778 "-" "SQBMobileApp/2.2.1 (iOS 17.0; iPhone15,3)"
10.81.200.117 - - [24/Apr/2026:08:27:55 +0500] "GET /static/app.css HTTP/1.1" 200 3620 "-" "SQBMobileApp/2.2.1 (iOS 17.0; iPhone15,3)"
10.81.200.117 - - [24/Apr/2026:08:27:56 +0500] "GET /api/v1/csrf HTTP/1.1" 200 298 "-" "SQBMobileApp/2.2.1 (iOS 17.0; iPhone15,3)"
10.81.200.117 - - [24/Apr/2026:08:28:04 +0500] "POST /api/v1/login HTTP/1.1" 200 2650 "-" "SQBMobileApp/2.2.1 (iOS 17.0; iPhone15,3)"
10.81.200.117 - - [24/Apr/2026:08:28:07 +0500] "GET /api/v1/balance HTTP/1.1" 200 640 "-" "SQBMobileApp/2.2.1 (iOS 17.0; iPhone15,3)"
10.81.200.117 - - [24/Apr/2026:08:28:20 +0500] "GET /api/v1/transactions HTTP/1.1" 200 3806 "-" "SQBMobileApp/2.2.1 (iOS 17.0; iPhone15,3)"
10.81.200.117 - - [24/Apr/2026:08:28:31 +0500] "GET /api/v1/cards HTTP/1.1" 200 4659 "-" "SQBMobileApp/2.2.1 (iOS 17.0; iPhone15,3)"
10.81.200.117 - - [24/Apr/2026:08:28:42 +0500] "GET /api/v1/cards HTTP/1.1" 200 1614 "-" "SQBMobileApp/2.2.1 (iOS 17.0; iPhone15,3)"
10.81.200.117 - - [24/Apr/2026:08:28:44 +0500] "GET /api/v1/cards HTTP/1.1" 200 2973 "-" "SQBMobileApp/2.2.1 (iOS 17.0; iPhone15,3)"
10.81.200.117 - - [24/Apr/2026:08:28:54 +0500] "GET /api/v1/cards HTTP/1.1" 200 602 "-" "SQBMobileApp/2.2.1 (iOS 17.0; iPhone15,3)"
10.81.200.117 - - [24/Apr/2026:08:29:03 +0500] "GET /api/v1/profile HTTP/1.1" 200 3881 "-" "SQBMobileApp/2.2.1 (iOS 17.0; iPhone15,3)"
10.81.200.117 - - [24/Apr/2026:08:29:07 +0500] "GET /api/v1/transactions HTTP/1.1" 200 411 "-" "SQBMobileApp/2.2.1 (iOS 17.0; iPhone15,3)"
199.249.230.89 - - [24/Apr/2026:09:00:00 +0500] "POST /api/v1/login HTTP/1.1" 401 629 "-" "Mozilla/5.0 (X11; Linux x86_64) Gecko/20100101 Firefox/121.0"
199.249.230.89 - - [24/Apr/2026:09:06:00 +0500] "POST /api/v1/login HTTP/1.1" 401 650 "-" "Mozilla/5.0 (X11; Linux x86_64) Gecko/20100101 Firefox/121.0"
10.176.147.203 - - [24/Apr/2026:09:09:25 +0500] "GET /login HTTP/1.1" 200 2421 "-" "SQBMobileApp/2.1.0 (Android 13; SM-G998B)"
10.176.147.203 - - [24/Apr/2026:09:09:25 +0500] "GET /static/app.css HTTP/1.1" 200 2684 "-" "SQBMobileApp/2.1.0 (Android 13; SM-G998B)"
10.176.147.203 - - [24/Apr/2026:09:09:25 +0500] "GET /api/v1/csrf HTTP/1.1" 200 336 "-" "SQBMobileApp/2.1.0 (Android 13; SM-G998B)"
10.176.147.203 - - [24/Apr/2026:09:09:28 +0500] "POST /api/v1/login HTTP/1.1" 200 3195 "-" "SQBMobileApp/2.1.0 (Android 13; SM-G998B)"
10.176.147.203 - - [24/Apr/2026:09:09:32 +0500] "GET /api/v1/balance HTTP/1.1" 200 1729 "-" "SQBMobileApp/2.1.0 (Android 13; SM-G998B)"
10.176.147.203 - - [24/Apr/2026:09:09:37 +0500] "GET /api/v1/transactions HTTP/1.1" 200 3617 "-" "SQBMobileApp/2.1.0 (Android 13; SM-G998B)"
10.176.147.203 - - [24/Apr/2026:09:09:49 +0500] "GET /api/v1/transactions HTTP/1.1" 200 819 "-" "SQBMobileApp/2.1.0 (Android 13; SM-G998B)"
10.176.147.203 - - [24/Apr/2026:09:10:03 +0500] "GET /api/v1/cards HTTP/1.1" 200 4784 "-" "SQBMobileApp/2.1.0 (Android 13; SM-G998B)"
10.176.147.203 - - [24/Apr/2026:09:10:09 +0500] "GET /api/v1/balance HTTP/1.1" 200 4668 "-" "SQBMobileApp/2.1.0 (Android 13; SM-G998B)"
10.176.147.203 - - [24/Apr/2026:09:10:16 +0500] "GET /api/v1/transactions HTTP/1.1" 200 1181 "-" "SQBMobileApp/2.1.0 (Android 13; SM-G998B)"
10.176.147.203 - - [24/Apr/2026:09:10:30 +0500] "GET /api/v1/profile HTTP/1.1" 200 583 "-" "SQBMobileApp/2.1.0 (Android 13; SM-G998B)"
10.223.194.165 - - [24/Apr/2026:09:10:53 +0500] "GET /login HTTP/1.1" 200 2607 "-" "SQBMobileApp/2.1.0 (Android 13; SM-G998B)"
10.223.194.165 - - [24/Apr/2026:09:10:53 +0500] "GET /favicon.ico HTTP/1.1" 200 2474 "-" "SQBMobileApp/2.1.0 (Android 13; SM-G998B)"
10.223.194.165 - - [24/Apr/2026:09:10:53 +0500] "GET /static/app.js HTTP/1.1" 200 5485 "-" "SQBMobileApp/2.1.0 (Android 13; SM-G998B)"
10.223.194.165 - - [24/Apr/2026:09:10:53 +0500] "GET /static/app.css HTTP/1.1" 200 4431 "-" "SQBMobileApp/2.1.0 (Android 13; SM-G998B)"
10.223.194.165 - - [24/Apr/2026:09:10:53 +0500] "GET /api/v1/csrf HTTP/1.1" 200 209 "-" "SQBMobileApp/2.1.0 (Android 13; SM-G998B)"
10.223.194.165 - - [24/Apr/2026:09:11:04 +0500] "POST /api/v1/login HTTP/1.1" 200 1387 "-" "SQBMobileApp/2.1.0 (Android 13; SM-G998B)"
10.223.194.165 - - [24/Apr/2026:09:11:05 +0500] "GET /api/v1/transactions HTTP/1.1" 200 1558 "-" "SQBMobileApp/2.1.0 (Android 13; SM-G998B)"
10.223.194.165 - - [24/Apr/2026:09:11:07 +0500] "GET /api/v1/profile HTTP/1.1" 200 2903 "-" "SQBMobileApp/2.1.0 (Android 13; SM-G998B)"
10.223.194.165 - - [24/Apr/2026:09:11:12 +0500] "GET /api/v1/profile HTTP/1.1" 200 3563 "-" "SQBMobileApp/2.1.0 (Android 13; SM-G998B)"
199.249.230.89 - - [24/Apr/2026:09:12:00 +0500] "POST /api/v1/login HTTP/1.1" 401 468 "-" "Mozilla/5.0 (X11; Linux x86_64) Gecko/20100101 Firefox/121.0"
199.249.230.89 - - [24/Apr/2026:09:19:00 +0500] "POST /api/v1/login HTTP/1.1" 401 372 "-" "Mozilla/5.0 (X11; Linux x86_64) Gecko/20100101 Firefox/121.0"
199.249.230.89 - - [24/Apr/2026:09:24:00 +0500] "POST /api/v1/login HTTP/1.1" 401 649 "-" "Mozilla/5.0 (X11; Linux x86_64) Gecko/20100101 Firefox/121.0"
199.249.230.89 - - [24/Apr/2026:09:30:00 +0500] "POST /api/v1/login HTTP/1.1" 401 418 "-" "Mozilla/5.0 (X11; Linux x86_64) Gecko/20100101 Firefox/121.0"
199.249.230.89 - - [24/Apr/2026:09:37:00 +0500] "POST /api/v1/login HTTP/1.1" 401 578 "-" "Mozilla/5.0 (X11; Linux x86_64) Gecko/20100101 Firefox/121.0"
10.245.24.225 - - [24/Apr/2026:09:39:42 +0500] "GET /login HTTP/1.1" 200 3381 "-" "SQBMobileApp/2.1.0 (Android 13; SM-G998B)"
10.245.24.225 - - [24/Apr/2026:09:39:42 +0500] "GET /static/app.css HTTP/1.1" 200 1512 "-" "SQBMobileApp/2.1.0 (Android 13; SM-G998B)"
10.245.24.225 - - [24/Apr/2026:09:39:42 +0500] "GET /api/v1/csrf HTTP/1.1" 200 391 "-" "SQBMobileApp/2.1.0 (Android 13; SM-G998B)"
10.245.24.225 - - [24/Apr/2026:09:39:51 +0500] "POST /api/v1/login HTTP/1.1" 401 1193 "-" "SQBMobileApp/2.1.0 (Android 13; SM-G998B)"
10.4.24.1 - - [24/Apr/2026:09:41:04 +0500] "GET /login HTTP/1.1" 200 2650 "-" "SQBMobileApp/2.1.0 (Android 13; SM-G998B)"
10.4.24.1 - - [24/Apr/2026:09:41:04 +0500] "GET /static/logo.png HTTP/1.1" 200 2930 "-" "SQBMobileApp/2.1.0 (Android 13; SM-G998B)"
10.4.24.1 - - [24/Apr/2026:09:41:04 +0500] "GET /api/v1/csrf HTTP/1.1" 200 275 "-" "SQBMobileApp/2.1.0 (Android 13; SM-G998B)"
10.4.24.1 - - [24/Apr/2026:09:41:07 +0500] "POST /api/v1/login HTTP/1.1" 200 884 "-" "SQBMobileApp/2.1.0 (Android 13; SM-G998B)"
10.4.24.1 - - [24/Apr/2026:09:41:09 +0500] "GET /api/v1/profile HTTP/1.1" 200 4969 "-" "SQBMobileApp/2.1.0 (Android 13; SM-G998B)"
10.4.24.1 - - [24/Apr/2026:09:41:13 +0500] "GET /api/v1/profile HTTP/1.1" 200 2941 "-" "SQBMobileApp/2.1.0 (Android 13; SM-G998B)"
10.4.24.1 - - [24/Apr/2026:09:41:24 +0500] "GET /api/v1/balance HTTP/1.1" 200 574 "-" "SQBMobileApp/2.1.0 (Android 13; SM-G998B)"
10.4.24.1 - - [24/Apr/2026:09:41:33 +0500] "GET /api/v1/transactions HTTP/1.1" 200 4885 "-" "SQBMobileApp/2.1.0 (Android 13; SM-G998B)"
10.4.24.1 - - [24/Apr/2026:09:41:42 +0500] "GET /api/v1/profile HTTP/1.1" 200 4509 "-" "SQBMobileApp/2.1.0 (Android 13; SM-G998B)"
10.4.24.1 - - [24/Apr/2026:09:41:53 +0500] "GET /api/v1/profile HTTP/1.1" 200 2218 "-" "SQBMobileApp/2.1.0 (Android 13; SM-G998B)"
199.249.230.89 - - [24/Apr/2026:09:42:00 +0500] "POST /api/v1/login HTTP/1.1" 401 492 "-" "Mozilla/5.0 (X11; Linux x86_64) Gecko/20100101 Firefox/121.0"
10.4.24.1 - - [24/Apr/2026:09:42:03 +0500] "POST /api/v1/transfers HTTP/1.1" 200 996 "-" "SQBMobileApp/2.1.0 (Android 13; SM-G998B)"
10.248.4.15 - - [24/Apr/2026:09:44:19 +0500] "GET /login HTTP/1.1" 200 2577 "-" "Mozilla/5.0 (iPhone; CPU iPhone OS 14_0 like Mac OS X)"
10.248.4.15 - - [24/Apr/2026:09:44:19 +0500] "GET /static/app.js HTTP/1.1" 200 6437 "-" "Mozilla/5.0 (iPhone; CPU iPhone OS 14_0 like Mac OS X)"
10.248.4.15 - - [24/Apr/2026:09:44:19 +0500] "GET /static/app.css HTTP/1.1" 200 7091 "-" "Mozilla/5.0 (iPhone; CPU iPhone OS 14_0 like Mac OS X)"
10.248.4.15 - - [24/Apr/2026:09:44:19 +0500] "GET /api/v1/csrf HTTP/1.1" 200 242 "-" "Mozilla/5.0 (iPhone; CPU iPhone OS 14_0 like Mac OS X)"
10.248.4.15 - - [24/Apr/2026:09:44:26 +0500] "POST /api/v1/login HTTP/1.1" 200 2198 "-" "Mozilla/5.0 (iPhone; CPU iPhone OS 14_0 like Mac OS X)"
10.248.4.15 - - [24/Apr/2026:09:44:28 +0500] "GET /api/v1/cards HTTP/1.1" 200 4748 "-" "Mozilla/5.0 (iPhone; CPU iPhone OS 14_0 like Mac OS X)"
10.248.4.15 - - [24/Apr/2026:09:44:32 +0500] "GET /api/v1/cards HTTP/1.1" 200 1721 "-" "Mozilla/5.0 (iPhone; CPU iPhone OS 14_0 like Mac OS X)"
10.248.4.15 - - [24/Apr/2026:09:44:42 +0500] "GET /api/v1/cards HTTP/1.1" 200 2859 "-" "Mozilla/5.0 (iPhone; CPU iPhone OS 14_0 like Mac OS X)"
10.248.4.15 - - [24/Apr/2026:09:44:56 +0500] "GET /api/v1/balance HTTP/1.1" 200 1072 "-" "Mozilla/5.0 (iPhone; CPU iPhone OS 14_0 like Mac OS X)"
10.248.4.15 - - [24/Apr/2026:09:45:00 +0500] "GET /api/v1/cards HTTP/1.1" 200 1546 "-" "Mozilla/5.0 (iPhone; CPU iPhone OS 14_0 like Mac OS X)"
10.248.4.15 - - [24/Apr/2026:09:45:04 +0500] "GET /api/v1/balance HTTP/1.1" 200 838 "-" "Mozilla/5.0 (iPhone; CPU iPhone OS 14_0 like Mac OS X)"
10.248.4.15 - - [24/Apr/2026:09:45:13 +0500] "GET /api/v1/cards HTTP/1.1" 200 3965 "-" "Mozilla/5.0 (iPhone; CPU iPhone OS 14_0 like Mac OS X)"
10.248.4.15 - - [24/Apr/2026:09:45:27 +0500] "GET /api/v1/balance HTTP/1.1" 200 723 "-" "Mozilla/5.0 (iPhone; CPU iPhone OS 14_0 like Mac OS X)"
199.249.230.89 - - [24/Apr/2026:09:48:00 +0500] "POST /api/v1/login HTTP/1.1" 401 752 "-" "Mozilla/5.0 (X11; Linux x86_64) Gecko/20100101 Firefox/121.0"
199.249.230.89 - - [24/Apr/2026:09:52:00 +0500] "POST /api/v1/login HTTP/1.1" 401 698 "-" "Mozilla/5.0 (X11; Linux x86_64) Gecko/20100101 Firefox/121.0"
199.249.230.89 - - [24/Apr/2026:09:57:00 +0500] "POST /api/v1/login HTTP/1.1" 401 667 "-" "Mozilla/5.0 (X11; Linux x86_64) Gecko/20100101 Firefox/121.0"
10.130.206.193 - - [24/Apr/2026:09:59:39 +0500] "GET /login HTTP/1.1" 200 3929 "-" "SQBMobileApp/2.1.0 (Android 13; SM-G998B)"
10.130.206.193 - - [24/Apr/2026:09:59:39 +0500] "GET /static/app.js HTTP/1.1" 200 6090 "-" "SQBMobileApp/2.1.0 (Android 13; SM-G998B)"
10.130.206.193 - - [24/Apr/2026:09:59:39 +0500] "GET /static/app.css HTTP/1.1" 200 3220 "-" "SQBMobileApp/2.1.0 (Android 13; SM-G998B)"
10.130.206.193 - - [24/Apr/2026:09:59:39 +0500] "GET /api/v1/csrf HTTP/1.1" 200 231 "-" "SQBMobileApp/2.1.0 (Android 13; SM-G998B)"
10.130.206.193 - - [24/Apr/2026:09:59:46 +0500] "POST /api/v1/login HTTP/1.1" 200 2065 "-" "SQBMobileApp/2.1.0 (Android 13; SM-G998B)"
10.130.206.193 - - [24/Apr/2026:09:59:50 +0500] "GET /api/v1/transactions HTTP/1.1" 200 4871 "-" "SQBMobileApp/2.1.0 (Android 13; SM-G998B)"
10.130.206.193 - - [24/Apr/2026:09:59:56 +0500] "GET /api/v1/balance HTTP/1.1" 200 743 "-" "SQBMobileApp/2.1.0 (Android 13; SM-G998B)"
10.130.206.193 - - [24/Apr/2026:10:00:07 +0500] "GET /api/v1/transactions HTTP/1.1" 200 3786 "-" "SQBMobileApp/2.1.0 (Android 13; SM-G998B)"
10.240.198.242 - - [24/Apr/2026:10:00:16 +0500] "GET /login HTTP/1.1" 200 3436 "-" "Mozilla/5.0 (iPhone; CPU iPhone OS 17_2 like Mac OS X)"
10.130.206.193 - - [24/Apr/2026:10:00:16 +0500] "GET /api/v1/balance HTTP/1.1" 200 3773 "-" "SQBMobileApp/2.1.0 (Android 13; SM-G998B)"
10.240.198.242 - - [24/Apr/2026:10:00:16 +0500] "GET /static/app.css HTTP/1.1" 200 5413 "-" "Mozilla/5.0 (iPhone; CPU iPhone OS 17_2 like Mac OS X)"
10.240.198.242 - - [24/Apr/2026:10:00:16 +0500] "GET /static/app.js HTTP/1.1" 200 3964 "-" "Mozilla/5.0 (iPhone; CPU iPhone OS 17_2 like Mac OS X)"
10.240.198.242 - - [24/Apr/2026:10:00:17 +0500] "GET /static/logo.png HTTP/1.1" 200 7891 "-" "Mozilla/5.0 (iPhone; CPU iPhone OS 17_2 like Mac OS X)"
10.240.198.242 - - [24/Apr/2026:10:00:17 +0500] "GET /api/v1/csrf HTTP/1.1" 200 270 "-" "Mozilla/5.0 (iPhone; CPU iPhone OS 17_2 like Mac OS X)"
10.130.206.193 - - [24/Apr/2026:10:00:25 +0500] "GET /api/v1/balance HTTP/1.1" 200 3791 "-" "SQBMobileApp/2.1.0 (Android 13; SM-G998B)"
10.240.198.242 - - [24/Apr/2026:10:00:26 +0500] "POST /api/v1/login HTTP/1.1" 200 1649 "-" "Mozilla/5.0 (iPhone; CPU iPhone OS 17_2 like Mac OS X)"
10.240.198.242 - - [24/Apr/2026:10:00:29 +0500] "GET /api/v1/profile HTTP/1.1" 200 2019 "-" "Mozilla/5.0 (iPhone; CPU iPhone OS 17_2 like Mac OS X)"
10.240.198.242 - - [24/Apr/2026:10:00:35 +0500] "GET /api/v1/profile HTTP/1.1" 200 911 "-" "Mozilla/5.0 (iPhone; CPU iPhone OS 17_2 like Mac OS X)"
10.130.206.193 - - [24/Apr/2026:10:00:38 +0500] "GET /api/v1/profile HTTP/1.1" 200 856 "-" "SQBMobileApp/2.1.0 (Android 13; SM-G998B)"
10.240.198.242 - - [24/Apr/2026:10:00:40 +0500] "GET /api/v1/profile HTTP/1.1" 200 4226 "-" "Mozilla/5.0 (iPhone; CPU iPhone OS 17_2 like Mac OS X)"
10.130.206.193 - - [24/Apr/2026:10:00:49 +0500] "GET /api/v1/cards HTTP/1.1" 200 1446 "-" "SQBMobileApp/2.1.0 (Android 13; SM-G998B)"
10.240.198.242 - - [24/Apr/2026:10:00:52 +0500] "GET /api/v1/cards HTTP/1.1" 200 2981 "-" "Mozilla/5.0 (iPhone; CPU iPhone OS 17_2 like Mac OS X)"
10.240.198.242 - - [24/Apr/2026:10:01:02 +0500] "GET /api/v1/cards HTTP/1.1" 200 2693 "-" "Mozilla/5.0 (iPhone; CPU iPhone OS 17_2 like Mac OS X)"
10.130.206.193 - - [24/Apr/2026:10:01:03 +0500] "POST /api/v1/transfers HTTP/1.1" 200 1009 "-" "SQBMobileApp/2.1.0 (Android 13; SM-G998B)"
10.240.198.242 - - [24/Apr/2026:10:01:09 +0500] "GET /api/v1/transactions HTTP/1.1" 200 4465 "-" "Mozilla/5.0 (iPhone; CPU iPhone OS 17_2 like Mac OS X)"
10.65.100.75 - - [24/Apr/2026:10:02:00 +0500] "GET /login HTTP/1.1" 200 2538 "-" "Mozilla/5.0 (Windows NT 10.0; Win64; x64) AppleWebKit/537.36"
10.65.100.75 - - [24/Apr/2026:10:02:00 +0500] "GET /favicon.ico HTTP/1.1" 200 6729 "-" "Mozilla/5.0 (Windows NT 10.0; Win64; x64) AppleWebKit/537.36"
10.65.100.75 - - [24/Apr/2026:10:02:00 +0500] "GET /static/logo.png HTTP/1.1" 200 2669 "-" "Mozilla/5.0 (Windows NT 10.0; Win64; x64) AppleWebKit/537.36"
10.65.100.75 - - [24/Apr/2026:10:02:01 +0500] "GET /api/v1/csrf HTTP/1.1" 200 280 "-" "Mozilla/5.0 (Windows NT 10.0; Win64; x64) AppleWebKit/537.36"
10.65.100.75 - - [24/Apr/2026:10:02:09 +0500] "POST /api/v1/login HTTP/1.1" 200 3648 "-" "Mozilla/5.0 (Windows NT 10.0; Win64; x64) AppleWebKit/537.36"
10.65.100.75 - - [24/Apr/2026:10:02:10 +0500] "GET /api/v1/balance HTTP/1.1" 200 4533 "-" "Mozilla/5.0 (Windows NT 10.0; Win64; x64) AppleWebKit/537.36"
10.65.100.75 - - [24/Apr/2026:10:02:19 +0500] "GET /api/v1/transactions HTTP/1.1" 200 2226 "-" "Mozilla/5.0 (Windows NT 10.0; Win64; x64) AppleWebKit/537.36"
10.65.100.75 - - [24/Apr/2026:10:02:23 +0500] "GET /api/v1/profile HTTP/1.1" 200 1991 "-" "Mozilla/5.0 (Windows NT 10.0; Win64; x64) AppleWebKit/537.36"
10.65.100.75 - - [24/Apr/2026:10:02:32 +0500] "GET /api/v1/cards HTTP/1.1" 200 2039 "-" "Mozilla/5.0 (Windows NT 10.0; Win64; x64) AppleWebKit/537.36"
10.128.207.112 - - [24/Apr/2026:10:02:37 +0500] "GET /login HTTP/1.1" 200 2062 "-" "Mozilla/5.0 (iPhone; CPU iPhone OS 14_0 like Mac OS X)"
10.65.100.75 - - [24/Apr/2026:10:02:37 +0500] "GET /api/v1/cards HTTP/1.1" 200 4073 "-" "Mozilla/5.0 (Windows NT 10.0; Win64; x64) AppleWebKit/537.36"
10.128.207.112 - - [24/Apr/2026:10:02:37 +0500] "GET /static/app.css HTTP/1.1" 200 5733 "-" "Mozilla/5.0 (iPhone; CPU iPhone OS 14_0 like Mac OS X)"
10.128.207.112 - - [24/Apr/2026:10:02:37 +0500] "GET /api/v1/csrf HTTP/1.1" 200 273 "-" "Mozilla/5.0 (iPhone; CPU iPhone OS 14_0 like Mac OS X)"
10.128.207.112 - - [24/Apr/2026:10:02:46 +0500] "POST /api/v1/login HTTP/1.1" 200 3532 "-" "Mozilla/5.0 (iPhone; CPU iPhone OS 14_0 like Mac OS X)"
10.128.207.112 - - [24/Apr/2026:10:02:50 +0500] "GET /api/v1/profile HTTP/1.1" 200 1623 "-" "Mozilla/5.0 (iPhone; CPU iPhone OS 14_0 like Mac OS X)"
10.128.207.112 - - [24/Apr/2026:10:03:04 +0500] "GET /api/v1/profile HTTP/1.1" 200 3835 "-" "Mozilla/5.0 (iPhone; CPU iPhone OS 14_0 like Mac OS X)"
10.128.207.112 - - [24/Apr/2026:10:03:09 +0500] "GET /api/v1/profile HTTP/1.1" 200 4941 "-" "Mozilla/5.0 (iPhone; CPU iPhone OS 14_0 like Mac OS X)"
10.128.207.112 - - [24/Apr/2026:10:03:17 +0500] "GET /api/v1/transactions HTTP/1.1" 200 2019 "-" "Mozilla/5.0 (iPhone; CPU iPhone OS 14_0 like Mac OS X)"
199.249.230.89 - - [24/Apr/2026:10:05:00 +0500] "POST /api/v1/login HTTP/1.1" 401 233 "-" "Mozilla/5.0 (X11; Linux x86_64) Gecko/20100101 Firefox/121.0"
199.249.230.89 - - [24/Apr/2026:10:11:00 +0500] "POST /api/v1/login HTTP/1.1" 401 497 "-" "Mozilla/5.0 (X11; Linux x86_64) Gecko/20100101 Firefox/121.0"
185.220.101.47 - - [24/Apr/2026:10:15:00 +0500] "POST /api/v1/login HTTP/1.1" 401 332 "-" "python-requests/2.31.0"
185.220.101.47 - - [24/Apr/2026:10:15:01 +0500] "POST /api/v1/login HTTP/1.1" 401 373 "-" "python-requests/2.31.0"
185.220.101.47 - - [24/Apr/2026:10:15:02 +0500] "POST /api/v1/login HTTP/1.1" 401 319 "-" "python-requests/2.31.0"
185.220.101.47 - - [24/Apr/2026:10:15:04 +0500] "POST /api/v1/login HTTP/1.1" 401 543 "-" "python-requests/2.31.0"
185.220.101.47 - - [24/Apr/2026:10:15:05 +0500] "POST /api/v1/login HTTP/1.1" 401 363 "-" "python-requests/2.31.0"
185.220.101.47 - - [24/Apr/2026:10:15:07 +0500] "POST /api/v1/login HTTP/1.1" 401 160 "-" "python-requests/2.31.0"
185.220.101.47 - - [24/Apr/2026:10:15:10 +0500] "POST /api/v1/login HTTP/1.1" 200 251 "-" "python-requests/2.31.0"
185.220.101.47 - - [24/Apr/2026:10:15:13 +0500] "POST /api/v1/login HTTP/1.1" 401 207 "-" "python-requests/2.31.0"
185.220.101.47 - - [24/Apr/2026:10:15:14 +0500] "POST /api/v1/login HTTP/1.1" 401 210 "-" "python-requests/2.31.0"
185.220.101.47 - - [24/Apr/2026:10:15:15 +0500] "POST /api/v1/login HTTP/1.1" 401 331 "-" "python-requests/2.31.0"
185.220.101.47 - - [24/Apr/2026:10:15:18 +0500] "POST /api/v1/login HTTP/1.1" 401 485 "-" "python-requests/2.31.0"
185.220.101.47 - - [24/Apr/2026:10:15:20 +0500] "POST /api/v1/login HTTP/1.1" 401 446 "-" "python-requests/2.31.0"
185.220.101.47 - - [24/Apr/2026:10:15:21 +0500] "POST /api/v1/login HTTP/1.1" 401 346 "-" "python-requests/2.31.0"
185.220.101.47 - - [24/Apr/2026:10:15:23 +0500] "POST /api/v1/login HTTP/1.1" 401 365 "-" "python-requests/2.31.0"
185.220.101.47 - - [24/Apr/2026:10:15:26 +0500] "POST /api/v1/login HTTP/1.1" 401 214 "-" "python-requests/2.31.0"
185.220.101.47 - - [24/Apr/2026:10:15:27 +0500] "POST /api/v1/login HTTP/1.1" 401 488 "-" "python-requests/2.31.0"
185.220.101.47 - - [24/Apr/2026:10:15:30 +0500] "POST /api/v1/login HTTP/1.1" 401 500 "-" "python-requests/2.31.0"
185.220.101.47 - - [24/Apr/2026:10:15:33 +0500] "POST /api/v1/login HTTP/1.1" 401 280 "-" "python-requests/2.31.0"
185.220.101.47 - - [24/Apr/2026:10:15:34 +0500] "POST /api/v1/login HTTP/1.1" 401 158 "-" "python-requests/2.31.0"
185.220.101.47 - - [24/Apr/2026:10:15:36 +0500] "POST /api/v1/login HTTP/1.1" 401 363 "-" "python-requests/2.31.0"
185.220.101.47 - - [24/Apr/2026:10:15:38 +0500] "POST /api/v1/login HTTP/1.1" 200 220 "-" "python-requests/2.31.0"
185.220.101.47 - - [24/Apr/2026:10:15:41 +0500] "POST /api/v1/login HTTP/1.1" 401 579 "-" "python-requests/2.31.0"
185.220.101.47 - - [24/Apr/2026:10:15:42 +0500] "POST /api/v1/login HTTP/1.1" 401 482 "-" "python-requests/2.31.0"
185.220.101.47 - - [24/Apr/2026:10:15:45 +0500] "POST /api/v1/login HTTP/1.1" 401 324 "-" "python-requests/2.31.0"
185.220.101.47 - - [24/Apr/2026:10:15:48 +0500] "POST /api/v1/login HTTP/1.1" 401 530 "-" "python-requests/2.31.0"
185.220.101.47 - - [24/Apr/2026:10:15:50 +0500] "POST /api/v1/login HTTP/1.1" 401 580 "-" "python-requests/2.31.0"
185.220.101.47 - - [24/Apr/2026:10:15:51 +0500] "POST /api/v1/login HTTP/1.1" 401 274 "-" "python-requests/2.31.0"
185.220.101.47 - - [24/Apr/2026:10:15:53 +0500] "POST /api/v1/login HTTP/1.1" 401 263 "-" "python-requests/2.31.0"
185.220.101.47 - - [24/Apr/2026:10:15:56 +0500] "POST /api/v1/login HTTP/1.1" 401 227 "-" "python-requests/2.31.0"
185.220.101.47 - - [24/Apr/2026:10:15:59 +0500] "POST /api/v1/login HTTP/1.1" 401 354 "-" "python-requests/2.31.0"
185.220.101.47 - - [24/Apr/2026:10:16:02 +0500] "POST /api/v1/login HTTP/1.1" 200 554 "-" "python-requests/2.31.0"
185.220.101.47 - - [24/Apr/2026:10:16:03 +0500] "POST /api/v1/login HTTP/1.1" 401 291 "-" "python-requests/2.31.0"
185.220.101.47 - - [24/Apr/2026:10:16:05 +0500] "POST /api/v1/login HTTP/1.1" 401 341 "-" "python-requests/2.31.0"
185.220.101.47 - - [24/Apr/2026:10:16:07 +0500] "POST /api/v1/login HTTP/1.1" 401 384 "-" "python-requests/2.31.0"
185.220.101.47 - - [24/Apr/2026:10:16:10 +0500] "POST /api/v1/login HTTP/1.1" 401 553 "-" "python-requests/2.31.0"
185.220.101.47 - - [24/Apr/2026:10:16:13 +0500] "POST /api/v1/login HTTP/1.1" 401 246 "-" "python-requests/2.31.0"
185.220.101.47 - - [24/Apr/2026:10:16:14 +0500] "POST /api/v1/login HTTP/1.1" 401 228 "-" "python-requests/2.31.0"
185.220.101.47 - - [24/Apr/2026:10:16:16 +0500] "POST /api/v1/login HTTP/1.1" 401 331 "-" "python-requests/2.31.0"
185.220.101.47 - - [24/Apr/2026:10:16:19 +0500] "POST /api/v1/login HTTP/1.1" 401 557 "-" "python-requests/2.31.0"
185.220.101.47 - - [24/Apr/2026:10:16:20 +0500] "POST /api/v1/login HTTP/1.1" 401 193 "-" "python-requests/2.31.0"
185.220.101.47 - - [24/Apr/2026:10:16:22 +0500] "POST /api/v1/login HTTP/1.1" 401 524 "-" "python-requests/2.31.0"
185.220.101.47 - - [24/Apr/2026:10:16:24 +0500] "POST /api/v1/login HTTP/1.1" 401 528 "-" "python-requests/2.31.0"
185.220.101.47 - - [24/Apr/2026:10:16:25 +0500] "POST /api/v1/login HTTP/1.1" 200 159 "-" "python-requests/2.31.0"
185.220.101.47 - - [24/Apr/2026:10:16:28 +0500] "POST /api/v1/login HTTP/1.1" 401 584 "-" "python-requests/2.31.0"
185.220.101.47 - - [24/Apr/2026:10:16:31 +0500] "POST /api/v1/login HTTP/1.1" 401 443 "-" "python-requests/2.31.0"
185.220.101.47 - - [24/Apr/2026:10:16:32 +0500] "POST /api/v1/login HTTP/1.1" 200 344 "-" "python-requests/2.31.0"
185.220.101.47 - - [24/Apr/2026:10:16:35 +0500] "POST /api/v1/login HTTP/1.1" 200 414 "-" "python-requests/2.31.0"
185.220.101.47 - - [24/Apr/2026:10:16:38 +0500] "POST /api/v1/login HTTP/1.1" 401 410 "-" "python-requests/2.31.0"
185.220.101.47 - - [24/Apr/2026:10:16:39 +0500] "POST /api/v1/login HTTP/1.1" 401 525 "-" "python-requests/2.31.0"
185.220.101.47 - - [24/Apr/2026:10:16:41 +0500] "POST /api/v1/login HTTP/1.1" 401 283 "-" "python-requests/2.31.0"
185.220.101.47 - - [24/Apr/2026:10:16:43 +0500] "POST /api/v1/login HTTP/1.1" 401 453 "-" "python-requests/2.31.0"
185.220.101.47 - - [24/Apr/2026:10:16:46 +0500] "POST /api/v1/login HTTP/1.1" 401 233 "-" "python-requests/2.31.0"
185.220.101.47 - - [24/Apr/2026:10:16:48 +0500] "POST /api/v1/login HTTP/1.1" 401 296 "-" "python-requests/2.31.0"
185.220.101.47 - - [24/Apr/2026:10:16:50 +0500] "POST /api/v1/login HTTP/1.1" 401 348 "-" "python-requests/2.31.0"
185.220.101.47 - - [24/Apr/2026:10:16:51 +0500] "POST /api/v1/login HTTP/1.1" 200 472 "-" "python-requests/2.31.0"
185.220.101.47 - - [24/Apr/2026:10:16:52 +0500] "POST /api/v1/login HTTP/1.1" 401 481 "-" "python-requests/2.31.0"
185.220.101.47 - - [24/Apr/2026:10:16:54 +0500] "POST /api/v1/login HTTP/1.1" 401 332 "-" "python-requests/2.31.0"
185.220.101.47 - - [24/Apr/2026:10:16:57 +0500] "POST /api/v1/login HTTP/1.1" 401 414 "-" "python-requests/2.31.0"
185.220.101.47 - - [24/Apr/2026:10:16:58 +0500] "POST /api/v1/login HTTP/1.1" 401 426 "-" "python-requests/2.31.0"
185.220.101.47 - - [24/Apr/2026:10:16:59 +0500] "POST /api/v1/login HTTP/1.1" 401 209 "-" "python-requests/2.31.0"
185.220.101.47 - - [24/Apr/2026:10:17:02 +0500] "POST /api/v1/login HTTP/1.1" 401 510 "-" "python-requests/2.31.0"
185.220.101.47 - - [24/Apr/2026:10:17:05 +0500] "POST /api/v1/login HTTP/1.1" 401 581 "-" "python-requests/2.31.0"
185.220.101.47 - - [24/Apr/2026:10:17:07 +0500] "POST /api/v1/login HTTP/1.1" 401 304 "-" "python-requests/2.31.0"
185.220.101.47 - - [24/Apr/2026:10:17:08 +0500] "POST /api/v1/login HTTP/1.1" 401 456 "-" "python-requests/2.31.0"
185.220.101.47 - - [24/Apr/2026:10:17:11 +0500] "POST /api/v1/login HTTP/1.1" 401 204 "-" "python-requests/2.31.0"
185.220.101.47 - - [24/Apr/2026:10:17:13 +0500] "POST /api/v1/login HTTP/1.1" 401 597 "-" "python-requests/2.31.0"
185.220.101.47 - - [24/Apr/2026:10:17:16 +0500] "POST /api/v1/login HTTP/1.1" 401 284 "-" "python-requests/2.31.0"
185.220.101.47 - - [24/Apr/2026:10:17:19 +0500] "POST /api/v1/login HTTP/1.1" 401 210 "-" "python-requests/2.31.0"
185.220.101.47 - - [24/Apr/2026:10:17:21 +0500] "POST /api/v1/login HTTP/1.1" 401 405 "-" "python-requests/2.31.0"
185.220.101.47 - - [24/Apr/2026:10:17:22 +0500] "POST /api/v1/login HTTP/1.1" 401 276 "-" "python-requests/2.31.0"
185.220.101.47 - - [24/Apr/2026:10:17:24 +0500] "POST /api/v1/login HTTP/1.1" 401 383 "-" "python-requests/2.31.0"
185.220.101.47 - - [24/Apr/2026:10:17:27 +0500] "POST /api/v1/login HTTP/1.1" 401 185 "-" "python-requests/2.31.0"
185.220.101.47 - - [24/Apr/2026:10:17:28 +0500] "POST /api/v1/login HTTP/1.1" 401 548 "-" "python-requests/2.31.0"
185.220.101.47 - - [24/Apr/2026:10:17:30 +0500] "POST /api/v1/login HTTP/1.1" 401 488 "-" "python-requests/2.31.0"
185.220.101.47 - - [24/Apr/2026:10:17:31 +0500] "POST /api/v1/login HTTP/1.1" 401 371 "-" "python-requests/2.31.0"
185.220.101.47 - - [24/Apr/2026:10:17:34 +0500] "POST /api/v1/login HTTP/1.1" 401 315 "-" "python-requests/2.31.0"
185.220.101.47 - - [24/Apr/2026:10:17:37 +0500] "POST /api/v1/login HTTP/1.1" 401 402 "-" "python-requests/2.31.0"
185.220.101.47 - - [24/Apr/2026:10:17:39 +0500] "POST /api/v1/login HTTP/1.1" 401 250 "-" "python-requests/2.31.0"
185.220.101.47 - - [24/Apr/2026:10:17:41 +0500] "POST /api/v1/login HTTP/1.1" 401 502 "-" "python-requests/2.31.0"
185.220.101.47 - - [24/Apr/2026:10:17:43 +0500] "POST /api/v1/login HTTP/1.1" 401 329 "-" "python-requests/2.31.0"
185.220.101.47 - - [24/Apr/2026:10:17:45 +0500] "POST /api/v1/login HTTP/1.1" 401 452 "-" "python-requests/2.31.0"
185.220.101.47 - - [24/Apr/2026:10:17:47 +0500] "POST /api/v1/login HTTP/1.1" 401 376 "-" "python-requests/2.31.0"
185.220.101.47 - - [24/Apr/2026:10:17:50 +0500] "POST /api/v1/login HTTP/1.1" 401 526 "-" "python-requests/2.31.0"
185.220.101.47 - - [24/Apr/2026:10:17:51 +0500] "POST /api/v1/login HTTP/1.1" 401 318 "-" "python-requests/2.31.0"
185.220.101.47 - - [24/Apr/2026:10:17:52 +0500] "POST /api/v1/login HTTP/1.1" 401 580 "-" "python-requests/2.31.0"
185.220.101.47 - - [24/Apr/2026:10:17:54 +0500] "POST /api/v1/login HTTP/1.1" 401 429 "-" "python-requests/2.31.0"
185.220.101.47 - - [24/Apr/2026:10:17:57 +0500] "POST /api/v1/login HTTP/1.1" 401 319 "-" "python-requests/2.31.0"
185.220.101.47 - - [24/Apr/2026:10:17:58 +0500] "POST /api/v1/login HTTP/1.1" 401 213 "-" "python-requests/2.31.0"
185.220.101.47 - - [24/Apr/2026:10:18:00 +0500] "POST /api/v1/login HTTP/1.1" 401 384 "-" "python-requests/2.31.0"
185.220.101.47 - - [24/Apr/2026:10:18:03 +0500] "POST /api/v1/login HTTP/1.1" 401 161 "-" "python-requests/2.31.0"
185.220.101.47 - - [24/Apr/2026:10:18:06 +0500] "POST /api/v1/login HTTP/1.1" 401 495 "-" "python-requests/2.31.0"
185.220.101.47 - - [24/Apr/2026:10:18:08 +0500] "POST /api/v1/login HTTP/1.1" 401 497 "-" "python-requests/2.31.0"
185.220.101.47 - - [24/Apr/2026:10:18:10 +0500] "POST /api/v1/login HTTP/1.1" 401 583 "-" "python-requests/2.31.0"
185.220.101.47 - - [24/Apr/2026:10:18:13 +0500] "POST /api/v1/login HTTP/1.1" 200 491 "-" "python-requests/2.31.0"
185.220.101.47 - - [24/Apr/2026:10:18:16 +0500] "POST /api/v1/login HTTP/1.1" 401 367 "-" "python-requests/2.31.0"
185.220.101.47 - - [24/Apr/2026:10:18:18 +0500] "POST /api/v1/login HTTP/1.1" 401 180 "-" "python-requests/2.31.0"
185.220.101.47 - - [24/Apr/2026:10:18:20 +0500] "POST /api/v1/login HTTP/1.1" 401 155 "-" "python-requests/2.31.0"
185.220.101.47 - - [24/Apr/2026:10:18:22 +0500] "POST /api/v1/login HTTP/1.1" 401 279 "-" "python-requests/2.31.0"
185.220.101.47 - - [24/Apr/2026:10:18:23 +0500] "POST /api/v1/login HTTP/1.1" 401 479 "-" "python-requests/2.31.0"
185.220.101.47 - - [24/Apr/2026:10:18:26 +0500] "POST /api/v1/login HTTP/1.1" 401 548 "-" "python-requests/2.31.0"
185.220.101.47 - - [24/Apr/2026:10:18:28 +0500] "POST /api/v1/login HTTP/1.1" 401 397 "-" "python-requests/2.31.0"
185.220.101.47 - - [24/Apr/2026:10:18:30 +0500] "POST /api/v1/login HTTP/1.1" 401 537 "-" "python-requests/2.31.0"
185.220.101.47 - - [24/Apr/2026:10:18:31 +0500] "POST /api/v1/login HTTP/1.1" 401 488 "-" "python-requests/2.31.0"
185.220.101.47 - - [24/Apr/2026:10:18:33 +0500] "POST /api/v1/login HTTP/1.1" 401 549 "-" "python-requests/2.31.0"
185.220.101.47 - - [24/Apr/2026:10:18:34 +0500] "POST /api/v1/login HTTP/1.1" 401 413 "-" "python-requests/2.31.0"
185.220.101.47 - - [24/Apr/2026:10:18:36 +0500] "POST /api/v1/login HTTP/1.1" 401 339 "-" "python-requests/2.31.0"
185.220.101.47 - - [24/Apr/2026:10:18:37 +0500] "POST /api/v1/login HTTP/1.1" 401 246 "-" "python-requests/2.31.0"
185.220.101.47 - - [24/Apr/2026:10:18:40 +0500] "POST /api/v1/login HTTP/1.1" 401 198 "-" "python-requests/2.31.0"
185.220.101.47 - - [24/Apr/2026:10:18:41 +0500] "POST /api/v1/login HTTP/1.1" 401 262 "-" "python-requests/2.31.0"
185.220.101.47 - - [24/Apr/2026:10:18:43 +0500] "POST /api/v1/login HTTP/1.1" 401 494 "-" "python-requests/2.31.0"
185.220.101.47 - - [24/Apr/2026:10:18:44 +0500] "POST /api/v1/login HTTP/1.1" 401 193 "-" "python-requests/2.31.0"
185.220.101.47 - - [24/Apr/2026:10:18:47 +0500] "POST /api/v1/login HTTP/1.1" 401 417 "-" "python-requests/2.31.0"
185.220.101.47 - - [24/Apr/2026:10:18:50 +0500] "POST /api/v1/login HTTP/1.1" 401 218 "-" "python-requests/2.31.0"
185.220.101.47 - - [24/Apr/2026:10:18:51 +0500] "POST /api/v1/login HTTP/1.1" 401 364 "-" "python-requests/2.31.0"
185.220.101.47 - - [24/Apr/2026:10:18:52 +0500] "POST /api/v1/login HTTP/1.1" 401 525 "-" "python-requests/2.31.0"
185.220.101.47 - - [24/Apr/2026:10:18:55 +0500] "POST /api/v1/login HTTP/1.1" 200 391 "-" "python-requests/2.31.0"
185.220.101.47 - - [24/Apr/2026:10:18:58 +0500] "POST /api/v1/login HTTP/1.1" 401 325 "-" "python-requests/2.31.0"
185.220.101.47 - - [24/Apr/2026:10:19:00 +0500] "POST /api/v1/login HTTP/1.1" 401 395 "-" "python-requests/2.31.0"
199.249.230.89 - - [24/Apr/2026:10:19:00 +0500] "POST /api/v1/login HTTP/1.1" 401 402 "-" "Mozilla/5.0 (X11; Linux x86_64) Gecko/20100101 Firefox/121.0"
185.220.101.47 - - [24/Apr/2026:10:19:02 +0500] "POST /api/v1/login HTTP/1.1" 401 317 "-" "python-requests/2.31.0"
185.220.101.47 - - [24/Apr/2026:10:19:04 +0500] "POST /api/v1/login HTTP/1.1" 401 400 "-" "python-requests/2.31.0"
185.220.101.47 - - [24/Apr/2026:10:19:05 +0500] "POST /api/v1/login HTTP/1.1" 401 564 "-" "python-requests/2.31.0"
185.220.101.47 - - [24/Apr/2026:10:19:07 +0500] "POST /api/v1/login HTTP/1.1" 401 536 "-" "python-requests/2.31.0"
185.220.101.47 - - [24/Apr/2026:10:19:09 +0500] "POST /api/v1/login HTTP/1.1" 401 290 "-" "python-requests/2.31.0"
185.220.101.47 - - [24/Apr/2026:10:19:12 +0500] "POST /api/v1/login HTTP/1.1" 401 354 "-" "python-requests/2.31.0"
185.220.101.47 - - [24/Apr/2026:10:19:14 +0500] "POST /api/v1/login HTTP/1.1" 401 177 "-" "python-requests/2.31.0"
185.220.101.47 - - [24/Apr/2026:10:19:16 +0500] "POST /api/v1/login HTTP/1.1" 401 521 "-" "python-requests/2.31.0"
185.220.101.47 - - [24/Apr/2026:10:19:19 +0500] "POST /api/v1/login HTTP/1.1" 401 410 "-" "python-requests/2.31.0"
185.220.101.47 - - [24/Apr/2026:10:19:22 +0500] "POST /api/v1/login HTTP/1.1" 401 589 "-" "python-requests/2.31.0"
185.220.101.47 - - [24/Apr/2026:10:19:24 +0500] "POST /api/v1/login HTTP/1.1" 200 465 "-" "python-requests/2.31.0"
185.220.101.47 - - [24/Apr/2026:10:19:25 +0500] "POST /api/v1/login HTTP/1.1" 401 417 "-" "python-requests/2.31.0"
185.220.101.47 - - [24/Apr/2026:10:19:28 +0500] "POST /api/v1/login HTTP/1.1" 401 312 "-" "python-requests/2.31.0"
185.220.101.47 - - [24/Apr/2026:10:19:31 +0500] "POST /api/v1/login HTTP/1.1" 401 242 "-" "python-requests/2.31.0"
185.220.101.47 - - [24/Apr/2026:10:19:32 +0500] "POST /api/v1/login HTTP/1.1" 200 592 "-" "python-requests/2.31.0"
185.220.101.47 - - [24/Apr/2026:10:19:33 +0500] "POST /api/v1/login HTTP/1.1" 401 596 "-" "python-requests/2.31.0"
185.220.101.47 - - [24/Apr/2026:10:19:36 +0500] "POST /api/v1/login HTTP/1.1" 401 346 "-" "python-requests/2.31.0"
10.240.198.242 - - [24/Apr/2026:10:19:37 +0500] "GET /login HTTP/1.1" 200 2411 "-" "Mozilla/5.0 (iPhone; CPU iPhone OS 17_2 like Mac OS X)"
10.240.198.242 - - [24/Apr/2026:10:19:37 +0500] "GET /static/app.css HTTP/1.1" 200 1976 "-" "Mozilla/5.0 (iPhone; CPU iPhone OS 17_2 like Mac OS X)"
10.240.198.242 - - [24/Apr/2026:10:19:37 +0500] "GET /favicon.ico HTTP/1.1" 200 6880 "-" "Mozilla/5.0 (iPhone; CPU iPhone OS 17_2 like Mac OS X)"
10.240.198.242 - - [24/Apr/2026:10:19:37 +0500] "GET /api/v1/csrf HTTP/1.1" 200 265 "-" "Mozilla/5.0 (iPhone; CPU iPhone OS 17_2 like Mac OS X)"
185.220.101.47 - - [24/Apr/2026:10:19:39 +0500] "POST /api/v1/login HTTP/1.1" 401 461 "-" "python-requests/2.31.0"
185.220.101.47 - - [24/Apr/2026:10:19:40 +0500] "POST /api/v1/login HTTP/1.1" 401 273 "-" "python-requests/2.31.0"
185.220.101.47 - - [24/Apr/2026:10:19:41 +0500] "POST /api/v1/login HTTP/1.1" 401 588 "-" "python-requests/2.31.0"
185.220.101.47 - - [24/Apr/2026:10:19:44 +0500] "POST /api/v1/login HTTP/1.1" 401 258 "-" "python-requests/2.31.0"
185.220.101.47 - - [24/Apr/2026:10:19:46 +0500] "POST /api/v1/login HTTP/1.1" 401 516 "-" "python-requests/2.31.0"
10.240.198.242 - - [24/Apr/2026:10:19:47 +0500] "POST /api/v1/login HTTP/1.1" 200 2975 "-" "Mozilla/5.0 (iPhone; CPU iPhone OS 17_2 like Mac OS X)"
185.220.101.47 - - [24/Apr/2026:10:19:48 +0500] "POST /api/v1/login HTTP/1.1" 401 497 "-" "python-requests/2.31.0"
10.240.198.242 - - [24/Apr/2026:10:19:48 +0500] "GET /api/v1/transactions HTTP/1.1" 200 1670 "-" "Mozilla/5.0 (iPhone; CPU iPhone OS 17_2 like Mac OS X)"
185.220.101.47 - - [24/Apr/2026:10:19:50 +0500] "POST /api/v1/login HTTP/1.1" 401 483 "-" "python-requests/2.31.0"
185.220.101.47 - - [24/Apr/2026:10:19:52 +0500] "POST /api/v1/login HTTP/1.1" 401 521 "-" "python-requests/2.31.0"
10.240.198.242 - - [24/Apr/2026:10:19:54 +0500] "GET /api/v1/cards HTTP/1.1" 200 2141 "-" "Mozilla/5.0 (iPhone; CPU iPhone OS 17_2 like Mac OS X)"
185.220.101.47 - - [24/Apr/2026:10:19:55 +0500] "POST /api/v1/login HTTP/1.1" 401 460 "-" "python-requests/2.31.0"
185.220.101.47 - - [24/Apr/2026:10:19:58 +0500] "POST /api/v1/login HTTP/1.1" 401 228 "-" "python-requests/2.31.0"
10.240.198.242 - - [24/Apr/2026:10:20:00 +0500] "GET /api/v1/transactions HTTP/1.1" 200 4468 "-" "Mozilla/5.0 (iPhone; CPU iPhone OS 17_2 like Mac OS X)"
185.220.101.47 - - [24/Apr/2026:10:20:01 +0500] "POST /api/v1/login HTTP/1.1" 401 558 "-" "python-requests/2.31.0"
185.220.101.47 - - [24/Apr/2026:10:20:04 +0500] "POST /api/v1/login HTTP/1.1" 401 560 "-" "python-requests/2.31.0"
185.220.101.47 - - [24/Apr/2026:10:20:07 +0500] "POST /api/v1/login HTTP/1.1" 401 293 "-" "python-requests/2.31.0"
185.220.101.47 - - [24/Apr/2026:10:20:09 +0500] "POST /api/v1/login HTTP/1.1" 401 241 "-" "python-requests/2.31.0"
185.220.101.47 - - [24/Apr/2026:10:20:10 +0500] "POST /api/v1/login HTTP/1.1" 401 426 "-" "python-requests/2.31.0"
10.240.198.242 - - [24/Apr/2026:10:20:13 +0500] "GET /api/v1/transactions HTTP/1.1" 200 3708 "-" "Mozilla/5.0 (iPhone; CPU iPhone OS 17_2 like Mac OS X)"
10.40.152.134 - - [24/Apr/2026:10:20:56 +0500] "GET /login HTTP/1.1" 200 2930 "-" "Mozilla/5.0 (Linux; Android 14) AppleWebKit/537.36 Chrome/120.0"
10.40.152.134 - - [24/Apr/2026:10:20:56 +0500] "GET /static/logo.png HTTP/1.1" 200 7583 "-" "Mozilla/5.0 (Linux; Android 14) AppleWebKit/537.36 Chrome/120.0"
10.40.152.134 - - [24/Apr/2026:10:20:56 +0500] "GET /static/app.js HTTP/1.1" 200 6143 "-" "Mozilla/5.0 (Linux; Android 14) AppleWebKit/537.36 Chrome/120.0"
10.40.152.134 - - [24/Apr/2026:10:20:56 +0500] "GET /api/v1/csrf HTTP/1.1" 200 262 "-" "Mozilla/5.0 (Linux; Android 14) AppleWebKit/537.36 Chrome/120.0"
10.40.152.134 - - [24/Apr/2026:10:21:05 +0500] "POST /api/v1/login HTTP/1.1" 200 2665 "-" "Mozilla/5.0 (Linux; Android 14) AppleWebKit/537.36 Chrome/120.0"
10.40.152.134 - - [24/Apr/2026:10:21:08 +0500] "GET /api/v1/profile HTTP/1.1" 200 4986 "-" "Mozilla/5.0 (Linux; Android 14) AppleWebKit/537.36 Chrome/120.0"
10.40.152.134 - - [24/Apr/2026:10:21:18 +0500] "GET /api/v1/cards HTTP/1.1" 200 3692 "-" "Mozilla/5.0 (Linux; Android 14) AppleWebKit/537.36 Chrome/120.0"
10.40.152.134 - - [24/Apr/2026:10:21:27 +0500] "GET /api/v1/balance HTTP/1.1" 200 1586 "-" "Mozilla/5.0 (Linux; Android 14) AppleWebKit/537.36 Chrome/120.0"
10.40.152.134 - - [24/Apr/2026:10:21:29 +0500] "GET /api/v1/transactions HTTP/1.1" 200 2806 "-" "Mozilla/5.0 (Linux; Android 14) AppleWebKit/537.36 Chrome/120.0"
10.40.152.134 - - [24/Apr/2026:10:21:31 +0500] "GET /api/v1/transactions HTTP/1.1" 200 2631 "-" "Mozilla/5.0 (Linux; Android 14) AppleWebKit/537.36 Chrome/120.0"
10.40.152.134 - - [24/Apr/2026:10:21:46 +0500] "GET /api/v1/transactions HTTP/1.1" 200 706 "-" "Mozilla/5.0 (Linux; Android 14) AppleWebKit/537.36 Chrome/120.0"
10.40.152.134 - - [24/Apr/2026:10:21:53 +0500] "GET /api/v1/transactions HTTP/1.1" 200 1912 "-" "Mozilla/5.0 (Linux; Android 14) AppleWebKit/537.36 Chrome/120.0"
10.40.152.134 - - [24/Apr/2026:10:22:05 +0500] "POST /api/v1/transfers HTTP/1.1" 200 1263 "-" "Mozilla/5.0 (Linux; Android 14) AppleWebKit/537.36 Chrome/120.0"
199.249.230.89 - - [24/Apr/2026:10:24:00 +0500] "POST /api/v1/login HTTP/1.1" 401 696 "-" "Mozilla/5.0 (X11; Linux x86_64) Gecko/20100101 Firefox/121.0"
199.249.230.89 - - [24/Apr/2026:10:31:00 +0500] "POST /api/v1/login HTTP/1.1" 401 694 "-" "Mozilla/5.0 (X11; Linux x86_64) Gecko/20100101 Firefox/121.0"
10.221.126.177 - - [24/Apr/2026:10:31:57 +0500] "GET /login HTTP/1.1" 200 3559 "-" "SQBMobileApp/2.1.0 (Android 13; SM-G998B)"
10.221.126.177 - - [24/Apr/2026:10:31:57 +0500] "GET /static/app.js HTTP/1.1" 200 7593 "-" "SQBMobileApp/2.1.0 (Android 13; SM-G998B)"
10.221.126.177 - - [24/Apr/2026:10:31:57 +0500] "GET /api/v1/csrf HTTP/1.1" 200 132 "-" "SQBMobileApp/2.1.0 (Android 13; SM-G998B)"
10.221.126.177 - - [24/Apr/2026:10:32:09 +0500] "POST /api/v1/login HTTP/1.1" 200 3051 "-" "SQBMobileApp/2.1.0 (Android 13; SM-G998B)"
10.221.126.177 - - [24/Apr/2026:10:32:10 +0500] "GET /api/v1/cards HTTP/1.1" 200 3800 "-" "SQBMobileApp/2.1.0 (Android 13; SM-G998B)"
10.221.126.177 - - [24/Apr/2026:10:32:25 +0500] "GET /api/v1/profile HTTP/1.1" 200 642 "-" "SQBMobileApp/2.1.0 (Android 13; SM-G998B)"
10.221.126.177 - - [24/Apr/2026:10:32:27 +0500] "GET /api/v1/profile HTTP/1.1" 200 1239 "-" "SQBMobileApp/2.1.0 (Android 13; SM-G998B)"
10.221.126.177 - - [24/Apr/2026:10:32:34 +0500] "GET /api/v1/transactions HTTP/1.1" 200 1423 "-" "SQBMobileApp/2.1.0 (Android 13; SM-G998B)"
10.221.126.177 - - [24/Apr/2026:10:32:48 +0500] "GET /api/v1/balance HTTP/1.1" 200 2902 "-" "SQBMobileApp/2.1.0 (Android 13; SM-G998B)"
10.221.126.177 - - [24/Apr/2026:10:32:53 +0500] "GET /api/v1/profile HTTP/1.1" 200 3429 "-" "SQBMobileApp/2.1.0 (Android 13; SM-G998B)"
10.221.126.177 - - [24/Apr/2026:10:32:56 +0500] "GET /api/v1/profile HTTP/1.1" 200 2943 "-" "SQBMobileApp/2.1.0 (Android 13; SM-G998B)"
199.249.230.89 - - [24/Apr/2026:10:37:00 +0500] "POST /api/v1/login HTTP/1.1" 401 385 "-" "Mozilla/5.0 (X11; Linux x86_64) Gecko/20100101 Firefox/121.0"
199.249.230.89 - - [24/Apr/2026:10:41:00 +0500] "POST /api/v1/login HTTP/1.1" 401 609 "-" "Mozilla/5.0 (X11; Linux x86_64) Gecko/20100101 Firefox/121.0"
62.122.55.90 - - [24/Apr/2026:10:42:41 +0500] "GET /login HTTP/1.1" 200 4484 "-" "Mozilla/5.0 (iPhone; CPU iPhone OS 17_2 like Mac OS X)"
62.122.55.90 - - [24/Apr/2026:10:42:41 +0500] "GET /static/logo.png HTTP/1.1" 200 3003 "-" "Mozilla/5.0 (iPhone; CPU iPhone OS 17_2 like Mac OS X)"
62.122.55.90 - - [24/Apr/2026:10:42:41 +0500] "GET /static/app.css HTTP/1.1" 200 2864 "-" "Mozilla/5.0 (iPhone; CPU iPhone OS 17_2 like Mac OS X)"
62.122.55.90 - - [24/Apr/2026:10:42:41 +0500] "GET /api/v1/csrf HTTP/1.1" 200 389 "-" "Mozilla/5.0 (iPhone; CPU iPhone OS 17_2 like Mac OS X)"
62.122.55.90 - - [24/Apr/2026:10:42:53 +0500] "POST /api/v1/login HTTP/1.1" 200 1237 "-" "Mozilla/5.0 (iPhone; CPU iPhone OS 17_2 like Mac OS X)"
10.243.120.147 - - [24/Apr/2026:10:42:55 +0500] "GET /login HTTP/1.1" 200 2566 "-" "SQBMobileApp/2.1.0 (Android 13; SM-G998B)"
10.243.120.147 - - [24/Apr/2026:10:42:55 +0500] "GET /static/app.css HTTP/1.1" 200 5620 "-" "SQBMobileApp/2.1.0 (Android 13; SM-G998B)"
10.243.120.147 - - [24/Apr/2026:10:42:55 +0500] "GET /api/v1/csrf HTTP/1.1" 200 350 "-" "SQBMobileApp/2.1.0 (Android 13; SM-G998B)"
62.122.55.90 - - [24/Apr/2026:10:42:55 +0500] "GET /api/v1/profile HTTP/1.1" 200 4108 "-" "Mozilla/5.0 (iPhone; CPU iPhone OS 17_2 like Mac OS X)"
10.243.120.147 - - [24/Apr/2026:10:43:00 +0500] "POST /api/v1/login HTTP/1.1" 200 3273 "-" "SQBMobileApp/2.1.0 (Android 13; SM-G998B)"
10.243.120.147 - - [24/Apr/2026:10:43:03 +0500] "GET /api/v1/profile HTTP/1.1" 200 3363 "-" "SQBMobileApp/2.1.0 (Android 13; SM-G998B)"
62.122.55.90 - - [24/Apr/2026:10:43:10 +0500] "GET /api/v1/transactions HTTP/1.1" 200 2651 "-" "Mozilla/5.0 (iPhone; CPU iPhone OS 17_2 like Mac OS X)"
10.243.120.147 - - [24/Apr/2026:10:43:16 +0500] "GET /api/v1/profile HTTP/1.1" 200 3766 "-" "SQBMobileApp/2.1.0 (Android 13; SM-G998B)"
62.122.55.90 - - [24/Apr/2026:10:43:21 +0500] "GET /api/v1/transactions HTTP/1.1" 200 1233 "-" "Mozilla/5.0 (iPhone; CPU iPhone OS 17_2 like Mac OS X)"
10.243.120.147 - - [24/Apr/2026:10:43:28 +0500] "GET /api/v1/transactions HTTP/1.1" 200 487 "-" "SQBMobileApp/2.1.0 (Android 13; SM-G998B)"
62.122.55.90 - - [24/Apr/2026:10:43:29 +0500] "GET /api/v1/cards HTTP/1.1" 200 3168 "-" "Mozilla/5.0 (iPhone; CPU iPhone OS 17_2 like Mac OS X)"
10.243.120.147 - - [24/Apr/2026:10:43:30 +0500] "GET /api/v1/balance HTTP/1.1" 200 3376 "-" "SQBMobileApp/2.1.0 (Android 13; SM-G998B)"
62.122.55.90 - - [24/Apr/2026:10:43:38 +0500] "POST /api/v1/transfers HTTP/1.1" 200 732 "-" "Mozilla/5.0 (iPhone; CPU iPhone OS 17_2 like Mac OS X)"
10.243.120.147 - - [24/Apr/2026:10:43:42 +0500] "GET /api/v1/transactions HTTP/1.1" 200 3280 "-" "SQBMobileApp/2.1.0 (Android 13; SM-G998B)"
10.243.120.147 - - [24/Apr/2026:10:43:54 +0500] "GET /api/v1/profile HTTP/1.1" 200 3392 "-" "SQBMobileApp/2.1.0 (Android 13; SM-G998B)"
199.249.230.89 - - [24/Apr/2026:10:48:00 +0500] "POST /api/v1/login HTTP/1.1" 401 371 "-" "Mozilla/5.0 (X11; Linux x86_64) Gecko/20100101 Firefox/121.0"
