199.249.230.89 - - [24/Apr/2026:10:55:00 +0500] "POST /api/v1/login HTTP/1.1" 401 562 "-" "Mozilla/5.0 (X11; Linux x86_64) Gecko/20100101 Firefox/121.0"
199.249.230.89 - - [24/Apr/2026:11:01:00 +0500] "POST /api/v1/login HTTP/1.1" 401 619 "-" "Mozilla/5.0 (X11; Linux x86_64) Gecko/20100101 Firefox/121.0"
199.249.230.89 - - [24/Apr/2026:11:07:00 +0500] "POST /api/v1/login HTTP/1.1" 401 497 "-" "Mozilla/5.0 (X11; Linux x86_64) Gecko/20100101 Firefox/121.0"
199.249.230.89 - - [24/Apr/2026:11:14:00 +0500] "POST /api/v1/login HTTP/1.1" 401 605 "-" "Mozilla/5.0 (X11; Linux x86_64) Gecko/20100101 Firefox/121.0"
10.216.187.123 - - [24/Apr/2026:11:17:11 +0500] "GET /login HTTP/1.1" 200 4872 "-" "Mozilla/5.0 (Windows NT 10.0; Win64; x64) AppleWebKit/537.36"
10.216.187.123 - - [24/Apr/2026:11:17:11 +0500] "GET /favicon.ico HTTP/1.1" 200 4964 "-" "Mozilla/5.0 (Windows NT 10.0; Win64; x64) AppleWebKit/537.36"
10.216.187.123 - - [24/Apr/2026:11:17:11 +0500] "GET /static/app.js HTTP/1.1" 200 1780 "-" "Mozilla/5.0 (Windows NT 10.0; Win64; x64) AppleWebKit/537.36"
10.216.187.123 - - [24/Apr/2026:11:17:12 +0500] "GET /api/v1/csrf HTTP/1.1" 200 274 "-" "Mozilla/5.0 (Windows NT 10.0; Win64; x64) AppleWebKit/537.36"
10.216.187.123 - - [24/Apr/2026:11:17:19 +0500] "POST /api/v1/login HTTP/1.1" 200 916 "-" "Mozilla/5.0 (Windows NT 10.0; Win64; x64) AppleWebKit/537.36"
10.216.187.123 - - [24/Apr/2026:11:17:22 +0500] "GET /api/v1/balance HTTP/1.1" 200 1534 "-" "Mozilla/5.0 (Windows NT 10.0; Win64; x64) AppleWebKit/537.36"
10.216.187.123 - - [24/Apr/2026:11:17:29 +0500] "GET /api/v1/profile HTTP/1.1" 200 1331 "-" "Mozilla/5.0 (Windows NT 10.0; Win64; x64) AppleWebKit/537.36"
10.216.187.123 - - [24/Apr/2026:11:17:39 +0500] "GET /api/v1/balance HTTP/1.1" 200 900 "-" "Mozilla/5.0 (Windows NT 10.0; Win64; x64) AppleWebKit/537.36"
10.216.187.123 - - [24/Apr/2026:11:17:45 +0500] "GET /api/v1/cards HTTP/1.1" 200 749 "-" "Mozilla/5.0 (Windows NT 10.0; Win64; x64) AppleWebKit/537.36"
10.216.187.123 - - [24/Apr/2026:11:17:55 +0500] "GET /api/v1/balance HTTP/1.1" 200 4856 "-" "Mozilla/5.0 (Windows NT 10.0; Win64; x64) AppleWebKit/537.36"
199.249.230.89 - - [24/Apr/2026:11:18:00 +0500] "POST /api/v1/login HTTP/1.1" 401 267 "-" "Mozilla/5.0 (X11; Linux x86_64) Gecko/20100101 Firefox/121.0"
10.216.187.123 - - [24/Apr/2026:11:18:02 +0500] "GET /api/v1/cards HTTP/1.1" 200 1737 "-" "Mozilla/5.0 (Windows NT 10.0; Win64; x64) AppleWebKit/537.36"
10.216.187.123 - - [24/Apr/2026:11:18:17 +0500] "GET /api/v1/profile HTTP/1.1" 200 1982 "-" "Mozilla/5.0 (Windows NT 10.0; Win64; x64) AppleWebKit/537.36"
10.113.62.1 - - [24/Apr/2026:11:18:54 +0500] "GET /login HTTP/1.1" 200 4187 "-" "Mozilla/5.0 (Linux; Android 14) AppleWebKit/537.36 Chrome/120.0"
10.113.62.1 - - [24/Apr/2026:11:18:54 +0500] "GET /static/logo.png HTTP/1.1" 200 7206 "-" "Mozilla/5.0 (Linux; Android 14) AppleWebKit/537.36 Chrome/120.0"
10.113.62.1 - - [24/Apr/2026:11:18:54 +0500] "GET /static/app.css HTTP/1.1" 200 4254 "-" "Mozilla/5.0 (Linux; Android 14) AppleWebKit/537.36 Chrome/120.0"
10.113.62.1 - - [24/Apr/2026:11:18:54 +0500] "GET /api/v1/csrf HTTP/1.1" 200 372 "-" "Mozilla/5.0 (Linux; Android 14) AppleWebKit/537.36 Chrome/120.0"
10.113.62.1 - - [24/Apr/2026:11:19:01 +0500] "POST /api/v1/login HTTP/1.1" 200 2741 "-" "Mozilla/5.0 (Linux; Android 14) AppleWebKit/537.36 Chrome/120.0"
10.113.62.1 - - [24/Apr/2026:11:19:05 +0500] "GET /api/v1/profile HTTP/1.1" 200 3268 "-" "Mozilla/5.0 (Linux; Android 14) AppleWebKit/537.36 Chrome/120.0"
10.113.62.1 - - [24/Apr/2026:11:19:09 +0500] "GET /api/v1/balance HTTP/1.1" 200 835 "-" "Mozilla/5.0 (Linux; Android 14) AppleWebKit/537.36 Chrome/120.0"
10.113.62.1 - - [24/Apr/2026:11:19:21 +0500] "GET /api/v1/cards HTTP/1.1" 200 2490 "-" "Mozilla/5.0 (Linux; Android 14) AppleWebKit/537.36 Chrome/120.0"
10.113.62.1 - - [24/Apr/2026:11:19:36 +0500] "GET /api/v1/profile HTTP/1.1" 200 4475 "-" "Mozilla/5.0 (Linux; Android 14) AppleWebKit/537.36 Chrome/120.0"
199.249.230.89 - - [24/Apr/2026:11:23:00 +0500] "POST /api/v1/login HTTP/1.1" 401 359 "-" "Mozilla/5.0 (X11; Linux x86_64) Gecko/20100101 Firefox/121.0"
199.249.230.89 - - [24/Apr/2026:11:30:00 +0500] "POST /api/v1/login HTTP/1.1" 401 370 "-" "Mozilla/5.0 (X11; Linux x86_64) Gecko/20100101 Firefox/121.0"
199.249.230.89 - - [24/Apr/2026:11:37:00 +0500] "POST /api/v1/login HTTP/1.1" 401 393 "-" "Mozilla/5.0 (X11; Linux x86_64) Gecko/20100101 Firefox/121.0"
199.249.230.89 - - [24/Apr/2026:11:44:00 +0500] "POST /api/v1/login HTTP/1.1" 401 617 "-" "Mozilla/5.0 (X11; Linux x86_64) Gecko/20100101 Firefox/121.0"
199.249.230.89 - - [24/Apr/2026:11:51:00 +0500] "POST /api/v1/login HTTP/1.1" 401 672 "-" "Mozilla/5.0 (X11; Linux x86_64) Gecko/20100101 Firefox/121.0"
10.240.35.201 - - [24/Apr/2026:11:53:27 +0500] "GET /login HTTP/1.1" 200 3548 "-" "Mozilla/5.0 (iPhone; CPU iPhone OS 17_2 like Mac OS X)"
10.240.35.201 - - [24/Apr/2026:11:53:27 +0500] "GET /favicon.ico HTTP/1.1" 200 5392 "-" "Mozilla/5.0 (iPhone; CPU iPhone OS 17_2 like Mac OS X)"
10.240.35.201 - - [24/Apr/2026:11:53:27 +0500] "GET /static/app.css HTTP/1.1" 200 5746 "-" "Mozilla/5.0 (iPhone; CPU iPhone OS 17_2 like Mac OS X)"
10.240.35.201 - - [24/Apr/2026:11:53:28 +0500] "GET /static/logo.png HTTP/1.1" 200 3122 "-" "Mozilla/5.0 (iPhone; CPU iPhone OS 17_2 like Mac OS X)"
10.240.35.201 - - [24/Apr/2026:11:53:28 +0500] "GET /api/v1/csrf HTTP/1.1" 200 212 "-" "Mozilla/5.0 (iPhone; CPU iPhone OS 17_2 like Mac OS X)"
10.240.35.201 - - [24/Apr/2026:11:53:32 +0500] "POST /api/v1/login HTTP/1.1" 200 1116 "-" "Mozilla/5.0 (iPhone; CPU iPhone OS 17_2 like Mac OS X)"
10.240.35.201 - - [24/Apr/2026:11:53:35 +0500] "GET /api/v1/transactions HTTP/1.1" 200 2070 "-" "Mozilla/5.0 (iPhone; CPU iPhone OS 17_2 like Mac OS X)"
10.240.35.201 - - [24/Apr/2026:11:53:44 +0500] "GET /api/v1/balance HTTP/1.1" 200 1562 "-" "Mozilla/5.0 (iPhone; CPU iPhone OS 17_2 like Mac OS X)"
10.240.35.201 - - [24/Apr/2026:11:53:53 +0500] "GET /api/v1/profile HTTP/1.1" 200 4262 "-" "Mozilla/5.0 (iPhone; CPU iPhone OS 17_2 like Mac OS X)"
199.249.230.89 - - [24/Apr/2026:11:55:00 +0500] "POST /api/v1/login HTTP/1.1" 401 787 "-" "Mozilla/5.0 (X11; Linux x86_64) Gecko/20100101 Firefox/121.0"
10.19.14.214 - - [24/Apr/2026:11:57:37 +0500] "GET /login HTTP/1.1" 200 3300 "-" "SQBMobileApp/2.1.0 (Android 13; SM-G998B)"
10.19.14.214 - - [24/Apr/2026:11:57:37 +0500] "GET /static/logo.png HTTP/1.1" 200 6864 "-" "SQBMobileApp/2.1.0 (Android 13; SM-G998B)"
10.19.14.214 - - [24/Apr/2026:11:57:37 +0500] "GET /static/app.css HTTP/1.1" 200 3692 "-" "SQBMobileApp/2.1.0 (Android 13; SM-G998B)"
10.19.14.214 - - [24/Apr/2026:11:57:38 +0500] "GET /api/v1/csrf HTTP/1.1" 200 250 "-" "SQBMobileApp/2.1.0 (Android 13; SM-G998B)"
10.19.14.214 - - [24/Apr/2026:11:57:50 +0500] "POST /api/v1/login HTTP/1.1" 200 1429 "-" "SQBMobileApp/2.1.0 (Android 13; SM-G998B)"
10.19.14.214 - - [24/Apr/2026:11:57:51 +0500] "GET /api/v1/transactions HTTP/1.1" 200 1698 "-" "SQBMobileApp/2.1.0 (Android 13; SM-G998B)"
10.19.14.214 - - [24/Apr/2026:11:57:53 +0500] "GET /api/v1/balance HTTP/1.1" 200 2380 "-" "SQBMobileApp/2.1.0 (Android 13; SM-G998B)"
10.19.14.214 - - [24/Apr/2026:11:57:59 +0500] "GET /api/v1/transactions HTTP/1.1" 200 2571 "-" "SQBMobileApp/2.1.0 (Android 13; SM-G998B)"
10.19.14.214 - - [24/Apr/2026:11:58:11 +0500] "GET /api/v1/transactions HTTP/1.1" 200 1101 "-" "SQBMobileApp/2.1.0 (Android 13; SM-G998B)"
10.19.14.214 - - [24/Apr/2026:11:58:13 +0500] "GET /api/v1/cards HTTP/1.1" 200 4847 "-" "SQBMobileApp/2.1.0 (Android 13; SM-G998B)"
199.249.230.89 - - [24/Apr/2026:12:02:00 +0500] "POST /api/v1/login HTTP/1.1" 401 252 "-" "Mozilla/5.0 (X11; Linux x86_64) Gecko/20100101 Firefox/121.0"
91.205.18.77 - - [24/Apr/2026:12:03:21 +0500] "GET /login HTTP/1.1" 200 4734 "-" "Mozilla/5.0 (iPhone; CPU iPhone OS 17_2 like Mac OS X)"
91.205.18.77 - - [24/Apr/2026:12:03:21 +0500] "GET /static/logo.png HTTP/1.1" 200 7922 "-" "Mozilla/5.0 (iPhone; CPU iPhone OS 17_2 like Mac OS X)"
91.205.18.77 - - [24/Apr/2026:12:03:21 +0500] "GET /api/v1/csrf HTTP/1.1" 200 320 "-" "Mozilla/5.0 (iPhone; CPU iPhone OS 17_2 like Mac OS X)"
91.205.18.77 - - [24/Apr/2026:12:03:33 +0500] "POST /api/v1/login HTTP/1.1" 200 2654 "-" "Mozilla/5.0 (iPhone; CPU iPhone OS 17_2 like Mac OS X)"
91.205.18.77 - - [24/Apr/2026:12:03:35 +0500] "GET /api/v1/balance HTTP/1.1" 200 3421 "-" "Mozilla/5.0 (iPhone; CPU iPhone OS 17_2 like Mac OS X)"
91.205.18.77 - - [24/Apr/2026:12:03:48 +0500] "GET /api/v1/cards HTTP/1.1" 200 1534 "-" "Mozilla/5.0 (iPhone; CPU iPhone OS 17_2 like Mac OS X)"
91.205.18.77 - - [24/Apr/2026:12:03:51 +0500] "GET /api/v1/transactions HTTP/1.1" 200 4548 "-" "Mozilla/5.0 (iPhone; CPU iPhone OS 17_2 like Mac OS X)"
91.205.18.77 - - [24/Apr/2026:12:03:55 +0500] "GET /api/v1/balance HTTP/1.1" 200 2688 "-" "Mozilla/5.0 (iPhone; CPU iPhone OS 17_2 like Mac OS X)"
199.249.230.89 - - [24/Apr/2026:12:09:00 +0500] "POST /api/v1/login HTTP/1.1" 401 761 "-" "Mozilla/5.0 (X11; Linux x86_64) Gecko/20100101 Firefox/121.0"
199.249.230.89 - - [24/Apr/2026:12:13:00 +0500] "POST /api/v1/login HTTP/1.1" 401 465 "-" "Mozilla/5.0 (X11; Linux x86_64) Gecko/20100101 Firefox/121.0"
199.249.230.89 - - [24/Apr/2026:12:17:00 +0500] "POST /api/v1/login HTTP/1.1" 401 791 "-" "Mozilla/5.0 (X11; Linux x86_64) Gecko/20100101 Firefox/121.0"
10.172.47.247 - - [24/Apr/2026:12:18:55 +0500] "GET /login HTTP/1.1" 200 4105 "-" "Mozilla/5.0 (Windows NT 10.0; Win64; x64) AppleWebKit/537.36"
10.172.47.247 - - [24/Apr/2026:12:18:55 +0500] "GET /favicon.ico HTTP/1.1" 200 7044 "-" "Mozilla/5.0 (Windows NT 10.0; Win64; x64) AppleWebKit/537.36"
10.172.47.247 - - [24/Apr/2026:12:18:56 +0500] "GET /static/app.js HTTP/1.1" 200 6347 "-" "Mozilla/5.0 (Windows NT 10.0; Win64; x64) AppleWebKit/537.36"
10.172.47.247 - - [24/Apr/2026:12:18:56 +0500] "GET /static/app.css HTTP/1.1" 200 3922 "-" "Mozilla/5.0 (Windows NT 10.0; Win64; x64) AppleWebKit/537.36"
10.172.47.247 - - [24/Apr/2026:12:18:56 +0500] "GET /api/v1/csrf HTTP/1.1" 200 190 "-" "Mozilla/5.0 (Windows NT 10.0; Win64; x64) AppleWebKit/537.36"
10.172.47.247 - - [24/Apr/2026:12:18:59 +0500] "POST /api/v1/login HTTP/1.1" 200 1968 "-" "Mozilla/5.0 (Windows NT 10.0; Win64; x64) AppleWebKit/537.36"
10.172.47.247 - - [24/Apr/2026:12:19:02 +0500] "GET /api/v1/profile HTTP/1.1" 200 2001 "-" "Mozilla/5.0 (Windows NT 10.0; Win64; x64) AppleWebKit/537.36"
10.172.47.247 - - [24/Apr/2026:12:19:14 +0500] "GET /api/v1/profile HTTP/1.1" 200 1465 "-" "Mozilla/5.0 (Windows NT 10.0; Win64; x64) AppleWebKit/537.36"
10.172.47.247 - - [24/Apr/2026:12:19:24 +0500] "GET /api/v1/balance HTTP/1.1" 200 3602 "-" "Mozilla/5.0 (Windows NT 10.0; Win64; x64) AppleWebKit/537.36"
10.172.47.247 - - [24/Apr/2026:12:19:27 +0500] "GET /api/v1/profile HTTP/1.1" 200 705 "-" "Mozilla/5.0 (Windows NT 10.0; Win64; x64) AppleWebKit/537.36"
199.249.230.89 - - [24/Apr/2026:12:22:00 +0500] "POST /api/v1/login HTTP/1.1" 401 662 "-" "Mozilla/5.0 (X11; Linux x86_64) Gecko/20100101 Firefox/121.0"
46.21.243.78 - - [24/Apr/2026:12:24:14 +0500] "GET /login HTTP/1.1" 200 2331 "-" "SQBMobileApp/2.1.0 (Android 13; SM-G998B)"
46.21.243.78 - - [24/Apr/2026:12:24:14 +0500] "GET /static/app.css HTTP/1.1" 200 3649 "-" "SQBMobileApp/2.1.0 (Android 13; SM-G998B)"
46.21.243.78 - - [24/Apr/2026:12:24:14 +0500] "GET /static/logo.png HTTP/1.1" 200 5295 "-" "SQBMobileApp/2.1.0 (Android 13; SM-G998B)"
46.21.243.78 - - [24/Apr/2026:12:24:14 +0500] "GET /api/v1/csrf HTTP/1.1" 200 157 "-" "SQBMobileApp/2.1.0 (Android 13; SM-G998B)"
46.21.243.78 - - [24/Apr/2026:12:24:26 +0500] "POST /api/v1/login HTTP/1.1" 200 2128 "-" "SQBMobileApp/2.1.0 (Android 13; SM-G998B)"
46.21.243.78 - - [24/Apr/2026:12:24:30 +0500] "GET /api/v1/balance HTTP/1.1" 200 2648 "-" "SQBMobileApp/2.1.0 (Android 13; SM-G998B)"
46.21.243.78 - - [24/Apr/2026:12:24:41 +0500] "GET /api/v1/transactions HTTP/1.1" 200 1834 "-" "SQBMobileApp/2.1.0 (Android 13; SM-G998B)"
46.21.243.78 - - [24/Apr/2026:12:24:56 +0500] "GET /api/v1/balance HTTP/1.1" 200 4109 "-" "SQBMobileApp/2.1.0 (Android 13; SM-G998B)"
46.21.243.78 - - [24/Apr/2026:12:25:00 +0500] "GET /api/v1/cards HTTP/1.1" 200 468 "-" "SQBMobileApp/2.1.0 (Android 13; SM-G998B)"
46.21.243.78 - - [24/Apr/2026:12:25:10 +0500] "GET /api/v1/cards HTTP/1.1" 200 4486 "-" "SQBMobileApp/2.1.0 (Android 13; SM-G998B)"
46.21.243.78 - - [24/Apr/2026:12:25:21 +0500] "GET /api/v1/profile HTTP/1.1" 200 1041 "-" "SQBMobileApp/2.1.0 (Android 13; SM-G998B)"
46.21.243.78 - - [24/Apr/2026:12:25:35 +0500] "GET /api/v1/balance HTTP/1.1" 200 4086 "-" "SQBMobileApp/2.1.0 (Android 13; SM-G998B)"
46.21.243.78 - - [24/Apr/2026:12:25:49 +0500] "GET /api/v1/cards HTTP/1.1" 200 869 "-" "SQBMobileApp/2.1.0 (Android 13; SM-G998B)"
45.142.214.15 - - [24/Apr/2026:12:30:00 +0500] "POST /api/v1/login HTTP/1.1" 401 352 "-" "Mozilla/5.0 (compatible; CredCheck/1.0)"
199.249.230.89 - - [24/Apr/2026:12:30:00 +0500] "POST /api/v1/login HTTP/1.1" 401 659 "-" "Mozilla/5.0 (X11; Linux x86_64) Gecko/20100101 Firefox/121.0"
45.142.214.10 - - [24/Apr/2026:12:30:03 +0500] "POST /api/v1/login HTTP/1.1" 401 337 "-" "Mozilla/5.0 (compatible; CredCheck/1.0)"
45.142.214.19 - - [24/Apr/2026:12:30:08 +0500] "POST /api/v1/login HTTP/1.1" 401 209 "-" "Mozilla/5.0 (compatible; CredCheck/1.0)"
45.142.214.13 - - [24/Apr/2026:12:30:12 +0500] "POST /api/v1/login HTTP/1.1" 401 274 "-" "Mozilla/5.0 (compatible; CredCheck/1.0)"
45.142.214.16 - - [24/Apr/2026:12:30:17 +0500] "POST /api/v1/login HTTP/1.1" 401 512 "-" "Mozilla/5.0 (compatible; CredCheck/1.0)"
45.142.214.18 - - [24/Apr/2026:12:30:20 +0500] "POST /api/v1/login HTTP/1.1" 401 187 "-" "Mozilla/5.0 (compatible; CredCheck/1.0)"
45.142.214.11 - - [24/Apr/2026:12:30:22 +0500] "POST /api/v1/login HTTP/1.1" 401 443 "-" "Mozilla/5.0 (compatible; CredCheck/1.0)"
45.142.214.10 - - [24/Apr/2026:12:30:26 +0500] "POST /api/v1/login HTTP/1.1" 401 375 "-" "Mozilla/5.0 (compatible; CredCheck/1.0)"
45.142.214.11 - - [24/Apr/2026:12:30:34 +0500] "POST /api/v1/login HTTP/1.1" 401 623 "-" "Mozilla/5.0 (compatible; CredCheck/1.0)"
45.142.214.12 - - [24/Apr/2026:12:30:37 +0500] "POST /api/v1/login HTTP/1.1" 401 686 "-" "Mozilla/5.0 (compatible; CredCheck/1.0)"
45.142.214.15 - - [24/Apr/2026:12:30:40 +0500] "POST /api/v1/login HTTP/1.1" 401 612 "-" "Mozilla/5.0 (compatible; CredCheck/1.0)"
45.142.214.16 - - [24/Apr/2026:12:30:47 +0500] "POST /api/v1/login HTTP/1.1" 401 551 "-" "Mozilla/5.0 (compatible; CredCheck/1.0)"
45.142.214.13 - - [24/Apr/2026:12:30:54 +0500] "POST /api/v1/login HTTP/1.1" 200 631 "-" "Mozilla/5.0 (compatible; CredCheck/1.0)"
45.142.214.19 - - [24/Apr/2026:12:31:00 +0500] "POST /api/v1/login HTTP/1.1" 401 396 "-" "Mozilla/5.0 (compatible; CredCheck/1.0)"
45.142.214.13 - - [24/Apr/2026:12:31:07 +0500] "POST /api/v1/login HTTP/1.1" 401 260 "-" "Mozilla/5.0 (compatible; CredCheck/1.0)"
45.142.214.19 - - [24/Apr/2026:12:31:11 +0500] "POST /api/v1/login HTTP/1.1" 401 297 "-" "Mozilla/5.0 (compatible; CredCheck/1.0)"
45.142.214.13 - - [24/Apr/2026:12:31:14 +0500] "POST /api/v1/login HTTP/1.1" 401 373 "-" "Mozilla/5.0 (compatible; CredCheck/1.0)"
45.142.214.10 - - [24/Apr/2026:12:31:19 +0500] "POST /api/v1/login HTTP/1.1" 401 328 "-" "Mozilla/5.0 (compatible; CredCheck/1.0)"
45.142.214.14 - - [24/Apr/2026:12:31:26 +0500] "POST /api/v1/login HTTP/1.1" 401 553 "-" "Mozilla/5.0 (compatible; CredCheck/1.0)"
45.142.214.10 - - [24/Apr/2026:12:31:31 +0500] "POST /api/v1/login HTTP/1.1" 401 651 "-" "Mozilla/5.0 (compatible; CredCheck/1.0)"
45.142.214.15 - - [24/Apr/2026:12:31:35 +0500] "POST /api/v1/login HTTP/1.1" 401 321 "-" "Mozilla/5.0 (compatible; CredCheck/1.0)"
45.142.214.12 - - [24/Apr/2026:12:31:37 +0500] "POST /api/v1/login HTTP/1.1" 401 547 "-" "Mozilla/5.0 (compatible; CredCheck/1.0)"
45.142.214.16 - - [24/Apr/2026:12:31:42 +0500] "POST /api/v1/login HTTP/1.1" 401 229 "-" "Mozilla/5.0 (compatible; CredCheck/1.0)"
45.142.214.18 - - [24/Apr/2026:12:31:49 +0500] "POST /api/v1/login HTTP/1.1" 401 440 "-" "Mozilla/5.0 (compatible; CredCheck/1.0)"
45.142.214.11 - - [24/Apr/2026:12:31:56 +0500] "POST /api/v1/login HTTP/1.1" 401 534 "-" "Mozilla/5.0 (compatible; CredCheck/1.0)"
10.209.25.218 - - [24/Apr/2026:12:31:57 +0500] "GET /login HTTP/1.1" 200 4718 "-" "Mozilla/5.0 (Windows NT 10.0; Win64; x64) AppleWebKit/537.36"
10.209.25.218 - - [24/Apr/2026:12:31:57 +0500] "GET /static/logo.png HTTP/1.1" 200 1429 "-" "Mozilla/5.0 (Windows NT 10.0; Win64; x64) AppleWebKit/537.36"
10.209.25.218 - - [24/Apr/2026:12:31:57 +0500] "GET /static/app.js HTTP/1.1" 200 4857 "-" "Mozilla/5.0 (Windows NT 10.0; Win64; x64) AppleWebKit/537.36"
10.209.25.218 - - [24/Apr/2026:12:31:57 +0500] "GET /favicon.ico HTTP/1.1" 200 1653 "-" "Mozilla/5.0 (Windows NT 10.0; Win64; x64) AppleWebKit/537.36"
10.209.25.218 - - [24/Apr/2026:12:31:57 +0500] "GET /api/v1/csrf HTTP/1.1" 200 116 "-" "Mozilla/5.0 (Windows NT 10.0; Win64; x64) AppleWebKit/537.36"
45.142.214.18 - - [24/Apr/2026:12:32:02 +0500] "POST /api/v1/login HTTP/1.1" 401 280 "-" "Mozilla/5.0 (compatible; CredCheck/1.0)"
10.209.25.218 - - [24/Apr/2026:12:32:02 +0500] "POST /api/v1/login HTTP/1.1" 200 2908 "-" "Mozilla/5.0 (Windows NT 10.0; Win64; x64) AppleWebKit/537.36"
10.209.25.218 - - [24/Apr/2026:12:32:04 +0500] "GET /api/v1/balance HTTP/1.1" 200 3863 "-" "Mozilla/5.0 (Windows NT 10.0; Win64; x64) AppleWebKit/537.36"
10.209.25.218 - - [24/Apr/2026:12:32:08 +0500] "GET /api/v1/balance HTTP/1.1" 200 4075 "-" "Mozilla/5.0 (Windows NT 10.0; Win64; x64) AppleWebKit/537.36"
45.142.214.14 - - [24/Apr/2026:12:32:10 +0500] "POST /api/v1/login HTTP/1.1" 401 262 "-" "Mozilla/5.0 (compatible; CredCheck/1.0)"
45.142.214.10 - - [24/Apr/2026:12:32:16 +0500] "POST /api/v1/login HTTP/1.1" 401 643 "-" "Mozilla/5.0 (compatible; CredCheck/1.0)"
45.142.214.11 - - [24/Apr/2026:12:32:22 +0500] "POST /api/v1/login HTTP/1.1" 401 647 "-" "Mozilla/5.0 (compatible; CredCheck/1.0)"
10.209.25.218 - - [24/Apr/2026:12:32:22 +0500] "GET /api/v1/cards HTTP/1.1" 200 659 "-" "Mozilla/5.0 (Windows NT 10.0; Win64; x64) AppleWebKit/537.36"
45.142.214.17 - - [24/Apr/2026:12:32:28 +0500] "POST /api/v1/login HTTP/1.1" 401 336 "-" "Mozilla/5.0 (compatible; CredCheck/1.0)"
45.142.214.12 - - [24/Apr/2026:12:32:32 +0500] "POST /api/v1/login HTTP/1.1" 401 581 "-" "Mozilla/5.0 (compatible; CredCheck/1.0)"
10.209.25.218 - - [24/Apr/2026:12:32:33 +0500] "GET /api/v1/profile HTTP/1.1" 401 2294 "-" "Mozilla/5.0 (Windows NT 10.0; Win64; x64) AppleWebKit/537.36"
45.142.214.12 - - [24/Apr/2026:12:32:34 +0500] "POST /api/v1/login HTTP/1.1" 401 441 "-" "Mozilla/5.0 (compatible; CredCheck/1.0)"
45.142.214.10 - - [24/Apr/2026:12:32:36 +0500] "POST /api/v1/login HTTP/1.1" 401 252 "-" "Mozilla/5.0 (compatible; CredCheck/1.0)"
45.142.214.19 - - [24/Apr/2026:12:32:44 +0500] "POST /api/v1/login HTTP/1.1" 401 522 "-" "Mozilla/5.0 (compatible; CredCheck/1.0)"
10.209.25.218 - - [24/Apr/2026:12:32:45 +0500] "GET /api/v1/cards HTTP/1.1" 200 2701 "-" "Mozilla/5.0 (Windows NT 10.0; Win64; x64) AppleWebKit/537.36"
45.142.214.12 - - [24/Apr/2026:12:32:51 +0500] "POST /api/v1/login HTTP/1.1" 401 662 "-" "Mozilla/5.0 (compatible; CredCheck/1.0)"
45.142.214.15 - - [24/Apr/2026:12:32:54 +0500] "POST /api/v1/login HTTP/1.1" 401 659 "-" "Mozilla/5.0 (compatible; CredCheck/1.0)"
10.209.25.218 - - [24/Apr/2026:12:32:59 +0500] "GET /api/v1/balance HTTP/1.1" 200 892 "-" "Mozilla/5.0 (Windows NT 10.0; Win64; x64) AppleWebKit/537.36"
45.142.214.13 - - [24/Apr/2026:12:33:01 +0500] "POST /api/v1/login HTTP/1.1" 401 500 "-" "Mozilla/5.0 (compatible; CredCheck/1.0)"
45.142.214.10 - - [24/Apr/2026:12:33:06 +0500] "POST /api/v1/login HTTP/1.1" 401 368 "-" "Mozilla/5.0 (compatible; CredCheck/1.0)"
45.142.214.13 - - [24/Apr/2026:12:33:11 +0500] "POST /api/v1/login HTTP/1.1" 401 667 "-" "Mozilla/5.0 (compatible; CredCheck/1.0)"
10.209.25.218 - - [24/Apr/2026:12:33:11 +0500] "GET /api/v1/profile HTTP/1.1" 200 2811 "-" "Mozilla/5.0 (Windows NT 10.0; Win64; x64) AppleWebKit/537.36"
45.142.214.16 - - [24/Apr/2026:12:33:17 +0500] "POST /api/v1/login HTTP/1.1" 401 196 "-" "Mozilla/5.0 (compatible; CredCheck/1.0)"
10.209.25.218 - - [24/Apr/2026:12:33:19 +0500] "GET /api/v1/balance HTTP/1.1" 200 2372 "-" "Mozilla/5.0 (Windows NT 10.0; Win64; x64) AppleWebKit/537.36"
45.142.214.13 - - [24/Apr/2026:12:33:22 +0500] "POST /api/v1/login HTTP/1.1" 401 214 "-" "Mozilla/5.0 (compatible; CredCheck/1.0)"
45.142.214.17 - - [24/Apr/2026:12:33:28 +0500] "POST /api/v1/login HTTP/1.1" 401 481 "-" "Mozilla/5.0 (compatible; CredCheck/1.0)"
45.142.214.18 - - [24/Apr/2026:12:33:31 +0500] "POST /api/v1/login HTTP/1.1" 401 622 "-" "Mozilla/5.0 (compatible; CredCheck/1.0)"
45.142.214.19 - - [24/Apr/2026:12:33:39 +0500] "POST /api/v1/login HTTP/1.1" 401 350 "-" "Mozilla/5.0 (compatible; CredCheck/1.0)"
45.142.214.11 - - [24/Apr/2026:12:33:45 +0500] "POST /api/v1/login HTTP/1.1" 401 402 "-" "Mozilla/5.0 (compatible; CredCheck/1.0)"
45.142.214.11 - - [24/Apr/2026:12:33:51 +0500] "POST /api/v1/login HTTP/1.1" 401 648 "-" "Mozilla/5.0 (compatible; CredCheck/1.0)"
45.142.214.11 - - [24/Apr/2026:12:33:56 +0500] "POST /api/v1/login HTTP/1.1" 401 605 "-" "Mozilla/5.0 (compatible; CredCheck/1.0)"
45.142.214.10 - - [24/Apr/2026:12:34:01 +0500] "POST /api/v1/login HTTP/1.1" 401 232 "-" "Mozilla/5.0 (compatible; CredCheck/1.0)"
45.142.214.12 - - [24/Apr/2026:12:34:05 +0500] "POST /api/v1/login HTTP/1.1" 401 563 "-" "Mozilla/5.0 (compatible; CredCheck/1.0)"
10.12.193.140 - - [24/Apr/2026:12:34:06 +0500] "GET /login HTTP/1.1" 200 2164 "-" "Mozilla/5.0 (iPhone; CPU iPhone OS 14_0 like Mac OS X)"
10.12.193.140 - - [24/Apr/2026:12:34:06 +0500] "GET /static/app.js HTTP/1.1" 200 5440 "-" "Mozilla/5.0 (iPhone; CPU iPhone OS 14_0 like Mac OS X)"
10.12.193.140 - - [24/Apr/2026:12:34:06 +0500] "GET /api/v1/csrf HTTP/1.1" 200 348 "-" "Mozilla/5.0 (iPhone; CPU iPhone OS 14_0 like Mac OS X)"
45.142.214.14 - - [24/Apr/2026:12:34:07 +0500] "POST /api/v1/login HTTP/1.1" 401 217 "-" "Mozilla/5.0 (compatible; CredCheck/1.0)"
45.142.214.18 - - [24/Apr/2026:12:34:10 +0500] "POST /api/v1/login HTTP/1.1" 401 638 "-" "Mozilla/5.0 (compatible; CredCheck/1.0)"
10.12.193.140 - - [24/Apr/2026:12:34:15 +0500] "POST /api/v1/login HTTP/1.1" 200 3855 "-" "Mozilla/5.0 (iPhone; CPU iPhone OS 14_0 like Mac OS X)"
45.142.214.10 - - [24/Apr/2026:12:34:16 +0500] "POST /api/v1/login HTTP/1.1" 401 658 "-" "Mozilla/5.0 (compatible; CredCheck/1.0)"
10.12.193.140 - - [24/Apr/2026:12:34:19 +0500] "GET /api/v1/profile HTTP/1.1" 200 3907 "-" "Mozilla/5.0 (iPhone; CPU iPhone OS 14_0 like Mac OS X)"
45.142.214.18 - - [24/Apr/2026:12:34:24 +0500] "POST /api/v1/login HTTP/1.1" 401 215 "-" "Mozilla/5.0 (compatible; CredCheck/1.0)"
10.12.193.140 - - [24/Apr/2026:12:34:27 +0500] "GET /api/v1/transactions HTTP/1.1" 200 2599 "-" "Mozilla/5.0 (iPhone; CPU iPhone OS 14_0 like Mac OS X)"
45.142.214.13 - - [24/Apr/2026:12:34:32 +0500] "POST /api/v1/login HTTP/1.1" 401 673 "-" "Mozilla/5.0 (compatible; CredCheck/1.0)"
10.12.193.140 - - [24/Apr/2026:12:34:32 +0500] "GET /api/v1/balance HTTP/1.1" 200 3349 "-" "Mozilla/5.0 (iPhone; CPU iPhone OS 14_0 like Mac OS X)"
45.142.214.14 - - [24/Apr/2026:12:34:34 +0500] "POST /api/v1/login HTTP/1.1" 401 247 "-" "Mozilla/5.0 (compatible; CredCheck/1.0)"
45.142.214.13 - - [24/Apr/2026:12:34:38 +0500] "POST /api/v1/login HTTP/1.1" 401 224 "-" "Mozilla/5.0 (compatible; CredCheck/1.0)"
45.142.214.14 - - [24/Apr/2026:12:34:43 +0500] "POST /api/v1/login HTTP/1.1" 401 351 "-" "Mozilla/5.0 (compatible; CredCheck/1.0)"
10.12.193.140 - - [24/Apr/2026:12:34:46 +0500] "GET /api/v1/cards HTTP/1.1" 200 1286 "-" "Mozilla/5.0 (iPhone; CPU iPhone OS 14_0 like Mac OS X)"
45.142.214.18 - - [24/Apr/2026:12:34:49 +0500] "POST /api/v1/login HTTP/1.1" 401 423 "-" "Mozilla/5.0 (compatible; CredCheck/1.0)"
45.142.214.10 - - [24/Apr/2026:12:34:54 +0500] "POST /api/v1/login HTTP/1.1" 401 413 "-" "Mozilla/5.0 (compatible; CredCheck/1.0)"
10.12.193.140 - - [24/Apr/2026:12:34:59 +0500] "GET /api/v1/profile HTTP/1.1" 200 2732 "-" "Mozilla/5.0 (iPhone; CPU iPhone OS 14_0 like Mac OS X)"
45.142.214.16 - - [24/Apr/2026:12:35:00 +0500] "POST /api/v1/login HTTP/1.1" 401 428 "-" "Mozilla/5.0 (compatible; CredCheck/1.0)"
45.142.214.10 - - [24/Apr/2026:12:35:02 +0500] "POST /api/v1/login HTTP/1.1" 401 271 "-" "Mozilla/5.0 (compatible; CredCheck/1.0)"
45.142.214.19 - - [24/Apr/2026:12:35:07 +0500] "POST /api/v1/login HTTP/1.1" 401 422 "-" "Mozilla/5.0 (compatible; CredCheck/1.0)"
45.142.214.18 - - [24/Apr/2026:12:35:10 +0500] "POST /api/v1/login HTTP/1.1" 401 525 "-" "Mozilla/5.0 (compatible; CredCheck/1.0)"
10.12.193.140 - - [24/Apr/2026:12:35:13 +0500] "GET /api/v1/cards HTTP/1.1" 200 4415 "-" "Mozilla/5.0 (iPhone; CPU iPhone OS 14_0 like Mac OS X)"
45.142.214.14 - - [24/Apr/2026:12:35:15 +0500] "POST /api/v1/login HTTP/1.1" 200 352 "-" "Mozilla/5.0 (compatible; CredCheck/1.0)"
10.12.193.140 - - [24/Apr/2026:12:35:15 +0500] "GET /api/v1/profile HTTP/1.1" 200 543 "-" "Mozilla/5.0 (iPhone; CPU iPhone OS 14_0 like Mac OS X)"
45.142.214.11 - - [24/Apr/2026:12:35:20 +0500] "POST /api/v1/login HTTP/1.1" 401 256 "-" "Mozilla/5.0 (compatible; CredCheck/1.0)"
45.142.214.12 - - [24/Apr/2026:12:35:27 +0500] "POST /api/v1/login HTTP/1.1" 200 429 "-" "Mozilla/5.0 (compatible; CredCheck/1.0)"
45.142.214.17 - - [24/Apr/2026:12:35:35 +0500] "POST /api/v1/login HTTP/1.1" 401 332 "-" "Mozilla/5.0 (compatible; CredCheck/1.0)"
45.142.214.15 - - [24/Apr/2026:12:35:42 +0500] "POST /api/v1/login HTTP/1.1" 401 298 "-" "Mozilla/5.0 (compatible; CredCheck/1.0)"
45.142.214.10 - - [24/Apr/2026:12:35:45 +0500] "POST /api/v1/login HTTP/1.1" 401 271 "-" "Mozilla/5.0 (compatible; CredCheck/1.0)"
45.142.214.17 - - [24/Apr/2026:12:35:52 +0500] "POST /api/v1/login HTTP/1.1" 401 526 "-" "Mozilla/5.0 (compatible; CredCheck/1.0)"
45.142.214.15 - - [24/Apr/2026:12:35:58 +0500] "POST /api/v1/login HTTP/1.1" 401 201 "-" "Mozilla/5.0 (compatible; CredCheck/1.0)"
199.249.230.89 - - [24/Apr/2026:12:36:00 +0500] "POST /api/v1/login HTTP/1.1" 401 344 "-" "Mozilla/5.0 (X11; Linux x86_64) Gecko/20100101 Firefox/121.0"
45.142.214.14 - - [24/Apr/2026:12:36:05 +0500] "POST /api/v1/login HTTP/1.1" 401 566 "-" "Mozilla/5.0 (compatible; CredCheck/1.0)"
45.142.214.14 - - [24/Apr/2026:12:36:08 +0500] "POST /api/v1/login HTTP/1.1" 401 363 "-" "Mozilla/5.0 (compatible; CredCheck/1.0)"
45.142.214.18 - - [24/Apr/2026:12:36:12 +0500] "POST /api/v1/login HTTP/1.1" 401 209 "-" "Mozilla/5.0 (compatible; CredCheck/1.0)"
45.142.214.12 - - [24/Apr/2026:12:36:16 +0500] "POST /api/v1/login HTTP/1.1" 401 279 "-" "Mozilla/5.0 (compatible; CredCheck/1.0)"
45.142.214.17 - - [24/Apr/2026:12:36:19 +0500] "POST /api/v1/login HTTP/1.1" 401 342 "-" "Mozilla/5.0 (compatible; CredCheck/1.0)"
10.113.62.1 - - [24/Apr/2026:12:36:19 +0500] "GET /login HTTP/1.1" 200 2850 "-" "SQBMobileApp/2.2.1 (iOS 17.0; iPhone15,3)"
10.113.62.1 - - [24/Apr/2026:12:36:19 +0500] "GET /static/app.css HTTP/1.1" 200 7026 "-" "SQBMobileApp/2.2.1 (iOS 17.0; iPhone15,3)"
10.113.62.1 - - [24/Apr/2026:12:36:19 +0500] "GET /static/logo.png HTTP/1.1" 200 4987 "-" "SQBMobileApp/2.2.1 (iOS 17.0; iPhone15,3)"
10.113.62.1 - - [24/Apr/2026:12:36:20 +0500] "GET /favicon.ico HTTP/1.1" 200 2248 "-" "SQBMobileApp/2.2.1 (iOS 17.0; iPhone15,3)"
10.113.62.1 - - [24/Apr/2026:12:36:20 +0500] "GET /api/v1/csrf HTTP/1.1" 200 241 "-" "SQBMobileApp/2.2.1 (iOS 17.0; iPhone15,3)"
45.142.214.18 - - [24/Apr/2026:12:36:25 +0500] "POST /api/v1/login HTTP/1.1" 200 669 "-" "Mozilla/5.0 (compatible; CredCheck/1.0)"
45.142.214.11 - - [24/Apr/2026:12:36:27 +0500] "POST /api/v1/login HTTP/1.1" 401 498 "-" "Mozilla/5.0 (compatible; CredCheck/1.0)"
10.113.62.1 - - [24/Apr/2026:12:36:28 +0500] "POST /api/v1/login HTTP/1.1" 200 3293 "-" "SQBMobileApp/2.2.1 (iOS 17.0; iPhone15,3)"
45.142.214.16 - - [24/Apr/2026:12:36:30 +0500] "POST /api/v1/login HTTP/1.1" 200 200 "-" "Mozilla/5.0 (compatible; CredCheck/1.0)"
10.113.62.1 - - [24/Apr/2026:12:36:30 +0500] "GET /api/v1/cards HTTP/1.1" 404 1657 "-" "SQBMobileApp/2.2.1 (iOS 17.0; iPhone15,3)"
45.142.214.19 - - [24/Apr/2026:12:36:35 +0500] "POST /api/v1/login HTTP/1.1" 401 334 "-" "Mozilla/5.0 (compatible; CredCheck/1.0)"
10.113.62.1 - - [24/Apr/2026:12:36:39 +0500] "GET /api/v1/transactions HTTP/1.1" 200 1664 "-" "SQBMobileApp/2.2.1 (iOS 17.0; iPhone15,3)"
45.142.214.10 - - [24/Apr/2026:12:36:40 +0500] "POST /api/v1/login HTTP/1.1" 401 304 "-" "Mozilla/5.0 (compatible; CredCheck/1.0)"
10.113.62.1 - - [24/Apr/2026:12:36:41 +0500] "GET /api/v1/cards HTTP/1.1" 200 3322 "-" "SQBMobileApp/2.2.1 (iOS 17.0; iPhone15,3)"
45.142.214.13 - - [24/Apr/2026:12:36:42 +0500] "POST /api/v1/login HTTP/1.1" 401 634 "-" "Mozilla/5.0 (compatible; CredCheck/1.0)"
10.113.62.1 - - [24/Apr/2026:12:36:46 +0500] "GET /api/v1/transactions HTTP/1.1" 200 4865 "-" "SQBMobileApp/2.2.1 (iOS 17.0; iPhone15,3)"
45.142.214.11 - - [24/Apr/2026:12:36:50 +0500] "POST /api/v1/login HTTP/1.1" 401 460 "-" "Mozilla/5.0 (compatible; CredCheck/1.0)"
10.113.62.1 - - [24/Apr/2026:12:36:53 +0500] "GET /api/v1/cards HTTP/1.1" 200 4102 "-" "SQBMobileApp/2.2.1 (iOS 17.0; iPhone15,3)"
45.142.214.17 - - [24/Apr/2026:12:36:55 +0500] "POST /api/v1/login HTTP/1.1" 401 484 "-" "Mozilla/5.0 (compatible; CredCheck/1.0)"
45.142.214.17 - - [24/Apr/2026:12:36:59 +0500] "POST /api/v1/login HTTP/1.1" 401 600 "-" "Mozilla/5.0 (compatible; CredCheck/1.0)"
10.113.62.1 - - [24/Apr/2026:12:37:02 +0500] "GET /api/v1/balance HTTP/1.1" 200 698 "-" "SQBMobileApp/2.2.1 (iOS 17.0; iPhone15,3)"
45.142.214.14 - - [24/Apr/2026:12:37:04 +0500] "POST /api/v1/login HTTP/1.1" 401 352 "-" "Mozilla/5.0 (compatible; CredCheck/1.0)"
45.142.214.19 - - [24/Apr/2026:12:37:06 +0500] "POST /api/v1/login HTTP/1.1" 401 389 "-" "Mozilla/5.0 (compatible; CredCheck/1.0)"
45.142.214.14 - - [24/Apr/2026:12:37:09 +0500] "POST /api/v1/login HTTP/1.1" 401 593 "-" "Mozilla/5.0 (compatible; CredCheck/1.0)"
45.142.214.15 - - [24/Apr/2026:12:37:12 +0500] "POST /api/v1/login HTTP/1.1" 401 283 "-" "Mozilla/5.0 (compatible; CredCheck/1.0)"
45.142.214.16 - - [24/Apr/2026:12:37:15 +0500] "POST /api/v1/login HTTP/1.1" 401 523 "-" "Mozilla/5.0 (compatible; CredCheck/1.0)"
10.113.62.1 - - [24/Apr/2026:12:37:16 +0500] "GET /api/v1/balance HTTP/1.1" 200 4465 "-" "SQBMobileApp/2.2.1 (iOS 17.0; iPhone15,3)"
10.113.62.1 - - [24/Apr/2026:12:37:20 +0500] "GET /api/v1/cards HTTP/1.1" 200 3362 "-" "SQBMobileApp/2.2.1 (iOS 17.0; iPhone15,3)"
45.142.214.18 - - [24/Apr/2026:12:37:22 +0500] "POST /api/v1/login HTTP/1.1" 401 490 "-" "Mozilla/5.0 (compatible; CredCheck/1.0)"
45.142.214.18 - - [24/Apr/2026:12:37:28 +0500] "POST /api/v1/login HTTP/1.1" 200 449 "-" "Mozilla/5.0 (compatible; CredCheck/1.0)"
45.142.214.17 - - [24/Apr/2026:12:37:32 +0500] "POST /api/v1/login HTTP/1.1" 401 700 "-" "Mozilla/5.0 (compatible; CredCheck/1.0)"
45.142.214.10 - - [24/Apr/2026:12:37:36 +0500] "POST /api/v1/login HTTP/1.1" 401 380 "-" "Mozilla/5.0 (compatible; CredCheck/1.0)"
45.142.214.12 - - [24/Apr/2026:12:37:40 +0500] "POST /api/v1/login HTTP/1.1" 401 308 "-" "Mozilla/5.0 (compatible; CredCheck/1.0)"
45.142.214.16 - - [24/Apr/2026:12:37:45 +0500] "POST /api/v1/login HTTP/1.1" 401 240 "-" "Mozilla/5.0 (compatible; CredCheck/1.0)"
45.142.214.14 - - [24/Apr/2026:12:37:51 +0500] "POST /api/v1/login HTTP/1.1" 401 525 "-" "Mozilla/5.0 (compatible; CredCheck/1.0)"
45.142.214.14 - - [24/Apr/2026:12:37:57 +0500] "POST /api/v1/login HTTP/1.1" 401 411 "-" "Mozilla/5.0 (compatible; CredCheck/1.0)"
45.142.214.18 - - [24/Apr/2026:12:38:04 +0500] "POST /api/v1/login HTTP/1.1" 401 472 "-" "Mozilla/5.0 (compatible; CredCheck/1.0)"
45.142.214.19 - - [24/Apr/2026:12:38:12 +0500] "POST /api/v1/login HTTP/1.1" 401 539 "-" "Mozilla/5.0 (compatible; CredCheck/1.0)"
45.142.214.16 - - [24/Apr/2026:12:38:20 +0500] "POST /api/v1/login HTTP/1.1" 401 193 "-" "Mozilla/5.0 (compatible; CredCheck/1.0)"
45.142.214.18 - - [24/Apr/2026:12:38:25 +0500] "POST /api/v1/login HTTP/1.1" 401 552 "-" "Mozilla/5.0 (compatible; CredCheck/1.0)"
45.142.214.13 - - [24/Apr/2026:12:38:33 +0500] "POST /api/v1/login HTTP/1.1" 401 566 "-" "Mozilla/5.0 (compatible; CredCheck/1.0)"
45.142.214.10 - - [24/Apr/2026:12:38:37 +0500] "POST /api/v1/login HTTP/1.1" 401 400 "-" "Mozilla/5.0 (compatible; CredCheck/1.0)"
45.142.214.17 - - [24/Apr/2026:12:38:40 +0500] "POST /api/v1/login HTTP/1.1" 401 664 "-" "Mozilla/5.0 (compatible; CredCheck/1.0)"
45.142.214.12 - - [24/Apr/2026:12:38:48 +0500] "POST /api/v1/login HTTP/1.1" 401 374 "-" "Mozilla/5.0 (compatible; CredCheck/1.0)"
45.142.214.10 - - [24/Apr/2026:12:38:52 +0500] "POST /api/v1/login HTTP/1.1" 401 283 "-" "Mozilla/5.0 (compatible; CredCheck/1.0)"
45.142.214.13 - - [24/Apr/2026:12:38:54 +0500] "POST /api/v1/login HTTP/1.1" 401 648 "-" "Mozilla/5.0 (compatible; CredCheck/1.0)"
45.142.214.15 - - [24/Apr/2026:12:39:00 +0500] "POST /api/v1/login HTTP/1.1" 401 280 "-" "Mozilla/5.0 (compatible; CredCheck/1.0)"
45.142.214.13 - - [24/Apr/2026:12:39:05 +0500] "POST /api/v1/login HTTP/1.1" 401 183 "-" "Mozilla/5.0 (compatible; CredCheck/1.0)"
45.142.214.11 - - [24/Apr/2026:12:39:07 +0500] "POST /api/v1/login HTTP/1.1" 401 334 "-" "Mozilla/5.0 (compatible; CredCheck/1.0)"
45.142.214.16 - - [24/Apr/2026:12:39:12 +0500] "POST /api/v1/login HTTP/1.1" 401 288 "-" "Mozilla/5.0 (compatible; CredCheck/1.0)"
45.142.214.13 - - [24/Apr/2026:12:39:20 +0500] "POST /api/v1/login HTTP/1.1" 401 677 "-" "Mozilla/5.0 (compatible; CredCheck/1.0)"
45.142.214.19 - - [24/Apr/2026:12:39:24 +0500] "POST /api/v1/login HTTP/1.1" 401 268 "-" "Mozilla/5.0 (compatible; CredCheck/1.0)"
45.142.214.13 - - [24/Apr/2026:12:39:28 +0500] "POST /api/v1/login HTTP/1.1" 401 657 "-" "Mozilla/5.0 (compatible; CredCheck/1.0)"
45.142.214.11 - - [24/Apr/2026:12:39:36 +0500] "POST /api/v1/login HTTP/1.1" 401 613 "-" "Mozilla/5.0 (compatible; CredCheck/1.0)"
45.142.214.12 - - [24/Apr/2026:12:39:44 +0500] "POST /api/v1/login HTTP/1.1" 401 654 "-" "Mozilla/5.0 (compatible; CredCheck/1.0)"
45.142.214.11 - - [24/Apr/2026:12:39:49 +0500] "POST /api/v1/login HTTP/1.1" 401 242 "-" "Mozilla/5.0 (compatible; CredCheck/1.0)"
45.142.214.17 - - [24/Apr/2026:12:39:54 +0500] "POST /api/v1/login HTTP/1.1" 401 280 "-" "Mozilla/5.0 (compatible; CredCheck/1.0)"
45.142.214.16 - - [24/Apr/2026:12:39:56 +0500] "POST /api/v1/login HTTP/1.1" 401 250 "-" "Mozilla/5.0 (compatible; CredCheck/1.0)"
45.142.214.18 - - [24/Apr/2026:12:40:00 +0500] "POST /api/v1/login HTTP/1.1" 401 614 "-" "Mozilla/5.0 (compatible; CredCheck/1.0)"
45.142.214.15 - - [24/Apr/2026:12:40:02 +0500] "POST /api/v1/login HTTP/1.1" 200 191 "-" "Mozilla/5.0 (compatible; CredCheck/1.0)"
45.142.214.12 - - [24/Apr/2026:12:40:10 +0500] "POST /api/v1/login HTTP/1.1" 401 494 "-" "Mozilla/5.0 (compatible; CredCheck/1.0)"
45.142.214.16 - - [24/Apr/2026:12:40:14 +0500] "POST /api/v1/login HTTP/1.1" 401 411 "-" "Mozilla/5.0 (compatible; CredCheck/1.0)"
45.142.214.11 - - [24/Apr/2026:12:40:18 +0500] "POST /api/v1/login HTTP/1.1" 401 264 "-" "Mozilla/5.0 (compatible; CredCheck/1.0)"
45.142.214.19 - - [24/Apr/2026:12:40:24 +0500] "POST /api/v1/login HTTP/1.1" 401 617 "-" "Mozilla/5.0 (compatible; CredCheck/1.0)"
45.142.214.19 - - [24/Apr/2026:12:40:32 +0500] "POST /api/v1/login HTTP/1.1" 401 498 "-" "Mozilla/5.0 (compatible; CredCheck/1.0)"
45.142.214.19 - - [24/Apr/2026:12:40:35 +0500] "POST /api/v1/login HTTP/1.1" 401 609 "-" "Mozilla/5.0 (compatible; CredCheck/1.0)"
45.142.214.10 - - [24/Apr/2026:12:40:39 +0500] "POST /api/v1/login HTTP/1.1" 401 437 "-" "Mozilla/5.0 (compatible; CredCheck/1.0)"
45.142.214.17 - - [24/Apr/2026:12:40:45 +0500] "POST /api/v1/login HTTP/1.1" 401 446 "-" "Mozilla/5.0 (compatible; CredCheck/1.0)"
45.142.214.19 - - [24/Apr/2026:12:40:48 +0500] "POST /api/v1/login HTTP/1.1" 401 546 "-" "Mozilla/5.0 (compatible; CredCheck/1.0)"
45.142.214.18 - - [24/Apr/2026:12:40:56 +0500] "POST /api/v1/login HTTP/1.1" 401 451 "-" "Mozilla/5.0 (compatible; CredCheck/1.0)"
45.142.214.11 - - [24/Apr/2026:12:41:00 +0500] "POST /api/v1/login HTTP/1.1" 401 432 "-" "Mozilla/5.0 (compatible; CredCheck/1.0)"
199.249.230.89 - - [24/Apr/2026:12:41:00 +0500] "POST /api/v1/login HTTP/1.1" 401 190 "-" "Mozilla/5.0 (X11; Linux x86_64) Gecko/20100101 Firefox/121.0"
45.142.214.13 - - [24/Apr/2026:12:41:02 +0500] "POST /api/v1/login HTTP/1.1" 401 525 "-" "Mozilla/5.0 (compatible; CredCheck/1.0)"
45.142.214.15 - - [24/Apr/2026:12:41:09 +0500] "POST /api/v1/login HTTP/1.1" 401 305 "-" "Mozilla/5.0 (compatible; CredCheck/1.0)"
45.142.214.15 - - [24/Apr/2026:12:41:16 +0500] "POST /api/v1/login HTTP/1.1" 401 614 "-" "Mozilla/5.0 (compatible; CredCheck/1.0)"
45.142.214.17 - - [24/Apr/2026:12:41:22 +0500] "POST /api/v1/login HTTP/1.1" 401 289 "-" "Mozilla/5.0 (compatible; CredCheck/1.0)"
45.142.214.16 - - [24/Apr/2026:12:41:26 +0500] "POST /api/v1/login HTTP/1.1" 401 643 "-" "Mozilla/5.0 (compatible; CredCheck/1.0)"
45.142.214.15 - - [24/Apr/2026:12:41:32 +0500] "POST /api/v1/login HTTP/1.1" 401 546 "-" "Mozilla/5.0 (compatible; CredCheck/1.0)"
45.142.214.15 - - [24/Apr/2026:12:41:34 +0500] "POST /api/v1/login HTTP/1.1" 401 539 "-" "Mozilla/5.0 (compatible; CredCheck/1.0)"
45.142.214.14 - - [24/Apr/2026:12:41:42 +0500] "POST /api/v1/login HTTP/1.1" 401 190 "-" "Mozilla/5.0 (compatible; CredCheck/1.0)"
45.142.214.16 - - [24/Apr/2026:12:41:46 +0500] "POST /api/v1/login HTTP/1.1" 401 203 "-" "Mozilla/5.0 (compatible; CredCheck/1.0)"
45.142.214.14 - - [24/Apr/2026:12:41:54 +0500] "POST /api/v1/login HTTP/1.1" 401 235 "-" "Mozilla/5.0 (compatible; CredCheck/1.0)"
45.142.214.15 - - [24/Apr/2026:12:41:56 +0500] "POST /api/v1/login HTTP/1.1" 401 573 "-" "Mozilla/5.0 (compatible; CredCheck/1.0)"
45.142.214.14 - - [24/Apr/2026:12:42:00 +0500] "POST /api/v1/login HTTP/1.1" 401 403 "-" "Mozilla/5.0 (compatible; CredCheck/1.0)"
45.142.214.11 - - [24/Apr/2026:12:42:02 +0500] "POST /api/v1/login HTTP/1.1" 401 230 "-" "Mozilla/5.0 (compatible; CredCheck/1.0)"
45.142.214.15 - - [24/Apr/2026:12:42:09 +0500] "POST /api/v1/login HTTP/1.1" 200 647 "-" "Mozilla/5.0 (compatible; CredCheck/1.0)"
45.142.214.19 - - [24/Apr/2026:12:42:11 +0500] "POST /api/v1/login HTTP/1.1" 401 235 "-" "Mozilla/5.0 (compatible; CredCheck/1.0)"
45.142.214.12 - - [24/Apr/2026:12:42:15 +0500] "POST /api/v1/login HTTP/1.1" 401 608 "-" "Mozilla/5.0 (compatible; CredCheck/1.0)"
45.142.214.11 - - [24/Apr/2026:12:42:18 +0500] "POST /api/v1/login HTTP/1.1" 401 248 "-" "Mozilla/5.0 (compatible; CredCheck/1.0)"
45.142.214.11 - - [24/Apr/2026:12:42:20 +0500] "POST /api/v1/login HTTP/1.1" 200 577 "-" "Mozilla/5.0 (compatible; CredCheck/1.0)"
45.142.214.12 - - [24/Apr/2026:12:42:22 +0500] "POST /api/v1/login HTTP/1.1" 401 204 "-" "Mozilla/5.0 (compatible; CredCheck/1.0)"
45.142.214.14 - - [24/Apr/2026:12:42:30 +0500] "POST /api/v1/login HTTP/1.1" 401 559 "-" "Mozilla/5.0 (compatible; CredCheck/1.0)"
45.142.214.17 - - [24/Apr/2026:12:42:36 +0500] "POST /api/v1/login HTTP/1.1" 401 232 "-" "Mozilla/5.0 (compatible; CredCheck/1.0)"
45.142.214.14 - - [24/Apr/2026:12:42:41 +0500] "POST /api/v1/login HTTP/1.1" 401 348 "-" "Mozilla/5.0 (compatible; CredCheck/1.0)"
10.143.193.146 - - [24/Apr/2026:12:42:43 +0500] "GET /login HTTP/1.1" 200 3638 "-" "Mozilla/5.0 (iPhone; CPU iPhone OS 14_0 like Mac OS X)"
10.143.193.146 - - [24/Apr/2026:12:42:43 +0500] "GET /static/logo.png HTTP/1.1" 200 6927 "-" "Mozilla/5.0 (iPhone; CPU iPhone OS 14_0 like Mac OS X)"
10.143.193.146 - - [24/Apr/2026:12:42:43 +0500] "GET /api/v1/csrf HTTP/1.1" 200 248 "-" "Mozilla/5.0 (iPhone; CPU iPhone OS 14_0 like Mac OS X)"
45.142.214.16 - - [24/Apr/2026:12:42:47 +0500] "POST /api/v1/login HTTP/1.1" 401 250 "-" "Mozilla/5.0 (compatible; CredCheck/1.0)"
10.143.193.146 - - [24/Apr/2026:12:42:50 +0500] "POST /api/v1/login HTTP/1.1" 200 2285 "-" "Mozilla/5.0 (iPhone; CPU iPhone OS 14_0 like Mac OS X)"
45.142.214.19 - - [24/Apr/2026:12:42:52 +0500] "POST /api/v1/login HTTP/1.1" 401 669 "-" "Mozilla/5.0 (compatible; CredCheck/1.0)"
10.143.193.146 - - [24/Apr/2026:12:42:53 +0500] "GET /api/v1/profile HTTP/1.1" 200 900 "-" "Mozilla/5.0 (iPhone; CPU iPhone OS 14_0 like Mac OS X)"
45.142.214.12 - - [24/Apr/2026:12:42:57 +0500] "POST /api/v1/login HTTP/1.1" 401 474 "-" "Mozilla/5.0 (compatible; CredCheck/1.0)"
45.142.214.11 - - [24/Apr/2026:12:43:05 +0500] "POST /api/v1/login HTTP/1.1" 401 620 "-" "Mozilla/5.0 (compatible; CredCheck/1.0)"
45.142.214.14 - - [24/Apr/2026:12:43:08 +0500] "POST /api/v1/login HTTP/1.1" 200 653 "-" "Mozilla/5.0 (compatible; CredCheck/1.0)"
10.143.193.146 - - [24/Apr/2026:12:43:08 +0500] "GET /api/v1/cards HTTP/1.1" 200 2040 "-" "Mozilla/5.0 (iPhone; CPU iPhone OS 14_0 like Mac OS X)"
45.142.214.19 - - [24/Apr/2026:12:43:14 +0500] "POST /api/v1/login HTTP/1.1" 401 509 "-" "Mozilla/5.0 (compatible; CredCheck/1.0)"
45.142.214.14 - - [24/Apr/2026:12:43:17 +0500] "POST /api/v1/login HTTP/1.1" 401 285 "-" "Mozilla/5.0 (compatible; CredCheck/1.0)"
10.143.193.146 - - [24/Apr/2026:12:43:18 +0500] "GET /api/v1/balance HTTP/1.1" 200 430 "-" "Mozilla/5.0 (iPhone; CPU iPhone OS 14_0 like Mac OS X)"
45.142.214.17 - - [24/Apr/2026:12:43:20 +0500] "POST /api/v1/login HTTP/1.1" 401 548 "-" "Mozilla/5.0 (compatible; CredCheck/1.0)"
45.142.214.11 - - [24/Apr/2026:12:43:25 +0500] "POST /api/v1/login HTTP/1.1" 401 190 "-" "Mozilla/5.0 (compatible; CredCheck/1.0)"
10.143.193.146 - - [24/Apr/2026:12:43:27 +0500] "POST /api/v1/transfers HTTP/1.1" 200 728 "-" "Mozilla/5.0 (iPhone; CPU iPhone OS 14_0 like Mac OS X)"
45.142.214.19 - - [24/Apr/2026:12:43:29 +0500] "POST /api/v1/login HTTP/1.1" 401 463 "-" "Mozilla/5.0 (compatible; CredCheck/1.0)"
45.142.214.13 - - [24/Apr/2026:12:43:35 +0500] "POST /api/v1/login HTTP/1.1" 401 442 "-" "Mozilla/5.0 (compatible; CredCheck/1.0)"
45.142.214.14 - - [24/Apr/2026:12:43:37 +0500] "POST /api/v1/login HTTP/1.1" 401 293 "-" "Mozilla/5.0 (compatible; CredCheck/1.0)"
45.142.214.18 - - [24/Apr/2026:12:43:45 +0500] "POST /api/v1/login HTTP/1.1" 401 410 "-" "Mozilla/5.0 (compatible; CredCheck/1.0)"
45.142.214.18 - - [24/Apr/2026:12:43:50 +0500] "POST /api/v1/login HTTP/1.1" 401 320 "-" "Mozilla/5.0 (compatible; CredCheck/1.0)"
45.142.214.12 - - [24/Apr/2026:12:43:53 +0500] "POST /api/v1/login HTTP/1.1" 401 438 "-" "Mozilla/5.0 (compatible; CredCheck/1.0)"
45.142.214.11 - - [24/Apr/2026:12:44:00 +0500] "POST /api/v1/login HTTP/1.1" 401 662 "-" "Mozilla/5.0 (compatible; CredCheck/1.0)"
45.142.214.13 - - [24/Apr/2026:12:44:04 +0500] "POST /api/v1/login HTTP/1.1" 401 362 "-" "Mozilla/5.0 (compatible; CredCheck/1.0)"
45.142.214.17 - - [24/Apr/2026:12:44:08 +0500] "POST /api/v1/login HTTP/1.1" 401 318 "-" "Mozilla/5.0 (compatible; CredCheck/1.0)"
45.142.214.14 - - [24/Apr/2026:12:44:14 +0500] "POST /api/v1/login HTTP/1.1" 401 230 "-" "Mozilla/5.0 (compatible; CredCheck/1.0)"
45.142.214.15 - - [24/Apr/2026:12:44:20 +0500] "POST /api/v1/login HTTP/1.1" 401 411 "-" "Mozilla/5.0 (compatible; CredCheck/1.0)"
45.142.214.14 - - [24/Apr/2026:12:44:27 +0500] "POST /api/v1/login HTTP/1.1" 401 214 "-" "Mozilla/5.0 (compatible; CredCheck/1.0)"
45.142.214.12 - - [24/Apr/2026:12:44:31 +0500] "POST /api/v1/login HTTP/1.1" 401 582 "-" "Mozilla/5.0 (compatible; CredCheck/1.0)"
45.142.214.11 - - [24/Apr/2026:12:44:39 +0500] "POST /api/v1/login HTTP/1.1" 401 306 "-" "Mozilla/5.0 (compatible; CredCheck/1.0)"
45.142.214.16 - - [24/Apr/2026:12:44:43 +0500] "POST /api/v1/login HTTP/1.1" 401 503 "-" "Mozilla/5.0 (compatible; CredCheck/1.0)"
45.142.214.14 - - [24/Apr/2026:12:44:47 +0500] "POST /api/v1/login HTTP/1.1" 401 228 "-" "Mozilla/5.0 (compatible; CredCheck/1.0)"
45.142.214.14 - - [24/Apr/2026:12:44:49 +0500] "POST /api/v1/login HTTP/1.1" 401 272 "-" "Mozilla/5.0 (compatible; CredCheck/1.0)"
45.142.214.13 - - [24/Apr/2026:12:44:52 +0500] "POST /api/v1/login HTTP/1.1" 200 191 "-" "Mozilla/5.0 (compatible; CredCheck/1.0)"
45.142.214.15 - - [24/Apr/2026:12:44:54 +0500] "POST /api/v1/login HTTP/1.1" 401 506 "-" "Mozilla/5.0 (compatible; CredCheck/1.0)"
45.142.214.14 - - [24/Apr/2026:12:44:56 +0500] "POST /api/v1/login HTTP/1.1" 401 601 "-" "Mozilla/5.0 (compatible; CredCheck/1.0)"
199.249.230.89 - - [24/Apr/2026:12:45:00 +0500] "POST /api/v1/login HTTP/1.1" 401 296 "-" "Mozilla/5.0 (X11; Linux x86_64) Gecko/20100101 Firefox/121.0"
45.142.214.15 - - [24/Apr/2026:12:45:03 +0500] "POST /api/v1/login HTTP/1.1" 401 404 "-" "Mozilla/5.0 (compatible; CredCheck/1.0)"
45.142.214.15 - - [24/Apr/2026:12:45:05 +0500] "POST /api/v1/login HTTP/1.1" 401 684 "-" "Mozilla/5.0 (compatible; CredCheck/1.0)"
45.142.214.17 - - [24/Apr/2026:12:45:12 +0500] "POST /api/v1/login HTTP/1.1" 401 243 "-" "Mozilla/5.0 (compatible; CredCheck/1.0)"
45.142.214.15 - - [24/Apr/2026:12:45:19 +0500] "POST /api/v1/login HTTP/1.1" 401 386 "-" "Mozilla/5.0 (compatible; CredCheck/1.0)"
45.142.214.14 - - [24/Apr/2026:12:45:25 +0500] "POST /api/v1/login HTTP/1.1" 401 532 "-" "Mozilla/5.0 (compatible; CredCheck/1.0)"
45.142.214.16 - - [24/Apr/2026:12:45:33 +0500] "POST /api/v1/login HTTP/1.1" 401 262 "-" "Mozilla/5.0 (compatible; CredCheck/1.0)"
45.142.214.10 - - [24/Apr/2026:12:45:40 +0500] "POST /api/v1/login HTTP/1.1" 401 233 "-" "Mozilla/5.0 (compatible; CredCheck/1.0)"
45.142.214.19 - - [24/Apr/2026:12:45:47 +0500] "POST /api/v1/login HTTP/1.1" 401 329 "-" "Mozilla/5.0 (compatible; CredCheck/1.0)"
45.142.214.17 - - [24/Apr/2026:12:45:55 +0500] "POST /api/v1/login HTTP/1.1" 401 544 "-" "Mozilla/5.0 (compatible; CredCheck/1.0)"
45.142.214.14 - - [24/Apr/2026:12:45:57 +0500] "POST /api/v1/login HTTP/1.1" 401 612 "-" "Mozilla/5.0 (compatible; CredCheck/1.0)"
45.142.214.13 - - [24/Apr/2026:12:46:00 +0500] "POST /api/v1/login HTTP/1.1" 401 398 "-" "Mozilla/5.0 (compatible; CredCheck/1.0)"
45.142.214.10 - - [24/Apr/2026:12:46:05 +0500] "POST /api/v1/login HTTP/1.1" 401 666 "-" "Mozilla/5.0 (compatible; CredCheck/1.0)"
45.142.214.12 - - [24/Apr/2026:12:46:09 +0500] "POST /api/v1/login HTTP/1.1" 401 315 "-" "Mozilla/5.0 (compatible; CredCheck/1.0)"
45.142.214.13 - - [24/Apr/2026:12:46:17 +0500] "POST /api/v1/login HTTP/1.1" 401 488 "-" "Mozilla/5.0 (compatible; CredCheck/1.0)"
45.142.214.14 - - [24/Apr/2026:12:46:20 +0500] "POST /api/v1/login HTTP/1.1" 401 473 "-" "Mozilla/5.0 (compatible; CredCheck/1.0)"
45.142.214.16 - - [24/Apr/2026:12:46:25 +0500] "POST /api/v1/login HTTP/1.1" 401 385 "-" "Mozilla/5.0 (compatible; CredCheck/1.0)"
45.142.214.16 - - [24/Apr/2026:12:46:27 +0500] "POST /api/v1/login HTTP/1.1" 401 556 "-" "Mozilla/5.0 (compatible; CredCheck/1.0)"
45.142.214.13 - - [24/Apr/2026:12:46:35 +0500] "POST /api/v1/login HTTP/1.1" 401 681 "-" "Mozilla/5.0 (compatible; CredCheck/1.0)"
45.142.214.15 - - [24/Apr/2026:12:46:39 +0500] "POST /api/v1/login HTTP/1.1" 200 424 "-" "Mozilla/5.0 (compatible; CredCheck/1.0)"
45.142.214.15 - - [24/Apr/2026:12:46:46 +0500] "POST /api/v1/login HTTP/1.1" 401 379 "-" "Mozilla/5.0 (compatible; CredCheck/1.0)"
45.142.214.14 - - [24/Apr/2026:12:46:53 +0500] "POST /api/v1/login HTTP/1.1" 401 651 "-" "Mozilla/5.0 (compatible; CredCheck/1.0)"
45.142.214.13 - - [24/Apr/2026:12:46:56 +0500] "POST /api/v1/login HTTP/1.1" 401 410 "-" "Mozilla/5.0 (compatible; CredCheck/1.0)"
45.142.214.19 - - [24/Apr/2026:12:47:00 +0500] "POST /api/v1/login HTTP/1.1" 401 645 "-" "Mozilla/5.0 (compatible; CredCheck/1.0)"
45.142.214.14 - - [24/Apr/2026:12:47:02 +0500] "POST /api/v1/login HTTP/1.1" 401 477 "-" "Mozilla/5.0 (compatible; CredCheck/1.0)"
45.142.214.11 - - [24/Apr/2026:12:47:09 +0500] "POST /api/v1/login HTTP/1.1" 401 462 "-" "Mozilla/5.0 (compatible; CredCheck/1.0)"
10.176.147.203 - - [24/Apr/2026:12:47:13 +0500] "GET /login HTTP/1.1" 200 2901 "-" "Mozilla/5.0 (Linux; Android 14) AppleWebKit/537.36 Chrome/120.0"
10.176.147.203 - - [24/Apr/2026:12:47:13 +0500] "GET /static/app.css HTTP/1.1" 200 2700 "-" "Mozilla/5.0 (Linux; Android 14) AppleWebKit/537.36 Chrome/120.0"
10.176.147.203 - - [24/Apr/2026:12:47:13 +0500] "GET /static/logo.png HTTP/1.1" 200 3869 "-" "Mozilla/5.0 (Linux; Android 14) AppleWebKit/537.36 Chrome/120.0"
10.176.147.203 - - [24/Apr/2026:12:47:14 +0500] "GET /static/app.js HTTP/1.1" 200 3287 "-" "Mozilla/5.0 (Linux; Android 14) AppleWebKit/537.36 Chrome/120.0"
10.176.147.203 - - [24/Apr/2026:12:47:14 +0500] "GET /api/v1/csrf HTTP/1.1" 200 316 "-" "Mozilla/5.0 (Linux; Android 14) AppleWebKit/537.36 Chrome/120.0"
45.142.214.17 - - [24/Apr/2026:12:47:17 +0500] "POST /api/v1/login HTTP/1.1" 401 248 "-" "Mozilla/5.0 (compatible; CredCheck/1.0)"
10.176.147.203 - - [24/Apr/2026:12:47:20 +0500] "POST /api/v1/login HTTP/1.1" 200 1602 "-" "Mozilla/5.0 (Linux; Android 14) AppleWebKit/537.36 Chrome/120.0"
10.176.147.203 - - [24/Apr/2026:12:47:22 +0500] "GET /api/v1/balance HTTP/1.1" 200 625 "-" "Mozilla/5.0 (Linux; Android 14) AppleWebKit/537.36 Chrome/120.0"
45.142.214.16 - - [24/Apr/2026:12:47:25 +0500] "POST /api/v1/login HTTP/1.1" 401 621 "-" "Mozilla/5.0 (compatible; CredCheck/1.0)"
10.176.147.203 - - [24/Apr/2026:12:47:27 +0500] "GET /api/v1/profile HTTP/1.1" 200 2911 "-" "Mozilla/5.0 (Linux; Android 14) AppleWebKit/537.36 Chrome/120.0"
45.142.214.15 - - [24/Apr/2026:12:47:32 +0500] "POST /api/v1/login HTTP/1.1" 401 302 "-" "Mozilla/5.0 (compatible; CredCheck/1.0)"
45.142.214.14 - - [24/Apr/2026:12:47:39 +0500] "POST /api/v1/login HTTP/1.1" 401 236 "-" "Mozilla/5.0 (compatible; CredCheck/1.0)"
10.176.147.203 - - [24/Apr/2026:12:47:42 +0500] "GET /api/v1/profile HTTP/1.1" 200 4457 "-" "Mozilla/5.0 (Linux; Android 14) AppleWebKit/537.36 Chrome/120.0"
45.142.214.12 - - [24/Apr/2026:12:47:45 +0500] "POST /api/v1/login HTTP/1.1" 401 513 "-" "Mozilla/5.0 (compatible; CredCheck/1.0)"
10.176.147.203 - - [24/Apr/2026:12:47:47 +0500] "GET /api/v1/balance HTTP/1.1" 200 1711 "-" "Mozilla/5.0 (Linux; Android 14) AppleWebKit/537.36 Chrome/120.0"
45.142.214.19 - - [24/Apr/2026:12:47:53 +0500] "POST /api/v1/login HTTP/1.1" 401 411 "-" "Mozilla/5.0 (compatible; CredCheck/1.0)"
45.142.214.19 - - [24/Apr/2026:12:47:57 +0500] "POST /api/v1/login HTTP/1.1" 401 193 "-" "Mozilla/5.0 (compatible; CredCheck/1.0)"
